 SALTStabilizationInnerOuterLoop_sfun

 Timestamp is 520d729b (Thu Aug 15 17:30:19 2013)

 Preferred load address is 0000000180000000

 Start         Length     Name                   Class
 0001:00000000 0004dec4H .text                   CODE
 0001:0004ded0 00000092H .text$x                 CODE
 0002:00000000 00000458H .idata$5                DATA
 0002:00000458 00000008H .CRT$XCA                DATA
 0002:00000460 00000008H .CRT$XCZ                DATA
 0002:00000468 00000008H .CRT$XIA                DATA
 0002:00000470 00000008H .CRT$XIAA               DATA
 0002:00000478 00000008H .CRT$XIZ                DATA
 0002:00000480 00004a9cH .rdata                  DATA
 0002:00004f20 00000008H .rtc$IAA                DATA
 0002:00004f28 00000008H .rtc$IZZ                DATA
 0002:00004f30 00000008H .rtc$TAA                DATA
 0002:00004f38 00000008H .rtc$TZZ                DATA
 0002:00004f40 000045b4H .xdata                  DATA
 0002:000094f4 0000008cH .idata$2                DATA
 0002:00009580 00000014H .idata$3                DATA
 0002:00009598 00000458H .idata$4                DATA
 0002:000099f0 00000a0cH .idata$6                DATA
 0002:0000a400 0000006aH .edata                  DATA
 0003:00000000 000059a8H .data                   DATA
 0003:000059c0 00002698H .bss                    DATA
 0004:00000000 00003a20H .pdata                  DATA

  Address         Publics by Value              Rva+Base               Lib:Object

 0000:00000000       ___safe_se_handler_table   0000000000000000     <absolute>
 0000:00000000       ___safe_se_handler_count   0000000000000000     <absolute>
 0000:00000000       __ImageBase                0000000180000000     <linker-defined>
 0001:00000000       sf_c1_SALTStabilizationInnerOuterLoop_get_eml_resolved_functions_info 0000000180001000 f   c1_SALTStabilizationInnerOuterLoop.obj
 0001:00000590       sf_c1_SALTStabilizationInnerOuterLoop_get_check_sum 0000000180001590 f   c1_SALTStabilizationInnerOuterLoop.obj
 0001:00000610       sf_c1_SALTStabilizationInnerOuterLoop_get_autoinheritance_info 0000000180001610 f   c1_SALTStabilizationInnerOuterLoop.obj
 0001:00000a30       sf_internal_get_sim_state_c1_SALTStabilizationInnerOuterLoop 0000000180001a30 f   c1_SALTStabilizationInnerOuterLoop.obj
 0001:00000d80       sf_internal_set_sim_state_c1_SALTStabilizationInnerOuterLoop 0000000180001d80 f   c1_SALTStabilizationInnerOuterLoop.obj
 0001:00001170       c1_SALTStabilizationInnerOuterLoop_method_dispatcher 0000000180002170 f   c1_SALTStabilizationInnerOuterLoop.obj
 0001:00002920       sf_c2_SALTStabilizationInnerOuterLoop_get_eml_resolved_functions_info 0000000180003920 f   c2_SALTStabilizationInnerOuterLoop.obj
 0001:00002fb0       sf_c2_SALTStabilizationInnerOuterLoop_get_check_sum 0000000180003fb0 f   c2_SALTStabilizationInnerOuterLoop.obj
 0001:00003030       sf_c2_SALTStabilizationInnerOuterLoop_get_autoinheritance_info 0000000180004030 f   c2_SALTStabilizationInnerOuterLoop.obj
 0001:00003450       sf_internal_get_sim_state_c2_SALTStabilizationInnerOuterLoop 0000000180004450 f   c2_SALTStabilizationInnerOuterLoop.obj
 0001:000037a0       sf_internal_set_sim_state_c2_SALTStabilizationInnerOuterLoop 00000001800047a0 f   c2_SALTStabilizationInnerOuterLoop.obj
 0001:00003b90       c2_SALTStabilizationInnerOuterLoop_method_dispatcher 0000000180004b90 f   c2_SALTStabilizationInnerOuterLoop.obj
 0001:000053a0       sf_c3_SALTStabilizationInnerOuterLoop_get_eml_resolved_functions_info 00000001800063a0 f   c3_SALTStabilizationInnerOuterLoop.obj
 0001:000059c0       sf_c3_SALTStabilizationInnerOuterLoop_get_check_sum 00000001800069c0 f   c3_SALTStabilizationInnerOuterLoop.obj
 0001:00005a40       sf_c3_SALTStabilizationInnerOuterLoop_get_autoinheritance_info 0000000180006a40 f   c3_SALTStabilizationInnerOuterLoop.obj
 0001:00005e60       sf_internal_get_sim_state_c3_SALTStabilizationInnerOuterLoop 0000000180006e60 f   c3_SALTStabilizationInnerOuterLoop.obj
 0001:000061b0       sf_internal_set_sim_state_c3_SALTStabilizationInnerOuterLoop 00000001800071b0 f   c3_SALTStabilizationInnerOuterLoop.obj
 0001:000065a0       c3_SALTStabilizationInnerOuterLoop_method_dispatcher 00000001800075a0 f   c3_SALTStabilizationInnerOuterLoop.obj
 0001:00007d50       sf_c4_SALTStabilizationInnerOuterLoop_get_eml_resolved_functions_info 0000000180008d50 f   c4_SALTStabilizationInnerOuterLoop.obj
 0001:00008360       sf_c4_SALTStabilizationInnerOuterLoop_get_check_sum 0000000180009360 f   c4_SALTStabilizationInnerOuterLoop.obj
 0001:000083e0       sf_c4_SALTStabilizationInnerOuterLoop_get_autoinheritance_info 00000001800093e0 f   c4_SALTStabilizationInnerOuterLoop.obj
 0001:00008800       sf_internal_get_sim_state_c4_SALTStabilizationInnerOuterLoop 0000000180009800 f   c4_SALTStabilizationInnerOuterLoop.obj
 0001:00008b50       sf_internal_set_sim_state_c4_SALTStabilizationInnerOuterLoop 0000000180009b50 f   c4_SALTStabilizationInnerOuterLoop.obj
 0001:00008f40       c4_SALTStabilizationInnerOuterLoop_method_dispatcher 0000000180009f40 f   c4_SALTStabilizationInnerOuterLoop.obj
 0001:0000a730       sf_c5_SALTStabilizationInnerOuterLoop_get_eml_resolved_functions_info 000000018000b730 f   c5_SALTStabilizationInnerOuterLoop.obj
 0001:0000ad50       sf_c5_SALTStabilizationInnerOuterLoop_get_check_sum 000000018000bd50 f   c5_SALTStabilizationInnerOuterLoop.obj
 0001:0000add0       sf_c5_SALTStabilizationInnerOuterLoop_get_autoinheritance_info 000000018000bdd0 f   c5_SALTStabilizationInnerOuterLoop.obj
 0001:0000b1f0       sf_internal_get_sim_state_c5_SALTStabilizationInnerOuterLoop 000000018000c1f0 f   c5_SALTStabilizationInnerOuterLoop.obj
 0001:0000b540       sf_internal_set_sim_state_c5_SALTStabilizationInnerOuterLoop 000000018000c540 f   c5_SALTStabilizationInnerOuterLoop.obj
 0001:0000b930       c5_SALTStabilizationInnerOuterLoop_method_dispatcher 000000018000c930 f   c5_SALTStabilizationInnerOuterLoop.obj
 0001:0000d0e0       sf_c6_SALTStabilizationInnerOuterLoop_get_eml_resolved_functions_info 000000018000e0e0 f   c6_SALTStabilizationInnerOuterLoop.obj
 0001:0000d670       sf_c6_SALTStabilizationInnerOuterLoop_get_check_sum 000000018000e670 f   c6_SALTStabilizationInnerOuterLoop.obj
 0001:0000d6f0       sf_c6_SALTStabilizationInnerOuterLoop_get_autoinheritance_info 000000018000e6f0 f   c6_SALTStabilizationInnerOuterLoop.obj
 0001:0000db10       sf_internal_get_sim_state_c6_SALTStabilizationInnerOuterLoop 000000018000eb10 f   c6_SALTStabilizationInnerOuterLoop.obj
 0001:0000de60       sf_internal_set_sim_state_c6_SALTStabilizationInnerOuterLoop 000000018000ee60 f   c6_SALTStabilizationInnerOuterLoop.obj
 0001:0000e250       c6_SALTStabilizationInnerOuterLoop_method_dispatcher 000000018000f250 f   c6_SALTStabilizationInnerOuterLoop.obj
 0001:0000fa00       sf_c7_SALTStabilizationInnerOuterLoop_get_eml_resolved_functions_info 0000000180010a00 f   c7_SALTStabilizationInnerOuterLoop.obj
 0001:00010060       sf_c7_SALTStabilizationInnerOuterLoop_get_check_sum 0000000180011060 f   c7_SALTStabilizationInnerOuterLoop.obj
 0001:000100e0       sf_c7_SALTStabilizationInnerOuterLoop_get_autoinheritance_info 00000001800110e0 f   c7_SALTStabilizationInnerOuterLoop.obj
 0001:00010b70       sf_internal_get_sim_state_c7_SALTStabilizationInnerOuterLoop 0000000180011b70 f   c7_SALTStabilizationInnerOuterLoop.obj
 0001:00011100       sf_internal_set_sim_state_c7_SALTStabilizationInnerOuterLoop 0000000180012100 f   c7_SALTStabilizationInnerOuterLoop.obj
 0001:000115e0       c7_SALTStabilizationInnerOuterLoop_method_dispatcher 00000001800125e0 f   c7_SALTStabilizationInnerOuterLoop.obj
 0001:00015c30       sf_c8_SALTStabilizationInnerOuterLoop_get_eml_resolved_functions_info 0000000180016c30 f   c8_SALTStabilizationInnerOuterLoop.obj
 0001:00016320       sf_c8_SALTStabilizationInnerOuterLoop_get_check_sum 0000000180017320 f   c8_SALTStabilizationInnerOuterLoop.obj
 0001:000163a0       sf_c8_SALTStabilizationInnerOuterLoop_get_autoinheritance_info 00000001800173a0 f   c8_SALTStabilizationInnerOuterLoop.obj
 0001:00016e30       sf_internal_get_sim_state_c8_SALTStabilizationInnerOuterLoop 0000000180017e30 f   c8_SALTStabilizationInnerOuterLoop.obj
 0001:000173c0       sf_internal_set_sim_state_c8_SALTStabilizationInnerOuterLoop 00000001800183c0 f   c8_SALTStabilizationInnerOuterLoop.obj
 0001:000178a0       c8_SALTStabilizationInnerOuterLoop_method_dispatcher 00000001800188a0 f   c8_SALTStabilizationInnerOuterLoop.obj
 0001:0001bf30       sf_process_check_sum_call  000000018001cf30 f   SALTStabilizationInnerOuterLoop_sfun_registry.obj
 0001:0001bf80       sf_process_autoinheritance_call 000000018001cf80 f   SALTStabilizationInnerOuterLoop_sfun_registry.obj
 0001:0001c120       sf_process_get_eml_resolved_functions_info_call 000000018001d120 f   SALTStabilizationInnerOuterLoop_sfun_registry.obj
 0001:0001c2a0       sf_mex_unlock_call         000000018001d2a0 f   SALTStabilizationInnerOuterLoop_sfun_registry.obj
 0001:0001c350       sf_machine_global_initializer_called 000000018001d350 f   SALTStabilizationInnerOuterLoop_sfun_registry.obj
 0001:0001c380       sf_machine_global_method_dispatcher 000000018001d380 f   SALTStabilizationInnerOuterLoop_sfun_registry.obj
 0001:0001c3e0       sf_machine_global_terminator 000000018001d3e0 f   SALTStabilizationInnerOuterLoop_sfun_registry.obj
 0001:0001c420       sf_register_machine_exported_symbols 000000018001d420 f   SALTStabilizationInnerOuterLoop_sfun_registry.obj
 0001:0001c440       callCustomFcn              000000018001d440 f   SALTStabilizationInnerOuterLoop_sfun_registry.obj
 0001:0001c450       sf_machine_global_initializer 000000018001d450 f   SALTStabilizationInnerOuterLoop_sfun_registry.obj
 0001:0001c4c0       _ssSetStateAbsTol          000000018001d4c0 f   SALTStabilizationInnerOuterLoop_sfun_registry.obj
 0001:0001c5a0       _ssGetAbsTol               000000018001d5a0 f   SALTStabilizationInnerOuterLoop_sfun_registry.obj
 0001:0001c610       _ssSetInputPortMatrixDimensions 000000018001d610 f   SALTStabilizationInnerOuterLoop_sfun_registry.obj
 0001:0001c720       _ssSetOutputPortMatrixDimensions 000000018001d720 f   SALTStabilizationInnerOuterLoop_sfun_registry.obj
 0001:0001c830       _ssSetInputPortVectorDimension 000000018001d830 f   SALTStabilizationInnerOuterLoop_sfun_registry.obj
 0001:0001c900       _ssSetOutputPortVectorDimension 000000018001d900 f   SALTStabilizationInnerOuterLoop_sfun_registry.obj
 0001:0001c9d0       ssIsRunTimeParamTunable    000000018001d9d0 f   SALTStabilizationInnerOuterLoop_sfun_registry.obj
 0001:0001ca40       ssGetSFuncBlockHandle      000000018001da40 f   SALTStabilizationInnerOuterLoop_sfun_registry.obj
 0001:0001cab0       _ssGetCurrentInputPortWidth 000000018001dab0 f   SALTStabilizationInnerOuterLoop_sfun_registry.obj
 0001:0001cbd0       _ssGetCurrentOutputPortWidth 000000018001dbd0 f   SALTStabilizationInnerOuterLoop_sfun_registry.obj
 0001:0001ccf0       _ssGetCallSystemNumFcnCallDestinations 000000018001dcf0 f   SALTStabilizationInnerOuterLoop_sfun_registry.obj
 0001:0001cd60       ssWarning                  000000018001dd60 f   SALTStabilizationInnerOuterLoop_sfun_registry.obj
 0001:0001ce70       ssGetIsZeroCrossControlDisabled 000000018001de70 f   SALTStabilizationInnerOuterLoop_sfun_registry.obj
 0001:0001cee0       ssSetIsInputPortUsedForContZcSignal 000000018001dee0 f   SALTStabilizationInnerOuterLoop_sfun_registry.obj
 0001:0001cf50       ssSetZcSignalIsZcElementDisc 000000018001df50 f   SALTStabilizationInnerOuterLoop_sfun_registry.obj
 0001:0001d000       ssSetZcSignalName          000000018001e000 f   SALTStabilizationInnerOuterLoop_sfun_registry.obj
 0001:0001d070       ssSetZcSignalWidth         000000018001e070 f   SALTStabilizationInnerOuterLoop_sfun_registry.obj
 0001:0001d0e0       ssSetZcSignalZcEventType   000000018001e0e0 f   SALTStabilizationInnerOuterLoop_sfun_registry.obj
 0001:0001d150       ssSetZcSignalType          000000018001e150 f   SALTStabilizationInnerOuterLoop_sfun_registry.obj
 0001:0001d1c0       ssSetZcSignalZcTol         000000018001e1c0 f   SALTStabilizationInnerOuterLoop_sfun_registry.obj
 0001:0001d230       ssSetZcSignalNeedsEventNotification 000000018001e230 f   SALTStabilizationInnerOuterLoop_sfun_registry.obj
 0001:0001d2a0       ssCreateAndAddZcSignalInfo 000000018001e2a0 f   SALTStabilizationInnerOuterLoop_sfun_registry.obj
 0001:0001d310       ssCloneAndAddZcSignalInfo  000000018001e310 f   SALTStabilizationInnerOuterLoop_sfun_registry.obj
 0001:0001d380       ssGetNumZcSignals          000000018001e380 f   SALTStabilizationInnerOuterLoop_sfun_registry.obj
 0001:0001d3f0       ssGetZcSignalVector        000000018001e3f0 f   SALTStabilizationInnerOuterLoop_sfun_registry.obj
 0001:0001d460       ssGetZcSignalZcEvents      000000018001e460 f   SALTStabilizationInnerOuterLoop_sfun_registry.obj
 0001:0001d4d0       ssGetZcSignalName          000000018001e4d0 f   SALTStabilizationInnerOuterLoop_sfun_registry.obj
 0001:0001d540       ssGetZcSignalWidth         000000018001e540 f   SALTStabilizationInnerOuterLoop_sfun_registry.obj
 0001:0001d5b0       ssGetZcSignalZcEventType   000000018001e5b0 f   SALTStabilizationInnerOuterLoop_sfun_registry.obj
 0001:0001d620       ssGetZcSignalType          000000018001e620 f   SALTStabilizationInnerOuterLoop_sfun_registry.obj
 0001:0001d690       ssGetZcSignalZcTol         000000018001e690 f   SALTStabilizationInnerOuterLoop_sfun_registry.obj
 0001:0001d710       ssGetZcSignalNeedsEventNotification 000000018001e710 f   SALTStabilizationInnerOuterLoop_sfun_registry.obj
 0001:0001d780       ssGetZcSignalIsZcElementDisc 000000018001e780 f   SALTStabilizationInnerOuterLoop_sfun_registry.obj
 0001:0001d820       ssGetIsInputPortElementContinuous 000000018001e820 f   SALTStabilizationInnerOuterLoop_sfun_registry.obj
 0001:0001d8c0       _ssGetInputPortSignalPtrsFcn 000000018001e8c0 f   SALTStabilizationInnerOuterLoop_sfun_registry.obj
 0001:0001db80       _ssGetInputPortSignalFcn   000000018001eb80 f   SALTStabilizationInnerOuterLoop_sfun_registry.obj
 0001:0001dda0       _ssSetInputPortDirectFeedThroughFcn 000000018001eda0 f   SALTStabilizationInnerOuterLoop_sfun_registry.obj
 0001:0001df00       _ssSetInputPortReusableFcn 000000018001ef00 f   SALTStabilizationInnerOuterLoop_sfun_registry.obj
 0001:0001dff0       _ssSetOutputPortReusableFcn 000000018001eff0 f   SALTStabilizationInnerOuterLoop_sfun_registry.obj
 0001:0001e0d0       ssGetDTypeIdFromMxArray    000000018001f0d0 f   SALTStabilizationInnerOuterLoop_sfun_registry.obj
 0001:0001e1f0       ssWriteRTWStr              000000018001f1f0 f   SALTStabilizationInnerOuterLoop_sfun_registry.obj
 0001:0001e250       ssWriteRTWMxVectParam      000000018001f250 f   SALTStabilizationInnerOuterLoop_sfun_registry.obj
 0001:0001e2b0       ssWriteRTWMx2dMatParam     000000018001f2b0 f   SALTStabilizationInnerOuterLoop_sfun_registry.obj
 0001:0001e330       ssWriteRTWNameValuePair    000000018001f330 f   SALTStabilizationInnerOuterLoop_sfun_registry.obj
 0001:0001e820       ssWriteRTWParameters       000000018001f820 f   SALTStabilizationInnerOuterLoop_sfun_registry.obj
 0001:0001ee20       ssWriteRTWParamSettings    000000018001fe20 f   SALTStabilizationInnerOuterLoop_sfun_registry.obj
 0001:0001f4f0       ssWriteRTWWorkVect         00000001800204f0 f   SALTStabilizationInnerOuterLoop_sfun_registry.obj
 0001:0001f9f0       mexFunction                00000001800209f0 f   SALTStabilizationInnerOuterLoop_sfun_registry.obj
 0001:00021630       ProcessMexSfunctionEveryCall 0000000180022630 f   SALTStabilizationInnerOuterLoop_sfun_registry.obj
 0001:000217a0       SALTStabilizationInnerOuterLoop_initializer 00000001800227a0 f   SALTStabilizationInnerOuterLoop_sfun.obj
 0001:000217b0       SALTStabilizationInnerOuterLoop_terminator 00000001800227b0 f   SALTStabilizationInnerOuterLoop_sfun.obj
 0001:000217c0       sf_SALTStabilizationInnerOuterLoop_method_dispatcher 00000001800227c0 f   SALTStabilizationInnerOuterLoop_sfun.obj
 0001:00021900       sf_SALTStabilizationInnerOuterLoop_process_check_sum_call 0000000180022900 f   SALTStabilizationInnerOuterLoop_sfun.obj
 0001:00021dc0       sf_SALTStabilizationInnerOuterLoop_autoinheritance_info 0000000180022dc0 f   SALTStabilizationInnerOuterLoop_sfun.obj
 0001:00022160       sf_SALTStabilizationInnerOuterLoop_get_eml_resolved_functions_info 0000000180023160 f   SALTStabilizationInnerOuterLoop_sfun.obj
 0001:00022450       SALTStabilizationInnerOuterLoop_debug_initialize 0000000180023450 f   SALTStabilizationInnerOuterLoop_sfun.obj
 0001:000224c0       SALTStabilizationInnerOuterLoop_register_exported_symbols 00000001800234c0 f   SALTStabilizationInnerOuterLoop_sfun.obj
 0001:000224d0       load_SALTStabilizationInnerOuterLoop_optimization_info 00000001800234d0 f   SALTStabilizationInnerOuterLoop_sfun.obj
 0001:00022520       unload_SALTStabilizationInnerOuterLoop_optimization_info 0000000180023520 f   SALTStabilizationInnerOuterLoop_sfun.obj
 0001:000225f0       sf_mex_mx_is_numeric       00000001800235f0 f   sfc_mex:sfc_mex.obj
 0001:00022630       strcmp_ignore_ws           0000000180023630 f   sfc_mex:sfc_mex.obj
 0001:00022770       sf_mex_duplicatearraysafe  0000000180023770 f   sfc_mex:sfc_mex.obj
 0001:000228d0       sf_set_error_debugger_context_message_fcn 00000001800238d0 f   sfc_mex:sfc_mex.obj
 0001:000228e0       sf_set_debugger_matlab_error_fcn 00000001800238e0 f   sfc_mex:sfc_mex.obj
 0001:00022910       sf_set_error_prefix_string 0000000180023910 f   sfc_mex:sfc_mex.obj
 0001:00022940       sf_get_error_prefix_string 0000000180023940 f   sfc_mex:sfc_mex.obj
 0001:00022950       sf_mex_enter_parallel_region 0000000180023950 f   sfc_mex:sfc_mex.obj
 0001:00022960       sf_mex_exit_parallel_region 0000000180023960 f   sfc_mex:sfc_mex.obj
 0001:00022970       sf_get_current_jmp_buf_ptr 0000000180023970 f   sfc_mex:sfc_mex.obj
 0001:00022980       sf_set_current_jmp_buf_ptr 0000000180023980 f   sfc_mex:sfc_mex.obj
 0001:00022990       sf_mex_set_halt_simulation 0000000180023990 f   sfc_mex:sfc_mex.obj
 0001:000229a0       sf_mex_get_halt_simulation 00000001800239a0 f   sfc_mex:sfc_mex.obj
 0001:000229b0       sf_mex_clear_error_message 00000001800239b0 f   sfc_mex:sfc_mex.obj
 0001:000229d0       sf_mex_get_error_message_for_read 00000001800239d0 f   sfc_mex:sfc_mex.obj
 0001:000229e0       sf_mex_get_error_message_buffer_length 00000001800239e0 f   sfc_mex:sfc_mex.obj
 0001:00022ac0       sf_mex_warning_message     0000000180023ac0 f   sfc_mex:sfc_mex.obj
 0001:00022b30       sf_mex_v_errbuf_createf    0000000180023b30 f   sfc_mex:sfc_mex.obj
 0001:00022b40       sf_mex_errbuf_createf      0000000180023b40 f   sfc_mex:sfc_mex.obj
 0001:00022b70       sf_mex_v_errbuf_catf       0000000180023b70 f   sfc_mex:sfc_mex.obj
 0001:00022bb0       sf_mex_errbuf_catf         0000000180023bb0 f   sfc_mex:sfc_mex.obj
 0001:00022c00       sf_mex_errbuf_copy         0000000180023c00 f   sfc_mex:sfc_mex.obj
 0001:00022c10       sf_mex_errbuf_clear        0000000180023c10 f   sfc_mex:sfc_mex.obj
 0001:00022c20       sf_mex_errbuf_isempty      0000000180023c20 f   sfc_mex:sfc_mex.obj
 0001:00022d30       sf_mex_set_error_status    0000000180023d30 f   sfc_mex:sfc_mex.obj
 0001:00022d80       sf_mex_error_direct_call   0000000180023d80 f   sfc_mex:sfc_mex.obj
 0001:00022da0       sf_mex_error_message_no_long_jump 0000000180023da0 f   sfc_mex:sfc_mex.obj
 0001:00022dc0       sf_mex_long_jump_on_error  0000000180023dc0 f   sfc_mex:sfc_mex.obj
 0001:00022df0       sf_mex_call_matlab         0000000180023df0 f   sfc_mex:sfc_mex.obj
 0001:00022f10       sf_mex_check_builtin       0000000180023f10 f   sfc_mex:sfc_mex.obj
 0001:00022f50       sf_mex_check_builtin_vs    0000000180023f50 f   sfc_mex:sfc_mex.obj
 0001:00022fb0       sf_mex_check_enum          0000000180023fb0 f   sfc_mex:sfc_mex.obj
 0001:00022fe0       sf_mex_create_enum         0000000180023fe0 f   sfc_mex:sfc_mex.obj
 0001:00023000       sf_mex_get_enum_element    0000000180024000 f   sfc_mex:sfc_mex.obj
 0001:00023010       sf_mex_createcellarray     0000000180024010 f   sfc_mex:sfc_mex.obj
 0001:00023020       sf_mex_setcell             0000000180024020 f   sfc_mex:sfc_mex.obj
 0001:00023030       sf_mex_getcell             0000000180024030 f   sfc_mex:sfc_mex.obj
 0001:00023040       sf_mex_dup                 0000000180024040 f   sfc_mex:sfc_mex.obj
 0001:00023060       sf_mex_assign              0000000180024060 f   sfc_mex:sfc_mex.obj
 0001:000230e0       sf_mex_destroy             00000001800240e0 f   sfc_mex:sfc_mex.obj
 0001:00023110       mx_array_has_fi_type       0000000180024110 f   sfc_mex:sfc_mex.obj
 0001:00023140       sf_mex_convert_from_fi     0000000180024140 f   sfc_mex:sfc_mex.obj
 0001:000231f0       sf_mex_convert_to_double   00000001800241f0 f   sfc_mex:sfc_mex.obj
 0001:00023310       sf_mex_import_fi_vs        0000000180024310 f   sfc_mex:sfc_mex.obj
 0001:000234d0       sf_matrix_matrix_index_ok  00000001800244d0 f   sfc_mex:sfc_mex.obj
 0001:00023560       sf_vector_vector_index_ok  0000000180024560 f   sfc_mex:sfc_mex.obj
 0001:00023590       ssGetCurrentInputPortDimensions_wrapper 0000000180024590 f   sfc_mex:sfc_mex.obj
 0001:000235b0       ssGetCurrentOutputPortDimensions_wrapper 00000001800245b0 f   sfc_mex:sfc_mex.obj
 0001:000235d0       sf_mex_emlrt_context_is_debug_mode 00000001800245d0 f   sfc_mex:sfc_mex.obj
 0001:000235e0       sf_mex_emlrt_context_set_debug_mode 00000001800245e0 f   sfc_mex:sfc_mex.obj
 0001:00023650       sf_clear_error_manager_info 0000000180024650 f   sfc_mex:sfc_mex.obj
 0001:000236b0       sf_mex_stop_simulation_abruptly_wo_error 00000001800246b0 f   sfc_mex:sfc_mex.obj
 0001:000236f0       sf_mex_error_message       00000001800246f0 f   sfc_mex:sfc_mex.obj
 0001:00023750       sf_react_to_error_in_matlab_call 0000000180024750 f   sfc_mex:sfc_mex.obj
 0001:00023780       sf_mex_addfield            0000000180024780 f   sfc_mex:sfc_mex.obj
 0001:00023820       sf_mex_getfield            0000000180024820 f   sfc_mex:sfc_mex.obj
 0001:00023b20       sf_mex_check_class         0000000180024b20 f   sfc_mex:sfc_mex.obj
 0001:00023c10       sf_mex_is_real             0000000180024c10 f   sfc_mex:sfc_mex.obj
 0001:00024080       sf_mex_decode_encoded_mx_struct_array 0000000180025080 f   sfc_mex:sfc_mex.obj
 0001:00024360       sf_mex_lw_bounds_check     0000000180025360 f   sfc_mex:sfc_mex.obj
 0001:00024390       sf_mex_lw_size_eq_check_1d 0000000180025390 f   sfc_mex:sfc_mex.obj
 0001:000243b0       sf_mex_lw_size_eq_check_nd 00000001800253b0 f   sfc_mex:sfc_mex.obj
 0001:00024590       sf_mex_lw_dim_size_eq_check 0000000180025590 f   sfc_mex:sfc_mex.obj
 0001:000245c0       sf_mex_lw_dim_size_geq_check 00000001800255c0 f   sfc_mex:sfc_mex.obj
 0001:000245f0       sf_mex_lw_sub_assign_size_check_nd 00000001800255f0 f   sfc_mex:sfc_mex.obj
 0001:00024820       sf_mex_lw_runtime_error_msgid 0000000180025820 f   sfc_mex:sfc_mex.obj
 0001:00024910       sf_mex_lw_matrix_matrix_index_check 0000000180025910 f   sfc_mex:sfc_mex.obj
 0001:00024930       sf_mex_lw_vector_vector_index_check 0000000180025930 f   sfc_mex:sfc_mex.obj
 0001:00024970       sf_mex_lw_for_loop_vector_check 0000000180025970 f   sfc_mex:sfc_mex.obj
 0001:000249f0       sf_mex_lw_non_negative_check 00000001800259f0 f   sfc_mex:sfc_mex.obj
 0001:00024a30       sf_mex_overflow_error      0000000180025a30 f   sfc_mex:sfc_mex.obj
 0001:00024a40       sf_mex_dividebyzero_error  0000000180025a40 f   sfc_mex:sfc_mex.obj
 0001:00024a50       sf_mex_unsafe_enum_error   0000000180025a50 f   sfc_mex:sfc_mex.obj
 0001:00024a60       sf_emlrtErrHandler         0000000180025a60 f   sfc_mex:sfc_mex.obj
 0001:00024b40       sf_mex_printf              0000000180025b40 f   sfc_mex:sfc_mex.obj
 0001:00024d10       sf_mex_check_size          0000000180025d10 f   sfc_mex:sfc_mex.obj
 0001:00024fe0       sf_mex_check_struct        0000000180025fe0 f   sfc_mex:sfc_mex.obj
 0001:00025240       sf_mex_check_struct_vs     0000000180026240 f   sfc_mex:sfc_mex.obj
 0001:000252d0       sf_mex_check_fi            00000001800262d0 f   sfc_mex:sfc_mex.obj
 0001:000253d0       sf_mex_check_fi_vs         00000001800263d0 f   sfc_mex:sfc_mex.obj
 0001:00025470       sf_echo_expression         0000000180026470 f   sfc_mex:sfc_mex.obj
 0001:000254d0       sf_assertion_failed        00000001800264d0 f   sfc_mex:sfc_mex.obj
 0001:000257b0       sf_mex_evalin              00000001800267b0 f   sfc_mex:sfc_mex.obj
 0001:00025a20       sf_mex_export              0000000180026a20 f   sfc_mex:sfc_mex.obj
 0001:00025ae0       sf_mex_get_ml_var_no_error 0000000180026ae0 f   sfc_mex:sfc_mex.obj
 0001:00025c80       sf_mex_get_ml_var          0000000180026c80 f   sfc_mex:sfc_mex.obj
 0001:00026120       ml_set_element_value_in_array 0000000180027120 f   sfc_mex:sfc_mex.obj
 0001:000277f0       sf_mex_call_impl           00000001800287f0 f   sfc_mex:sfc_mex.obj
 0001:00027d20       sf_mex_call_debug          0000000180028d20 f   sfc_mex:sfc_mex.obj
 0001:00027d50       sf_mex_call                0000000180028d50 f   sfc_mex:sfc_mex.obj
 0001:000283a0       sf_mex_createstruct        00000001800293a0 f   sfc_mex:sfc_mex.obj
 0001:00028490       sf_mex_createstructarray   0000000180029490 f   sfc_mex:sfc_mex.obj
 0001:00028510       sf_mex_get_mx_datatype_from_sf_datatype 0000000180029510 f   sfc_mex:sfc_mex.obj
 0001:00028820       sf_mex_ml_var_sub          0000000180029820 f   sfc_mex:sfc_mex.obj
 0001:000289f0       sf_mex_ml_var_subsasgn     00000001800299f0 f   sfc_mex:sfc_mex.obj
 0001:00028de0       sf_mex_sub                 0000000180029de0 f   sfc_mex:sfc_mex.obj
 0001:00028fe0       sf_mex_subsasgn            0000000180029fe0 f   sfc_mex:sfc_mex.obj
 0001:000294c0       sf_mex_create              000000018002a4c0 f   sfc_mex:sfc_mex.obj
 0001:00029f10       sf_mex_import_named        000000018002af10 f   sfc_mex:sfc_mex.obj
 0001:00029f70       sf_mex_import              000000018002af70 f   sfc_mex:sfc_mex.obj
 0001:00029fc0       sf_mex_import_vs           000000018002afc0 f   sfc_mex:sfc_mex.obj
 0001:0002a0d0       sf_mex_lower_fixpt_mx_array 000000018002b0d0 f   sfc_mex:sfc_mex.obj
 0001:0002a3c0       sf_send_message_wrapper    000000018002b3c0 f   sfc_mex:sfc_sf.obj
 0001:0002a3f0       sf_receive_message_wrapper 000000018002b3f0 f   sfc_mex:sfc_sf.obj
 0001:0002a430       sf_check_out_message_wrapper 000000018002b430 f   sfc_mex:sfc_sf.obj
 0001:0002a470       sf_check_in_message_wrapper 000000018002b470 f   sfc_mex:sfc_sf.obj
 0001:0002a4b0       sf_no_message_wrapper      000000018002b4b0 f   sfc_mex:sfc_sf.obj
 0001:0002a7f0       sim_mode_is_rtw_gen        000000018002b7f0 f   sfc_mex:sfc_sf.obj
 0001:0002a820       sim_mode_is_external       000000018002b820 f   sfc_mex:sfc_sf.obj
 0001:0002a830       sim_mode_is_modelref_sim   000000018002b830 f   sfc_mex:sfc_sf.obj
 0001:0002a850       mdlInitializeSizes         000000018002b850 f   sfc_mex:sfc_sf.obj
 0001:0002a870       mdlInitializeSampleTimes   000000018002b870 f   sfc_mex:sfc_sf.obj
 0001:0002a8b0       mdlZeroCrossings           000000018002b8b0 f   sfc_mex:sfc_sf.obj
 0001:0002a990       mdlDerivatives             000000018002b990 f   sfc_mex:sfc_sf.obj
 0001:0002aa40       mdl_initialize_conditions_processing 000000018002ba40 f   sfc_mex:sfc_sf.obj
 0001:0002aa70       mdlInitializeConditions    000000018002ba70 f   sfc_mex:sfc_sf.obj
 0001:0002ab30       mdlGetSimState             000000018002bb30 f   sfc_mex:sfc_sf.obj
 0001:0002ab40       mdlSetSimState             000000018002bb40 f   sfc_mex:sfc_sf.obj
 0001:0002ab50       mdl_ext_mode_exec_processing 000000018002bb50 f   sfc_mex:sfc_sf.obj
 0001:0002ab70       mdlExtModeExec             000000018002bb70 f   sfc_mex:sfc_sf.obj
 0001:0002ad00       mdlTerminate               000000018002bd00 f   sfc_mex:sfc_sf.obj
 0001:0002ad70       mdlRTW                     000000018002bd70 f   sfc_mex:sfc_sf.obj
 0001:0002ada0       mdlSetWorkWidths           000000018002bda0 f   sfc_mex:sfc_sf.obj
 0001:0002adb0       mdlProcessParameters       000000018002bdb0 f   sfc_mex:sfc_sf.obj
 0001:0002adc0       mdl_start_processing       000000018002bdc0 f   sfc_mex:sfc_sf.obj
 0001:0002ae00       mdlStart                   000000018002be00 f   sfc_mex:sfc_sf.obj
 0001:0002aef0       mdlEnable                  000000018002bef0 f   sfc_mex:sfc_sf.obj
 0001:0002afc0       mdlDisable                 000000018002bfc0 f   sfc_mex:sfc_sf.obj
 0001:0002b070       sf_get_chart_instance_ptr  000000018002c070 f   sfc_mex:sfc_sf.obj
 0001:0002b090       sf_load_rtw_optimization_info 000000018002c090 f   sfc_mex:sfc_sf.obj
 0001:0002b160       sf_rtw_info_uint_prop      000000018002c160 f   sfc_mex:sfc_sf.obj
 0001:0002b2b0       sf_is_chart_inlinable      000000018002c2b0 f   sfc_mex:sfc_sf.obj
 0001:0002b2c0       sf_mark_output_events_with_multiple_callers 000000018002c2c0 f   sfc_mex:sfc_sf.obj
 0001:0002b440       sf_mark_chart_reusable_outputs 000000018002c440 f   sfc_mex:sfc_sf.obj
 0001:0002b680       sf_mark_chart_expressionable_inputs 000000018002c680 f   sfc_mex:sfc_sf.obj
 0001:0002b8e0       sf_get_subchart_simstruct  000000018002c8e0 f   sfc_mex:sfc_sf.obj
 0001:0002b930       sf_get_fixpt_data_type_id  000000018002c930 f   sfc_mex:sfc_sf.obj
 0001:0002b970       sf_get_enum_data_type_id   000000018002c970 f   sfc_mex:sfc_sf.obj
 0001:0002b9b0       sf_get_param_data_type_id  000000018002c9b0 f   sfc_mex:sfc_sf.obj
 0001:0002b9e0       sf_mex_listen_for_ctrl_c_force 000000018002c9e0 f   sfc_mex:sfc_sf.obj
 0001:0002baf0       sf_mex_draw_now            000000018002caf0 f   sfc_mex:sfc_sf.obj
 0001:0002bb30       sf_mex_set_debugger_sim_status_listener_fcn 000000018002cb30 f   sfc_mex:sfc_sf.obj
 0001:0002bb40       sf_mex_listen_for_ctrl_c   000000018002cb40 f   sfc_mex:sfc_sf.obj
 0001:0002bbd0       sf_mex_get_sfun_param      000000018002cbd0 f   sfc_mex:sfc_sf.obj
 0001:0002bc20       sf_get_runtime_param_data  000000018002cc20 f   sfc_mex:sfc_sf.obj
 0001:0002bc60       sf_call_output_fcn_call    000000018002cc60 f   sfc_mex:sfc_sf.obj
 0001:0002bda0       sf_call_output_fcn_enable  000000018002cda0 f   sfc_mex:sfc_sf.obj
 0001:0002be30       sf_call_output_fcn_disable 000000018002ce30 f   sfc_mex:sfc_sf.obj
 0001:0002bec0       sf_clear_rtw_identifier    000000018002cec0 f   sfc_mex:sfc_sf.obj
 0001:0002c6b0       sf_set_encoded_dwork_info  000000018002d6b0 f   sfc_mex:sfc_sf.obj
 0001:0002c700       sf_get_dwork_info_from_mat_file 000000018002d700 f   sfc_mex:sfc_sf.obj
 0001:0002c8c0       sf_set_rtw_dwork_info      000000018002d8c0 f   sfc_mex:sfc_sf.obj
 0001:0002ca10       mdlOutputs                 000000018002da10 f   sfc_mex:sfc_sf.obj
 0001:0002cbb0       sf_debug_disp              000000018002dbb0 f   sfc_debug:sfcdebug.obj
 0001:0002ce10       sf_debug_data_runtime_size_mismatch_error_check 000000018002de10 f   sfc_debug:sfcdebug.obj
 0001:0002ceb0       sf_debug_try_loading_machine 000000018002deb0 f   sfc_debug:sfcdebug.obj
 0001:0002cfb0       sf_debug_reset_current_state_configuration 000000018002dfb0 f   sfc_debug:sfcdebug.obj
 0001:0002d040       sf_debug_store_current_state_configuration 000000018002e040 f   sfc_debug:sfcdebug.obj
 0001:0002d0d0       sf_debug_restore_previous_state_configuration 000000018002e0d0 f   sfc_debug:sfcdebug.obj
 0001:0002d160       sf_debug_restore_previous_state_configuration2 000000018002e160 f   sfc_debug:sfcdebug.obj
 0001:0002d1f0       sf_debug_get_event_scope   000000018002e1f0 f   sfc_debug:sfcdebug.obj
 0001:0002d360       use_debugger_step_animation 000000018002e360 f   sfc_debug:sfcdebug.obj
 0001:0002d380       sf_debug_get_script_id     000000018002e380 f   sfc_debug:sfcdebug.obj
 0001:0002d410       sf_debug_set_script_translation 000000018002e410 f   sfc_debug:sfcdebug.obj
 0001:0002d4d0       sf_debug_get_current_machine_id 000000018002e4d0 f   sfc_debug:sfcdebug.obj
 0001:0002d4f0       sf_debug_get_current_optional_integer 000000018002e4f0 f   sfc_debug:sfcdebug.obj
 0001:0002d500       sf_debug_get_current_machine_number 000000018002e500 f   sfc_debug:sfcdebug.obj
 0001:0002d520       sf_debug_get_current_machine_name 000000018002e520 f   sfc_debug:sfcdebug.obj
 0001:0002d540       sf_debug_get_current_chart_id 000000018002e540 f   sfc_debug:sfcdebug.obj
 0001:0002d590       sf_debug_get_current_chart_number 000000018002e590 f   sfc_debug:sfcdebug.obj
 0001:0002d5a0       sf_debug_get_current_instance_number 000000018002e5a0 f   sfc_debug:sfcdebug.obj
 0001:0002d5b0       sf_debug_get_current_is_minor_time_step 000000018002e5b0 f   sfc_debug:sfcdebug.obj
 0001:0002d630       sf_debug_get_current_object_type 000000018002e630 f   sfc_debug:sfcdebug.obj
 0001:0002d640       sf_debug_get_current_instance_handle 000000018002e640 f   sfc_debug:sfcdebug.obj
 0001:0002d6a0       sf_debug_get_current_event_type 000000018002e6a0 f   sfc_debug:sfcdebug.obj
 0001:0002d6b0       sf_debug_get_current_object_id 000000018002e6b0 f   sfc_debug:sfcdebug.obj
 0001:0002d6f0       sf_debug_get_current_active_event_type 000000018002e6f0 f   sfc_debug:sfcdebug.obj
 0001:0002d700       sf_debug_get_current_active_event_id 000000018002e700 f   sfc_debug:sfcdebug.obj
 0001:0002d740       sf_debug_get_current_tag_type 000000018002e740 f   sfc_debug:sfcdebug.obj
 0001:0002d750       sf_debug_get_current_simulation_time 000000018002e750 f   sfc_debug:sfcdebug.obj
 0001:0002d760       sf_debug_get_current_coverage_percentage 000000018002e760 f   sfc_debug:sfcdebug.obj
 0001:0002d770       sf_debug_current_statement_context 000000018002e770 f   sfc_debug:sfcdebug.obj
 0001:0002d800       sf_debug_get_current_statement_info 000000018002e800 f   sfc_debug:sfcdebug.obj
 0001:0002d980       sf_debug_terminate_instance 000000018002e980 f   sfc_debug:sfcdebug.obj
 0001:0002dc90       sf_debug_assertion_failed  000000018002ec90 f   sfc_debug:sfcdebug.obj
 0001:0002de40       sf_debug_set_number_of_data_with_change_event_for_machine 000000018002ee40 f   sfc_debug:sfcdebug.obj
 0001:0002de80       sf_debug_set_machine_event_thresholds 000000018002ee80 f   sfc_debug:sfcdebug.obj
 0001:0002dea0       sf_debug_set_machine_event_scope 000000018002eea0 f   sfc_debug:sfcdebug.obj
 0001:0002dee0       sf_debug_set_machine_data_thresholds 000000018002eee0 f   sfc_debug:sfcdebug.obj
 0001:0002df20       sf_debug_set_machine_data_scope 000000018002ef20 f   sfc_debug:sfcdebug.obj
 0001:0002dfb0       sf_debug_set_machine_data_name 000000018002efb0 f   sfc_debug:sfcdebug.obj
 0001:0002e050       sf_debug_set_machine_data_size 000000018002f050 f   sfc_debug:sfcdebug.obj
 0001:0002e190       sf_debug_set_machine_data_type 000000018002f190 f   sfc_debug:sfcdebug.obj
 0001:0002e300       sf_debug_get_chart_data_number 000000018002f300 f   sfc_debug:sfcdebug.obj
 0001:0002e320       sf_debug_get_chart_event_number 000000018002f320 f   sfc_debug:sfcdebug.obj
 0001:0002e340       sf_debug_set_chart_state_info 000000018002f340 f   sfc_debug:sfcdebug.obj
 0001:0002e3c0       sf_debug_set_chart_decomposition 000000018002f3c0 f   sfc_debug:sfcdebug.obj
 0001:0002e430       sf_debug_set_chart_substate_count 000000018002f430 f   sfc_debug:sfcdebug.obj
 0001:0002e510       sf_debug_set_chart_substate_index 000000018002f510 f   sfc_debug:sfcdebug.obj
 0001:0002e580       sf_debug_set_chart_state_substate_count 000000018002f580 f   sfc_debug:sfcdebug.obj
 0001:0002e690       sf_debug_set_chart_state_substate_index 000000018002f690 f   sfc_debug:sfcdebug.obj
 0001:0002e710       sf_debug_set_number_of_data_with_change_event_for_chart 000000018002f710 f   sfc_debug:sfcdebug.obj
 0001:0002e790       sf_debug_set_number_of_states_with_entry_event_for_chart 000000018002f790 f   sfc_debug:sfcdebug.obj
 0001:0002e800       sf_debug_set_number_of_states_with_exit_event_for_chart 000000018002f800 f   sfc_debug:sfcdebug.obj
 0001:0002e870       sf_debug_set_chart_disable_implicit_casting 000000018002f870 f   sfc_debug:sfcdebug.obj
 0001:0002e8e0       sf_debug_set_chart_event_thresholds 000000018002f8e0 f   sfc_debug:sfcdebug.obj
 0001:0002e950       sf_debug_set_chart_data_compiled_props 000000018002f950 f   sfc_debug:sfcdebug.obj
 0001:0002eca0       sf_debug_set_chart_data_props 000000018002fca0 f   sfc_debug:sfcdebug.obj
 0001:0002efc0       sf_debug_check_fi_license  000000018002ffc0 f   sfc_debug:sfcdebug.obj
 0001:0002f1b0       sf_debug_symbol_scope_push 00000001800301b0 f   sfc_debug:sfcdebug.obj
 0001:0002f1f0       sf_debug_symbol_scope_push_eml 00000001800301f0 f   sfc_debug:sfcdebug.obj
 0001:0002f240       sf_debug_symbol_scope_pop  0000000180030240 f   sfc_debug:sfcdebug.obj
 0001:0002f280       sf_debug_symbol_scope_add_importable 0000000180030280 f   sfc_debug:sfcdebug.obj
 0001:0002f300       sf_debug_symbol_scope_add  0000000180030300 f   sfc_debug:sfcdebug.obj
 0001:0002f380       sf_debug_symbol_scope_add_dyn_importable 0000000180030380 f   sfc_debug:sfcdebug.obj
 0001:0002f440       sf_debug_symbol_scope_add_dyn 0000000180030440 f   sfc_debug:sfcdebug.obj
 0001:0002f470       sf_debug_symbol_scope_add_eml_importable 0000000180030470 f   sfc_debug:sfcdebug.obj
 0001:0002f4b0       sf_debug_symbol_scope_add_eml 00000001800304b0 f   sfc_debug:sfcdebug.obj
 0001:0002f4f0       sf_debug_symbol_scope_add_eml_dyn_importable 00000001800304f0 f   sfc_debug:sfcdebug.obj
 0001:0002f560       sf_debug_symbol_scope_add_eml_dyn 0000000180030560 f   sfc_debug:sfcdebug.obj
 0001:0002f5c0       sf_debug_symbol_switch     00000001800305c0 f   sfc_debug:sfcdebug.obj
 0001:0002f5e0       sf_debug_symbol_scope_add_verbose 00000001800305e0 f   sfc_debug:sfcdebug.obj
 0001:0002f6b0       sf_debug_set_machine_data_value_ptr 00000001800306b0 f   sfc_debug:sfcdebug.obj
 0001:0002f6f0       sf_debug_set_instance_data_value_ptr 00000001800306f0 f   sfc_debug:sfcdebug.obj
 0001:0002f7b0       sf_debug_unset_instance_data_value_ptr 00000001800307b0 f   sfc_debug:sfcdebug.obj
 0001:0002f860       sf_debug_set_chart_event_scope 0000000180030860 f   sfc_debug:sfcdebug.obj
 0001:0002f8e0       sf_debug_set_chart_transition_coverage_maps 00000001800308e0 f   sfc_debug:sfcdebug.obj
 0001:0002f9f0       sf_debug_set_chart_state_coverage_maps 00000001800309f0 f   sfc_debug:sfcdebug.obj
 0001:0002fad0       sf_debug_set_instance_transition_coverage_weights 0000000180030ad0 f   sfc_debug:sfcdebug.obj
 0001:0002fb70       sf_debug_set_instance_state_coverage_weights 0000000180030b70 f   sfc_debug:sfcdebug.obj
 0001:0002fdc0       sf_debug_unload_machine    0000000180030dc0 f   sfc_debug:sfcdebug.obj
 0001:0002fe10       sf_debug_load_machine      0000000180030e10 f   sfc_debug:sfcdebug.obj
 0001:0002ff10       sf_debug_set_active_instance_in_data_dictionary 0000000180030f10 f   sfc_debug:sfcdebug.obj
 0001:000300f0       sf_debug_set_active_instance 00000001800310f0 f   sfc_debug:sfcdebug.obj
 0001:00030230       sf_debug_chart_visiblity_change 0000000180031230 f   sfc_debug:sfcdebug.obj
 0001:00030310       sf_debug_select_chart      0000000180031310 f   sfc_debug:sfcdebug.obj
 0001:000303e0       sf_debug_set_instance_cv_ids 00000001800313e0 f   sfc_debug:sfcdebug.obj
 0001:000306f0       sf_debug_select_charts     00000001800316f0 f   sfc_debug:sfcdebug.obj
 0001:00030830       sf_debug_initialized       0000000180031830 f   sfc_debug:sfcdebug.obj
 0001:00030840       sf_debug_is_uninterruptible 0000000180031840 f   sfc_debug:sfcdebug.obj
 0001:00030870       sf_debug_initialize_debugger_gui 0000000180031870 f   sfc_debug:sfcdebug.obj
 0001:00030c60       sf_debug_resume            0000000180031c60 f   sfc_debug:sfcdebug.obj
 0001:00030c80       sf_debug_go                0000000180031c80 f   sfc_debug:sfcdebug.obj
 0001:00030c90       sf_debug_break             0000000180031c90 f   sfc_debug:sfcdebug.obj
 0001:00030ca0       sf_debug_step_over         0000000180031ca0 f   sfc_debug:sfcdebug.obj
 0001:00030cb0       sf_debug_step_out          0000000180031cb0 f   sfc_debug:sfcdebug.obj
 0001:00030cc0       sf_debug_set_disable_all_breakpoints 0000000180031cc0 f   sfc_debug:sfcdebug.obj
 0001:00030cd0       sf_debug_disable_all_breakpoints_and_go 0000000180031cd0 f   sfc_debug:sfcdebug.obj
 0001:00030ce0       sf_debug_break_on_chart_entry 0000000180031ce0 f   sfc_debug:sfcdebug.obj
 0001:00030cf0       sf_debug_break_on_event_broadcast 0000000180031cf0 f   sfc_debug:sfcdebug.obj
 0001:00030d00       sf_debug_break_on_state_entry 0000000180031d00 f   sfc_debug:sfcdebug.obj
 0001:00030d10       sf_debug_break_between_times 0000000180031d10 f   sfc_debug:sfcdebug.obj
 0001:00030d30       sf_debug_browse_data       0000000180031d30 f   sfc_debug:sfcdebug.obj
 0001:00030d50       sf_debug_watch_data        0000000180031d50 f   sfc_debug:sfcdebug.obj
 0001:00030d70       sf_debug_assign_data       0000000180031d70 f   sfc_debug:sfcdebug.obj
 0001:00030d90       sf_debug_whos              0000000180031d90 f   sfc_debug:sfcdebug.obj
 0001:00030db0       sf_debug_get_consistency_info 0000000180031db0 f   sfc_debug:sfcdebug.obj
 0001:00030dc0       sf_debug_browse_trace      0000000180031dc0 f   sfc_debug:sfcdebug.obj
 0001:00030dd0       sf_debug_set_breakpoints   0000000180031dd0 f   sfc_debug:sfcdebug.obj
 0001:00030f30       sf_debug_set_eml_breakpoints 0000000180031f30 f   sfc_debug:sfcdebug.obj
 0001:00031090       sf_debug_set_script_breakpoints 0000000180032090 f   sfc_debug:sfcdebug.obj
 0001:00031110       sf_debug_add_script_breakpoints 0000000180032110 f   sfc_debug:sfcdebug.obj
 0001:00031180       sf_debug_clear_script_breakpoints 0000000180032180 f   sfc_debug:sfcdebug.obj
 0001:000311f0       sf_debug_query_script_breakpoints 00000001800321f0 f   sfc_debug:sfcdebug.obj
 0001:000312b0       sf_debug_get_eml_script_id 00000001800322b0 f   sfc_debug:sfcdebug.obj
 0001:00031300       sf_debug_set_watch         0000000180032300 f   sfc_debug:sfcdebug.obj
 0001:00031530       sf_debug_get_instance_handle 0000000180032530 f   sfc_debug:sfcdebug.obj
 0001:000315c0       sf_debug_get_active_states 00000001800325c0 f   sfc_debug:sfcdebug.obj
 0001:000315d0       sf_debug_get_animation     00000001800325d0 f   sfc_debug:sfcdebug.obj
 0001:000315e0       sf_debug_set_animation     00000001800325e0 f   sfc_debug:sfcdebug.obj
 0001:000315f0       sf_debug_animate           00000001800325f0 f   sfc_debug:sfcdebug.obj
 0001:00031620       sf_debug_cycle_detection_check 0000000180032620 f   sfc_debug:sfcdebug.obj
 0001:00031630       sf_debug_data_range_check  0000000180032630 f   sfc_debug:sfcdebug.obj
 0001:00031640       sf_debug_transition_conflict_check 0000000180032640 f   sfc_debug:sfcdebug.obj
 0001:00031650       sf_debug_state_consistency_check 0000000180032650 f   sfc_debug:sfcdebug.obj
 0001:00031660       sf_debug_data_range_check_enabled 0000000180032660 f   sfc_debug:sfcdebug.obj
 0001:00031680       sf_debug_transition_conflict_check_enabled 0000000180032680 f   sfc_debug:sfcdebug.obj
 0001:000316a0       sf_debug_transition_conflict_check_begin 00000001800326a0 f   sfc_debug:sfcdebug.obj
 0001:000316c0       sf_debug_transition_conflict_check_end 00000001800326c0 f   sfc_debug:sfcdebug.obj
 0001:000316e0       sf_debug_stop_debugging    00000001800326e0 f   sfc_debug:sfcdebug.obj
 0001:00031710       sf_debug_is_cycle_detected 0000000180032710 f   sfc_debug:sfcdebug.obj
 0001:00031720       sf_debug_is_array_bounds_detected 0000000180032720 f   sfc_debug:sfcdebug.obj
 0001:00031730       sf_debug_get_state_vectors_data_size 0000000180032730 f   sfc_debug:sfcdebug.obj
 0001:00031770       sf_debug_get_state_vectors_data 0000000180032770 f   sfc_debug:sfcdebug.obj
 0001:00031870       sf_debug_set_state_vectors_data 0000000180032870 f   sfc_debug:sfcdebug.obj
 0001:00031b30       sf_debug_get_script_index  0000000180032b30 f   sfc_debug:sfcdebug.obj
 0001:00031cc0       sf_debug_add_script        0000000180032cc0 f   sfc_debug:sfcdebug.obj
 0001:00031e50       cv_eval_point              0000000180032e50 f   sfc_debug:sfcdebug.obj
 0001:00031fc0       sf_debug_cv_init_state     0000000180032fc0 f   sfc_debug:sfcdebug.obj
 0001:000320e0       sf_debug_cv_init_chart     00000001800330e0 f   sfc_debug:sfcdebug.obj
 0001:000321c0       sf_debug_cv_init_trans     00000001800331c0 f   sfc_debug:sfcdebug.obj
 0001:000323a0       cv_eml_init_script         00000001800333a0 f   sfc_debug:sfcdebug.obj
 0001:000324a0       cv_eml_init_fcn            00000001800334a0 f   sfc_debug:sfcdebug.obj
 0001:00032550       cv_eml_init_testobjective  0000000180033550 f   sfc_debug:sfcdebug.obj
 0001:00032620       cv_eml_init_if             0000000180033620 f   sfc_debug:sfcdebug.obj
 0001:000326f0       cv_eml_init_for            00000001800336f0 f   sfc_debug:sfcdebug.obj
 0001:000327b0       cv_eml_init_while          00000001800337b0 f   sfc_debug:sfcdebug.obj
 0001:00032870       cv_eml_init_mcdc           0000000180033870 f   sfc_debug:sfcdebug.obj
 0001:00032980       cv_eml_init_switch         0000000180033980 f   sfc_debug:sfcdebug.obj
 0001:00032a70       cv_eml_eval                0000000180033a70 f   sfc_debug:sfcdebug.obj
 0001:00032b50       sf_debug_bm_is_a_eml_breakpoint 0000000180033b50 f   sfc_debug:sfcdebug.obj
 0001:00032ca0       sf_debug_temporal_threshold 0000000180033ca0 f   sfc_debug:sfcdebug.obj
 0001:00033000       sf_debug_transition_conflict_error 0000000180034000 f   sfc_debug:sfcdebug.obj
 0001:00033380       sf_debug_state_inconsistency_error 0000000180034380 f   sfc_debug:sfcdebug.obj
 0001:000334a0       sf_debug_check_for_state_inconsistency 00000001800344a0 f   sfc_debug:sfcdebug.obj
 0001:000334d0       sf_debug_cycle_detecton_error 00000001800344d0 f   sfc_debug:sfcdebug.obj
 0001:00033cc0       sf_debug_size_eq_check_1d  0000000180034cc0 f   sfc_debug:sfcdebug.obj
 0001:00033ce0       sf_debug_size_eq_check_nd  0000000180034ce0 f   sfc_debug:sfcdebug.obj
 0001:00033ec0       sf_debug_dim_size_eq_check 0000000180034ec0 f   sfc_debug:sfcdebug.obj
 0001:00033ef0       sf_debug_dim_size_geq_check 0000000180034ef0 f   sfc_debug:sfcdebug.obj
 0001:00033f20       sf_debug_sub_assign_size_check_nd 0000000180034f20 f   sfc_debug:sfcdebug.obj
 0001:00034160       sf_debug_matrix_matrix_index_check 0000000180035160 f   sfc_debug:sfcdebug.obj
 0001:00034190       sf_debug_vector_vector_index_check 0000000180035190 f   sfc_debug:sfcdebug.obj
 0001:000341c0       sf_debug_for_loop_vector_check 00000001800351c0 f   sfc_debug:sfcdebug.obj
 0001:00034240       sf_debug_runtime_error_msgid 0000000180035240 f   sfc_debug:sfcdebug.obj
 0001:000342d0       sf_debug_data_array_bounds_error_check 00000001800352d0 f   sfc_debug:sfcdebug.obj
 0001:000343e0       sf_debug_eml_data_array_bounds_error_check 00000001800353e0 f   sfc_debug:sfcdebug.obj
 0001:000348c0       sf_debug_integer_check     00000001800358c0 f   sfc_debug:sfcdebug.obj
 0001:000349a0       sf_debug_not_nan_check     00000001800359a0 f   sfc_debug:sfcdebug.obj
 0001:00034a60       sf_debug_non_negative_check 0000000180035a60 f   sfc_debug:sfcdebug.obj
 0001:00034b20       sf_debug_overflow_detection 0000000180035b20 f   sfc_debug:sfcdebug.obj
 0001:00035210       sf_debug_cast_to_real32_T  0000000180036210 f   sfc_debug:sfcdebug.obj
 0001:000352d0       sf_debug_cast_to_int8_T    00000001800362d0 f   sfc_debug:sfcdebug.obj
 0001:00035390       sf_debug_cast_to_uint8_T   0000000180036390 f   sfc_debug:sfcdebug.obj
 0001:00035450       sf_debug_cast_to_int16_T   0000000180036450 f   sfc_debug:sfcdebug.obj
 0001:00035510       sf_debug_cast_to_uint16_T  0000000180036510 f   sfc_debug:sfcdebug.obj
 0001:000355d0       sf_debug_cast_to_int32_T   00000001800365d0 f   sfc_debug:sfcdebug.obj
 0001:00035690       sf_debug_cast_to_uint32_T  0000000180036690 f   sfc_debug:sfcdebug.obj
 0001:00035750       sf_debug_data_range_error  0000000180036750 f   sfc_debug:sfcdebug.obj
 0001:00035aa0       sf_debug_read_before_write_check 0000000180036aa0 f   sfc_debug:sfcdebug.obj
 0001:00035e90       sf_debug_data_range_error_wrapper_min_max 0000000180036e90 f   sfc_debug:sfcdebug.obj
 0001:00035f80       sf_debug_data_range_error_wrapper_min 0000000180036f80 f   sfc_debug:sfcdebug.obj
 0001:00036060       sf_debug_data_range_error_wrapper_max 0000000180037060 f   sfc_debug:sfcdebug.obj
 0001:00036140       sf_debug_data_range_wrapper 0000000180037140 f   sfc_debug:sfcdebug.obj
 0001:000361f0       sf_debug_set_current_status_info 00000001800371f0 f   sfc_debug:sfcdebug.obj
 0001:000365a0       sf_debug_call              00000001800375a0 f   sfc_debug:sfcdebug.obj
 0001:00037460       sf_debug_initialize_machine 0000000180038460 f   sfc_debug:sfcdebug.obj
 0001:00037770       sf_debug_initialize_chart  0000000180038770 f   sfc_debug:sfcdebug.obj
 0001:00037c50       sf_debug_ensure_script     0000000180038c50 f   sfc_debug:sfcdebug.obj
 0001:00037d10       cv_script_init_script      0000000180038d10 f   sfc_debug:sfcdebug.obj
 0001:00037df0       cv_script_init_fcn         0000000180038df0 f   sfc_debug:sfcdebug.obj
 0001:00037ea0       cv_script_init_testobjective 0000000180038ea0 f   sfc_debug:sfcdebug.obj
 0001:00037f50       cv_script_init_if          0000000180038f50 f   sfc_debug:sfcdebug.obj
 0001:00038000       cv_script_init_for         0000000180039000 f   sfc_debug:sfcdebug.obj
 0001:000380b0       cv_script_init_while       00000001800390b0 f   sfc_debug:sfcdebug.obj
 0001:00038160       cv_script_init_mcdc        0000000180039160 f   sfc_debug:sfcdebug.obj
 0001:00038260       cv_script_init_switch      0000000180039260 f   sfc_debug:sfcdebug.obj
 0001:00038340       cv_script_eval             0000000180039340 f   sfc_debug:sfcdebug.obj
 0001:00038420       eml_debug_line_call        0000000180039420 f   sfc_debug:sfcdebug.obj
 0001:000385d0       sf_debug_terminate         00000001800395d0 f   sfc_debug:sfcdebug.obj
 0001:00038740       sf_debug_set_script_cv_ids 0000000180039740 f   sfc_debug:sfcdebug.obj
 0001:00038910       sf_debug_api               0000000180039910 f   sfc_debug:sfc_api.obj
 0001:0003a0c0       sf_debug_sm_terminate      000000018003b0c0 f   sfc_debug:sfdb_animation.obj
 0001:0003a280       sf_debug_reset_path_objects 000000018003b280 f   sfc_debug:sfdb_animation.obj
 0001:0003a300       sf_debug_sm_reset_object_selection_status 000000018003b300 f   sfc_debug:sfdb_animation.obj
 0001:0003a3a0       sf_debug_sm_reset_state_buffer 000000018003b3a0 f   sfc_debug:sfdb_animation.obj
 0001:0003a470       sf_debug_sm_store_state_buffer 000000018003b470 f   sfc_debug:sfdb_animation.obj
 0001:0003a4f0       sf_debug_sm_restore_state_buffer1 000000018003b4f0 f   sfc_debug:sfdb_animation.obj
 0001:0003a560       sf_debug_sm_restore_state_buffer2 000000018003b560 f   sfc_debug:sfdb_animation.obj
 0001:0003a5d0       sf_debug_sm_chart_active   000000018003b5d0 f   sfc_debug:sfdb_animation.obj
 0001:0003a620       sf_debug_sm_select_active_objects 000000018003b620 f   sfc_debug:sfdb_animation.obj
 0001:0003aad0       sf_debug_sm_is_chart_active 000000018003bad0 f   sfc_debug:sfdb_animation.obj
 0001:0003ab10       sf_debug_sm_is_state_active 000000018003bb10 f   sfc_debug:sfdb_animation.obj
 0001:0003ad50       sf_debug_sm_get_active_states 000000018003bd50 f   sfc_debug:sfdb_animation.obj
 0001:0003b310       sf_debug_sm_initialize_instance 000000018003c310 f   sfc_debug:sfdb_animation.obj
 0001:0003b560       sf_debug_sm_change_object_selection_status 000000018003c560 f   sfc_debug:sfdb_animation.obj
 0001:0003b850       cv_create_interface        000000018003c850 f   sfc_debug:cv_sfinterface.obj
 0001:0003bbb0       cv_init_trans              000000018003cbb0 f   sfc_debug:cv_sfinterface.obj
 0001:0003bc00       cv_init_state              000000018003cc00 f   sfc_debug:cv_sfinterface.obj
 0001:0003bc70       cv_init_chart              000000018003cc70 f   sfc_debug:cv_sfinterface.obj
 0001:0003bcc0       cv_dec_update_call         000000018003ccc0 f   sfc_debug:cv_sfinterface.obj
 0001:0003bd00       cv_cond_update_call        000000018003cd00 f   sfc_debug:cv_sfinterface.obj
 0001:0003bd40       cv_sigrange_update         000000018003cd40 f   sfc_debug:cv_sfinterface.obj
 0001:0003bd80       cvsf_eml_eval              000000018003cd80 f   sfc_debug:cv_sfinterface.obj
 0001:0003be60       cvsf_eml_init_script       000000018003ce60 f   sfc_debug:cv_sfinterface.obj
 0001:0003bee0       cvsf_eml_init_fcn          000000018003cee0 f   sfc_debug:cv_sfinterface.obj
 0001:0003bf40       cvsf_eml_init_testobjective 000000018003cf40 f   sfc_debug:cv_sfinterface.obj
 0001:0003bfa0       cvsf_eml_init_if           000000018003cfa0 f   sfc_debug:cv_sfinterface.obj
 0001:0003c000       cvsf_eml_init_for          000000018003d000 f   sfc_debug:cv_sfinterface.obj
 0001:0003c050       cvsf_eml_init_while        000000018003d050 f   sfc_debug:cv_sfinterface.obj
 0001:0003c0a0       cvsf_eml_init_mcdc         000000018003d0a0 f   sfc_debug:cv_sfinterface.obj
 0001:0003c130       cvsf_eml_init_switch       000000018003d130 f   sfc_debug:cv_sfinterface.obj
 0001:0003c1a0       cvsf_script_eval           000000018003d1a0 f   sfc_debug:cv_sfinterface.obj
 0001:0003c280       cvsf_script_init_script    000000018003d280 f   sfc_debug:cv_sfinterface.obj
 0001:0003c300       cvsf_script_init_fcn       000000018003d300 f   sfc_debug:cv_sfinterface.obj
 0001:0003c360       cvsf_script_init_testobjective 000000018003d360 f   sfc_debug:cv_sfinterface.obj
 0001:0003c3c0       cvsf_script_init_if        000000018003d3c0 f   sfc_debug:cv_sfinterface.obj
 0001:0003c420       cvsf_script_init_for       000000018003d420 f   sfc_debug:cv_sfinterface.obj
 0001:0003c470       cvsf_script_init_while     000000018003d470 f   sfc_debug:cv_sfinterface.obj
 0001:0003c4c0       cvsf_script_init_mcdc      000000018003d4c0 f   sfc_debug:cv_sfinterface.obj
 0001:0003c550       cvsf_script_init_switch    000000018003d550 f   sfc_debug:cv_sfinterface.obj
 0001:0003c5c0       cv_destroy_interface       000000018003d5c0 f   sfc_debug:cv_sfinterface.obj
 0001:0003c5e0       cv_create_instance_objects 000000018003d5e0 f   sfc_debug:cv_sfinterface.obj
 0001:0003ca90       cv_is_enabled              000000018003da90 f   sfc_debug:cv_sfinterface.obj
 0001:0003caa0       sf_debug_cv_initialize_script 000000018003daa0 f   sfc_debug:cv_sfinterface.obj
 0001:0003cc50       sf_debug_cv_initialize_instance 000000018003dc50 f   sfc_debug:cv_sfinterface.obj
 0001:0003cff0       sf_debug_cv_terminate_chart 000000018003dff0 f   sfc_debug:cv_sfinterface.obj
 0001:0003d130       cv_call_trans_test         000000018003e130 f   sfc_debug:cv_sfinterface.obj
 0001:0003d140       cv_call_sub_cond_test      000000018003e140 f   sfc_debug:cv_sfinterface.obj
 0001:0003d270       sf_debug_hm_initialize_instance 000000018003e270 f   sfc_debug:sfdb_handle_management.obj
 0001:0003d7f0       sf_debug_hm_get_object_id  000000018003e7f0 f   sfc_debug:sfdb_handle_management.obj
 0001:0003f760       sf_debug_object_is_eml_function 0000000180040760 f   sfc_debug:sfdb_handle_management.obj
 0001:0003f7d0       sf_debug_hm_initialize_ids_in_machine 00000001800407d0 f   sfc_debug:sfdb_handle_management.obj
 0001:0003f940       sf_debug_hm_initialize_ids_in_chart 0000000180040940 f   sfc_debug:sfdb_handle_management.obj
 0001:0003fa80       sf_debug_hm_initialize_chart 0000000180040a80 f   sfc_debug:sfdb_handle_management.obj
 0001:00040230       sf_debug_hm_terminate      0000000180041230 f   sfc_debug:sfdb_handle_management.obj
 0001:00040290       sf_debug_hm_initialize_machine 0000000180041290 f   sfc_debug:sfdb_handle_management.obj
 0001:00040a40       sf_debug_st_initialize_machine 0000000180041a40 f   sfc_debug:sfdb_data_browse.obj
 0001:00040b00       sf_debug_st_initialize_instance 0000000180041b00 f   sfc_debug:sfdb_data_browse.obj
 0001:00040d30       sf_debug_st_terminate      0000000180041d30 f   sfc_debug:sfdb_data_browse.obj
 0001:000410d0       sf_debug_st_set_data_value_ptr_in_machine 00000001800420d0 f   sfc_debug:sfdb_data_browse.obj
 0001:00041160       sf_debug_st_set_data_value_ptr_in_instance 0000000180042160 f   sfc_debug:sfdb_data_browse.obj
 0001:00041240       sf_debug_st_unset_data_value_ptr_in_machine 0000000180042240 f   sfc_debug:sfdb_data_browse.obj
 0001:000412b0       sf_debug_st_unset_data_value_ptr_in_instance 00000001800422b0 f   sfc_debug:sfdb_data_browse.obj
 0001:000415c0       sf_debug_mx_value          00000001800425c0 f   sfc_debug:sfdb_data_browse.obj
 0001:00041620       sf_debug_mx_packed_vector  0000000180042620 f   sfc_debug:sfdb_data_browse.obj
 0001:00041700       sf_debug_mx_uint_vector    0000000180042700 f   sfc_debug:sfdb_data_browse.obj
 0001:000417c0       sf_debug_st_get_double_value_from_void_ptr_vector 00000001800427c0 f   sfc_debug:sfdb_data_browse.obj
 0001:000422b0       sf_debug_st_browse_data    00000001800432b0 f   sfc_debug:sfdb_data_browse.obj
 0001:00042a50       sf_debug_ss_initialize     0000000180043a50 f   sfc_debug:sfdb_symbol_scope.obj
 0001:00042a70       sf_debug_ss_terminate      0000000180043a70 f   sfc_debug:sfdb_symbol_scope.obj
 0001:00042b00       sf_debug_ss_push_symbol_scope 0000000180043b00 f   sfc_debug:sfdb_symbol_scope.obj
 0001:00042c00       sf_debug_ss_push_symbol_scope_eml 0000000180043c00 f   sfc_debug:sfdb_symbol_scope.obj
 0001:00042c60       sf_debug_ss_pop_symbol_scope 0000000180043c60 f   sfc_debug:sfdb_symbol_scope.obj
 0001:00042d10       sf_debug_ss_add_symbol     0000000180043d10 f   sfc_debug:sfdb_symbol_scope.obj
 0001:00042e70       sf_debug_ss_add_symbol_eml 0000000180043e70 f   sfc_debug:sfdb_symbol_scope.obj
 0001:00043b50       sf_debug_ss_set_data_value 0000000180044b50 f   sfc_debug:sfdb_symbol_scope.obj
 0001:00043ff0       sf_debug_ss_watch_data     0000000180044ff0 f   sfc_debug:sfdb_symbol_scope.obj
 0001:00044090       sf_debug_ss_assign_data    0000000180045090 f   sfc_debug:sfdb_symbol_scope.obj
 0001:00044a90       get_data_entry_name        0000000180045a90 f   sfc_debug:sfdb_symbol_scope.obj
 0001:00044ae0       sf_debug_ss_whos           0000000180045ae0 f   sfc_debug:sfdb_symbol_scope.obj
 0001:000451f0       sf_debug_cc_initialize_chart 00000001800461f0 f   sfc_debug:sfdb_coverage.obj
 0001:00045be0       sf_debug_cc_initialize_instance 0000000180046be0 f   sfc_debug:sfdb_coverage.obj
 0001:000469e0       sf_debug_cc_terminate      00000001800479e0 f   sfc_debug:sfdb_coverage.obj
 0001:00046ad0       sf_debug_cc_set_transition_maps 0000000180047ad0 f   sfc_debug:sfdb_coverage.obj
 0001:00046c00       sf_debug_cc_set_state_maps 0000000180047c00 f   sfc_debug:sfdb_coverage.obj
 0001:00046ce0       sf_debug_cc_set_transition_weights 0000000180047ce0 f   sfc_debug:sfdb_coverage.obj
 0001:00046fb0       sf_debug_cc_set_state_weights 0000000180047fb0 f   sfc_debug:sfdb_coverage.obj
 0001:00047280       sf_debug_cc_mark_transition_guard 0000000180048280 f   sfc_debug:sfdb_coverage.obj
 0001:00047310       sf_debug_cc_mark_transition_trigger 0000000180048310 f   sfc_debug:sfdb_coverage.obj
 0001:000473a0       sf_debug_cc_mark_transition_decision 00000001800483a0 f   sfc_debug:sfdb_coverage.obj
 0001:00047410       sf_debug_cc_mark_transition_condition_action 0000000180048410 f   sfc_debug:sfdb_coverage.obj
 0001:00047460       sf_debug_cc_mark_transition_transition_action 0000000180048460 f   sfc_debug:sfdb_coverage.obj
 0001:000474b0       sf_debug_cc_mark_state_entry 00000001800484b0 f   sfc_debug:sfdb_coverage.obj
 0001:00047500       sf_debug_cc_mark_state_during 0000000180048500 f   sfc_debug:sfdb_coverage.obj
 0001:00047550       sf_debug_cc_mark_state_exit 0000000180048550 f   sfc_debug:sfdb_coverage.obj
 0001:000475a0       sf_debug_bm_clear_script_breakpoints 00000001800485a0 f   sfc_debug:sfdb_breakpoints.obj
 0001:000475d0       sf_debug_bm_set_script_breakpoint 00000001800485d0 f   sfc_debug:sfdb_breakpoints.obj
 0001:00047650       sf_debug_bm_clear_single_script_breakpoint 0000000180048650 f   sfc_debug:sfdb_breakpoints.obj
 0001:000476d0       sf_debug_bm_query_script_breakpoint 00000001800486d0 f   sfc_debug:sfdb_breakpoints.obj
 0001:00047720       sf_debug_bm_initialize_scripts 0000000180048720 f   sfc_debug:sfdb_breakpoints.obj
 0001:00047e40       sf_debug_bm_terminate      0000000180048e40 f   sfc_debug:sfdb_breakpoints.obj
 0001:00048130       sf_debug_bm_remove_all_breakpoints_in_machine 0000000180049130 f   sfc_debug:sfdb_breakpoints.obj
 0001:000481a0       sf_debug_bm_remove_all_breakpoints_in_chart 00000001800491a0 f   sfc_debug:sfdb_breakpoints.obj
 0001:000482f0       sf_debug_bm_initialize_global_breakpoints 00000001800492f0 f   sfc_debug:sfdb_breakpoints.obj
 0001:00048470       sf_debug_bm_set_breakpoint 0000000180049470 f   sfc_debug:sfdb_breakpoints.obj
 0001:00048aa0       sf_debug_bm_set_eml_breakpoint 0000000180049aa0 f   sfc_debug:sfdb_breakpoints.obj
 0001:00048b40       sf_debug_bm_initialize_machine_breakpoint_map 0000000180049b40 f   sfc_debug:sfdb_breakpoints.obj
 0001:00048f60       sf_debug_bm_is_a_breakpoint 0000000180049f60 f   sfc_debug:sfdb_breakpoints.obj
 0001:00049480       sf_debug_bm_get_all_breakpoints_in_machine 000000018004a480 f   sfc_debug:sfdb_breakpoints.obj
 0001:00049780       sf_debug_bm_get_all_breakpoints_in_chart 000000018004a780 f   sfc_debug:sfdb_breakpoints.obj
 0001:0004a440       sf_debug_bm_initialize_machine 000000018004b440 f   sfc_debug:sfdb_breakpoints.obj
 0001:0004a510       sf_debug_bm_initialize_chart 000000018004b510 f   sfc_debug:sfdb_breakpoints.obj
 0001:0004a930       sf_debug_sc_terminate      000000018004b930 f   sfc_debug:sfdb_state_consistency.obj
 0001:0004ac60       sf_debug_sc_is_chart_consistent 000000018004bc60 f   sfc_debug:sfdb_state_consistency.obj
 0001:0004af10       sf_debug_sc_get_consistency_error_info 000000018004bf10 f   sfc_debug:sfdb_state_consistency.obj
 0001:0004b360       sf_debug_tm_terminate      000000018004c360 f   sfc_debug:sfdb_call_stack.obj
 0001:0004b420       sf_debug_tm_push_chart_instance 000000018004c420 f   sfc_debug:sfdb_call_stack.obj
 0001:0004b570       sf_debug_tm_pop_chart_instance 000000018004c570 f   sfc_debug:sfdb_call_stack.obj
 0001:0004b5d0       sf_debug_tm_push_trace_node 000000018004c5d0 f   sfc_debug:sfdb_call_stack.obj
 0001:0004b760       sf_debug_tm_pop_trace_node 000000018004c760 f   sfc_debug:sfdb_call_stack.obj
 0001:0004b7e0       sf_debug_tm_get_current_global_trace_index 000000018004c7e0 f   sfc_debug:sfdb_call_stack.obj
 0001:0004b7f0       sf_debug_tm_get_current_local_trace_index 000000018004c7f0 f   sfc_debug:sfdb_call_stack.obj
 0001:0004b820       sf_debug_tm_set_cycle_detected_flag 000000018004c820 f   sfc_debug:sfdb_call_stack.obj
 0001:0004b860       sf_debug_tm_set_cycle_started_flag 000000018004c860 f   sfc_debug:sfdb_call_stack.obj
 0001:0004b8a0       sf_debug_tm_get_chart_number_from_stack 000000018004c8a0 f   sfc_debug:sfdb_call_stack.obj
 0001:0004baa0       sf_debug_tm_browse_trace   000000018004caa0 f   sfc_debug:sfdb_call_stack.obj
 0001:0004bde0       sf_debug_cd_initialize_instance 000000018004cde0 f   sfc_debug:sfdb_cycle_detection.obj
 0001:0004c090       sf_debug_cd_mark_processed_transition_in_instance 000000018004d090 f   sfc_debug:sfdb_cycle_detection.obj
 0001:0004c130       sf_debug_cd_checksum_push  000000018004d130 f   sfc_debug:sfdb_cycle_detection.obj
 0001:0004c3f0       sf_debug_cd_checksum_pop   000000018004d3f0 f   sfc_debug:sfdb_cycle_detection.obj
 0001:0004c460       sf_debug_cd_turn_off_cycle_detection 000000018004d460 f   sfc_debug:sfdb_cycle_detection.obj
 0001:0004c4b0       sf_debug_cd_terminate      000000018004d4b0 f   sfc_debug:sfdb_cycle_detection.obj
 0001:0004c6f0       md5_initialize_state       000000018004d6f0 f   sfc_debug:ckmd5.obj
 0001:0004d160       md5_update_state           000000018004e160 f   sfc_debug:ckmd5.obj
 0001:0004d180       md5_get_hash               000000018004e180 f   sfc_debug:ckmd5.obj
 0001:0004d1b0       md5_get_hash_for_a_single_string 000000018004e1b0 f   sfc_debug:ckmd5.obj
 0001:0004d214       mxGetPr                    000000018004e214 f   libmx:libmx.dll
 0001:0004d21a       mxCreateDoubleScalar       000000018004e21a f   libmx:libmx.dll
 0001:0004d220       mxCreateDoubleMatrix_730   000000018004e220 f   libmx:libmx.dll
 0001:0004d226       mxSetField_730             000000018004e226 f   libmx:libmx.dll
 0001:0004d22c       mxCreateString             000000018004e22c f   libmx:libmx.dll
 0001:0004d232       mxCreateStructMatrix_730   000000018004e232 f   libmx:libmx.dll
 0001:0004d238       mxDestroyArray             000000018004e238 f   libmx:libmx.dll
 0001:0004d23e       mxDuplicateArray           000000018004e23e f   libmx:libmx.dll
 0001:0004d244       mxGetString_730            000000018004e244 f   libmx:libmx.dll
 0001:0004d24a       mxIsChar                   000000018004e24a f   libmx:libmx.dll
 0001:0004d250       mxGetClassID               000000018004e250 f   libmx:libmx.dll
 0001:0004d256       mxIsNumeric                000000018004e256 f   libmx:libmx.dll
 0001:0004d25c       mxIsComplex                000000018004e25c f   libmx:libmx.dll
 0001:0004d262       mxGetN                     000000018004e262 f   libmx:libmx.dll
 0001:0004d268       mxGetM                     000000018004e268 f   libmx:libmx.dll
 0001:0004d26e       mxCalloc                   000000018004e26e f   libmx:libmx.dll
 0001:0004d274       mxGetScalar                000000018004e274 f   libmx:libmx.dll
 0001:0004d27a       mxIsLogical                000000018004e27a f   libmx:libmx.dll
 0001:0004d280       mxCreateDoubleMatrix_700   000000018004e280 f   libmx:libmx.dll
 0001:0004d286       mxFree                     000000018004e286 f   libmx:libmx.dll
 0001:0004d28c       mxArrayToString            000000018004e28c f   libmx:libmx.dll
 0001:0004d292       mxCreateCellMatrix_700     000000018004e292 f   libmx:libmx.dll
 0001:0004d298       mxSetCell_700              000000018004e298 f   libmx:libmx.dll
 0001:0004d29e       mxGetCell_700              000000018004e29e f   libmx:libmx.dll
 0001:0004d2a4       mxGetClassName             000000018004e2a4 f   libmx:libmx.dll
 0001:0004d2aa       mxSetField_700             000000018004e2aa f   libmx:libmx.dll
 0001:0004d2b0       mxAddField                 000000018004e2b0 f   libmx:libmx.dll
 0001:0004d2b6       mxGetField_700             000000018004e2b6 f   libmx:libmx.dll
 0001:0004d2bc       mxGetNumberOfElements      000000018004e2bc f   libmx:libmx.dll
 0001:0004d2c2       mxIsStruct                 000000018004e2c2 f   libmx:libmx.dll
 0001:0004d2c8       mxIsClass                  000000018004e2c8 f   libmx:libmx.dll
 0001:0004d2ce       mxGetLogicals              000000018004e2ce f   libmx:libmx.dll
 0001:0004d2d4       mxIsSparse                 000000018004e2d4 f   libmx:libmx.dll
 0001:0004d2da       mxSetFieldByNumber_700     000000018004e2da f   libmx:libmx.dll
 0001:0004d2e0       mxGetFieldByNumber_700     000000018004e2e0 f   libmx:libmx.dll
 0001:0004d2e6       mxGetFieldNameByNumber     000000018004e2e6 f   libmx:libmx.dll
 0001:0004d2ec       mxGetNumberOfFields        000000018004e2ec f   libmx:libmx.dll
 0001:0004d2f2       mxCreateStructMatrix_700   000000018004e2f2 f   libmx:libmx.dll
 0001:0004d2f8       mxGetFieldNumber           000000018004e2f8 f   libmx:libmx.dll
 0001:0004d2fe       mxIsNaN                    000000018004e2fe f   libmx:libmx.dll
 0001:0004d304       mxIsEmpty                  000000018004e304 f   libmx:libmx.dll
 0001:0004d30a       mxGetData                  000000018004e30a f   libmx:libmx.dll
 0001:0004d310       mxGetImagData              000000018004e310 f   libmx:libmx.dll
 0001:0004d316       mxArrayClassIDName         000000018004e316 f   libmx:libmx.dll
 0001:0004d31c       mxCreateNumericMatrix_700  000000018004e31c f   libmx:libmx.dll
 0001:0004d322       mxCreateStructArray_700    000000018004e322 f   libmx:libmx.dll
 0001:0004d328       mxCalcSingleSubscript_700  000000018004e328 f   libmx:libmx.dll
 0001:0004d32e       mxGetDimensions_700        000000018004e32e f   libmx:libmx.dll
 0001:0004d334       mxGetNumberOfDimensions_700 000000018004e334 f   libmx:libmx.dll
 0001:0004d33a       mxCreateNumericArray_700   000000018004e33a f   libmx:libmx.dll
 0001:0004d340       mxGetElementSize           000000018004e340 f   libmx:libmx.dll
 0001:0004d346       mxCreateStringFromNChars_700 000000018004e346 f   libmx:libmx.dll
 0001:0004d34c       mxGetString_700            000000018004e34c f   libmx:libmx.dll
 0001:0004d352       mxIsLogicalScalarTrue      000000018004e352 f   libmx:libmx.dll
 0001:0004d358       mxCreateLogicalScalar      000000018004e358 f   libmx:libmx.dll
 0001:0004d35e       mexUnlock                  000000018004e35e f   libmex:libmex.dll
 0001:0004d364       mexIsLocked                000000018004e364 f   libmex:libmex.dll
 0001:0004d36a       mexWarnMsgTxt              000000018004e36a f   libmex:libmex.dll
 0001:0004d370       mexCallMATLAB              000000018004e370 f   libmex:libmex.dll
 0001:0004d376       mexErrMsgTxt               000000018004e376 f   libmex:libmex.dll
 0001:0004d37c       mexMakeArrayPersistent     000000018004e37c f   libmex:libmex.dll
 0001:0004d382       mexSetTrapFlag             000000018004e382 f   libmex:libmex.dll
 0001:0004d388       mexPutVariable             000000018004e388 f   libmex:libmex.dll
 0001:0004d38e       mexGetVariable             000000018004e38e f   libmex:libmex.dll
 0001:0004d394       mexLock                    000000018004e394 f   libmex:libmex.dll
 0001:0004d39a       mexMakeMemoryPersistent    000000018004e39a f   libmex:libmex.dll
 0001:0004d3a0       mexFunctionName            000000018004e3a0 f   libmex:libmex.dll
 0001:0004d3a6       ssRegisterDataTypeFxpFSlopeFixExpBias 000000018004e3a6 f   libfixedpoint:libfixedpoint.dll
 0001:0004d3ac       utVSNprintf                000000018004e3ac f   libut:libut.dll
 0001:0004d3b2       utCPUtime                  000000018004e3b2 f   libut:libut.dll
 0001:0004d3b8       utFree                     000000018004e3b8 f   libut:libut.dll
 0001:0004d3be       utMalloc                   000000018004e3be f   libut:libut.dll
 0001:0004d3c4       emlrtCheckBuiltInCtxR2011a 000000018004e3c4 f   libemlrt:libemlrt.dll
 0001:0004d3ca       emlrtCheckVsBuiltInCtxR2011a 000000018004e3ca f   libemlrt:libemlrt.dll
 0001:0004d3d0       emlrtCheckEnumR2009a       000000018004e3d0 f   libemlrt:libemlrt.dll
 0001:0004d3d6       emlrtCreateEnumR2010a      000000018004e3d6 f   libemlrt:libemlrt.dll
 0001:0004d3dc       emlrtGetEnumElementR2009a  000000018004e3dc f   libemlrt:libemlrt.dll
 0001:0004d3e2       emlrtCreateReference       000000018004e3e2 f   libemlrt:libemlrt.dll
 0001:0004d3e8       emlrtImportVsFiArrayR2009b 000000018004e3e8 f   libemlrt:libemlrt.dll
 0001:0004d3ee       emlrtExtractMessageId      000000018004e3ee f   libemlrt:libemlrt.dll
 0001:0004d3f4       emlrtTranslateMessageIDtoLCPstring 000000018004e3f4 f   libemlrt:libemlrt.dll
 0001:0004d3fa       emlrtForLoopVectorIsValidR2011b 000000018004e3fa f   libemlrt:libemlrt.dll
 0001:0004d400       emlrtTranslateUTF16MessagetoLCPstring 000000018004e400 f   libemlrt:libemlrt.dll
 0001:0004d406       emlrtGetEnumUnderlyingArrayR2009a 000000018004e406 f   libemlrt:libemlrt.dll
 0001:0004d40c       emlrtIsEnumR2009a          000000018004e40c f   libemlrt:libemlrt.dll
 0001:0004d414       __GSHandlerCheckCommon     000000018004e414 f   MSVCRT:gshandler.obj
 0001:0004d478       __GSHandlerCheck           000000018004e478 f   MSVCRT:gshandler.obj
 0001:0004d496       strlen                     000000018004e496 f   MSVCRT:MSVCR100.dll
 0001:0004d4b0       __security_check_cookie    000000018004e4b0 f   MSVCRT:amdsecgs.obj
 0001:0004d4d0       memset                     000000018004e4d0 f   MSVCRT:MSVCR100.dll
 0001:0004d4d6       malloc                     000000018004e4d6 f   MSVCRT:MSVCR100.dll
 0001:0004d4dc       free                       000000018004e4dc f   MSVCRT:MSVCR100.dll
 0001:0004d4e2       strcmp                     000000018004e4e2 f   MSVCRT:MSVCR100.dll
 0001:0004d4e8       sprintf                    000000018004e4e8 f   MSVCRT:MSVCR100.dll
 0001:0004d4ee       strcat                     000000018004e4ee f   MSVCRT:MSVCR100.dll
 0001:0004d4f4       memcpy                     000000018004e4f4 f   MSVCRT:MSVCR100.dll
 0001:0004d4fc       NtCurrentTeb               000000018004e4fc f i MSVCRT:crtdll.obj
 0001:0004d568       _CRT_INIT                  000000018004e568 f   MSVCRT:crtdll.obj
 0001:0004d900       _DllMainCRTStartup         000000018004e900 f   MSVCRT:crtdll.obj
 0001:0004d93e       strncpy                    000000018004e93e f   MSVCRT:MSVCR100.dll
 0001:0004d960       _alloca_probe              000000018004e960     MSVCRT:chkstk.obj
 0001:0004d960       __chkstk                   000000018004e960 f   MSVCRT:chkstk.obj
 0001:0004d9ae       longjmp                    000000018004e9ae f   MSVCRT:MSVCR100.dll
 0001:0004d9b4       strncmp                    000000018004e9b4 f   MSVCRT:MSVCR100.dll
 0001:0004d9ba       ceil                       000000018004e9ba f   MSVCRT:MSVCR100.dll
 0001:0004d9c0       strrchr                    000000018004e9c0 f   MSVCRT:MSVCR100.dll
 0001:0004d9c6       _setjmp                    000000018004e9c6 f   MSVCRT:MSVCR100.dll
 0001:0004d9cc       calloc                     000000018004e9cc f   MSVCRT:MSVCR100.dll
 0001:0004d9d2       realloc                    000000018004e9d2 f   MSVCRT:MSVCR100.dll
 0001:0004d9d8       ldexp                      000000018004e9d8 f   MSVCRT:MSVCR100.dll
 0001:0004d9e0       __report_gsfailure         000000018004e9e0 f   MSVCRT:gs_report.obj
 0001:0004db2c       __clean_type_info_names    000000018004eb2c f   MSVCRT:tncleanup.obj
 0001:0004db38       _onexit                    000000018004eb38 f   MSVCRT:atonexit.obj
 0001:0004dbe8       atexit                     000000018004ebe8 f   MSVCRT:atonexit.obj
 0001:0004dc00       _RTC_Initialize            000000018004ec00 f   MSVCRT:_initsect_.obj
 0001:0004dc38       _RTC_Terminate             000000018004ec38 f   MSVCRT:_initsect_.obj
 0001:0004dc70       _malloc_crt                000000018004ec70 f   MSVCRT:MSVCR100.dll
 0001:0004dc80       _ValidateImageBase         000000018004ec80 f   MSVCRT:pesect.obj
 0001:0004dcb0       _FindPESection             000000018004ecb0 f   MSVCRT:pesect.obj
 0001:0004dd00       _IsNonwritableInCurrentImage 000000018004ed00 f   MSVCRT:pesect.obj
 0001:0004dd42       _initterm                  000000018004ed42 f   MSVCRT:MSVCR100.dll
 0001:0004dd48       _initterm_e                000000018004ed48 f   MSVCRT:MSVCR100.dll
 0001:0004dd4e       _encoded_null              000000018004ed4e f   MSVCRT:MSVCR100.dll
 0001:0004dd54       _amsg_exit                 000000018004ed54 f   MSVCRT:MSVCR100.dll
 0001:0004dd5a       __C_specific_handler       000000018004ed5a f   MSVCRT:MSVCR100.dll
 0001:0004dd60       __CppXcptFilter            000000018004ed60 f   MSVCRT:MSVCR100.dll
 0001:0004dd68       DllMain                    000000018004ed68 f   MSVCRT:dllmain.obj
 0001:0004dd8c       __security_init_cookie     000000018004ed8c f   MSVCRT:gs_support.obj
 0001:0004de40       __crt_debugger_hook        000000018004ee40 f   MSVCRT:MSVCR100.dll
 0001:0004de46       __clean_type_info_names_internal 000000018004ee46 f   MSVCRT:MSVCR100.dll
 0001:0004de4c       _unlock                    000000018004ee4c f   MSVCRT:MSVCR100.dll
 0001:0004de52       __dllonexit                000000018004ee52 f   MSVCRT:MSVCR100.dll
 0001:0004de58       _lock                      000000018004ee58 f   MSVCRT:MSVCR100.dll
 0001:0004de5e       EncodePointer              000000018004ee5e f   kernel32:KERNEL32.dll
 0001:0004de64       DecodePointer              000000018004ee64 f   kernel32:KERNEL32.dll
 0001:0004de6a       Sleep                      000000018004ee6a f   kernel32:KERNEL32.dll
 0001:0004de70       TerminateProcess           000000018004ee70 f   kernel32:KERNEL32.dll
 0001:0004de76       GetCurrentProcess          000000018004ee76 f   kernel32:KERNEL32.dll
 0001:0004de7c       UnhandledExceptionFilter   000000018004ee7c f   kernel32:KERNEL32.dll
 0001:0004de82       SetUnhandledExceptionFilter 000000018004ee82 f   kernel32:KERNEL32.dll
 0001:0004de88       IsDebuggerPresent          000000018004ee88 f   kernel32:KERNEL32.dll
 0001:0004de8e       RtlVirtualUnwind           000000018004ee8e f   kernel32:KERNEL32.dll
 0001:0004de94       RtlLookupFunctionEntry     000000018004ee94 f   kernel32:KERNEL32.dll
 0001:0004de9a       RtlCaptureContext          000000018004ee9a f   kernel32:KERNEL32.dll
 0001:0004dea0       DisableThreadLibraryCalls  000000018004eea0 f   kernel32:KERNEL32.dll
 0001:0004dea6       QueryPerformanceCounter    000000018004eea6 f   kernel32:KERNEL32.dll
 0001:0004deac       GetTickCount               000000018004eeac f   kernel32:KERNEL32.dll
 0001:0004deb2       GetCurrentThreadId         000000018004eeb2 f   kernel32:KERNEL32.dll
 0001:0004deb8       GetCurrentProcessId        000000018004eeb8 f   kernel32:KERNEL32.dll
 0001:0004debe       GetSystemTimeAsFileTime    000000018004eebe f   kernel32:KERNEL32.dll
 0002:00000000       __imp_GetSystemTimeAsFileTime 000000018004f000     kernel32:KERNEL32.dll
 0002:00000008       __imp_GetCurrentProcessId  000000018004f008     kernel32:KERNEL32.dll
 0002:00000010       __imp_GetCurrentThreadId   000000018004f010     kernel32:KERNEL32.dll
 0002:00000018       __imp_GetTickCount         000000018004f018     kernel32:KERNEL32.dll
 0002:00000020       __imp_QueryPerformanceCounter 000000018004f020     kernel32:KERNEL32.dll
 0002:00000028       __imp_DisableThreadLibraryCalls 000000018004f028     kernel32:KERNEL32.dll
 0002:00000030       __imp_RtlCaptureContext    000000018004f030     kernel32:KERNEL32.dll
 0002:00000038       __imp_RtlLookupFunctionEntry 000000018004f038     kernel32:KERNEL32.dll
 0002:00000040       __imp_RtlVirtualUnwind     000000018004f040     kernel32:KERNEL32.dll
 0002:00000048       __imp_IsDebuggerPresent    000000018004f048     kernel32:KERNEL32.dll
 0002:00000050       __imp_SetUnhandledExceptionFilter 000000018004f050     kernel32:KERNEL32.dll
 0002:00000058       __imp_UnhandledExceptionFilter 000000018004f058     kernel32:KERNEL32.dll
 0002:00000060       __imp_GetCurrentProcess    000000018004f060     kernel32:KERNEL32.dll
 0002:00000068       __imp_TerminateProcess     000000018004f068     kernel32:KERNEL32.dll
 0002:00000070       __imp_Sleep                000000018004f070     kernel32:KERNEL32.dll
 0002:00000078       __imp_DecodePointer        000000018004f078     kernel32:KERNEL32.dll
 0002:00000080       __imp_EncodePointer        000000018004f080     kernel32:KERNEL32.dll
 0002:00000088       \177KERNEL32_NULL_THUNK_DATA 000000018004f088     kernel32:KERNEL32.dll
 0002:00000090       __imp__onexit              000000018004f090     MSVCRT:MSVCR100.dll
 0002:00000098       __imp__lock                000000018004f098     MSVCRT:MSVCR100.dll
 0002:000000a0       __imp___dllonexit          000000018004f0a0     MSVCRT:MSVCR100.dll
 0002:000000a8       __imp__unlock              000000018004f0a8     MSVCRT:MSVCR100.dll
 0002:000000b0       __imp___clean_type_info_names_internal 000000018004f0b0     MSVCRT:MSVCR100.dll
 0002:000000b8       __imp___crt_debugger_hook  000000018004f0b8     MSVCRT:MSVCR100.dll
 0002:000000c0       __imp___CppXcptFilter      000000018004f0c0     MSVCRT:MSVCR100.dll
 0002:000000c8       __imp___C_specific_handler 000000018004f0c8     MSVCRT:MSVCR100.dll
 0002:000000d0       __imp__amsg_exit           000000018004f0d0     MSVCRT:MSVCR100.dll
 0002:000000d8       __imp__encoded_null        000000018004f0d8     MSVCRT:MSVCR100.dll
[...]
 0001:00025510       check_array_dimensions     0000000180026510 f   sfc_mex:sfc_mex.obj
 0001:00025580       check_input_mxarray        0000000180026580 f   sfc_mex:sfc_mex.obj
 0001:00025cc0       sf_numeric_value_to_double 0000000180026cc0 f   sfc_mex:sfc_mex.obj
 0001:00025d10       ml_generic_out_of_bounds_check 0000000180026d10 f   sfc_mex:sfc_mex.obj
 0001:00025ee0       ml_get_element_value_from_array 0000000180026ee0 f   sfc_mex:sfc_mex.obj
 0001:00026280       _ml_generic_castability_check 0000000180027280 f   sfc_mex:sfc_mex.obj
 0001:00026fe0       ml_generic_castability_check 0000000180027fe0 f   sfc_mex:sfc_mex.obj
 0001:00027080       ml_check_mx_array_for_single_castability 0000000180028080 f   sfc_mex:sfc_mex.obj
 0001:00027120       ml_check_mx_array_for_logical_castability 0000000180028120 f   sfc_mex:sfc_mex.obj
 0001:000271c0       ml_check_mx_array_for_int8_castability 00000001800281c0 f   sfc_mex:sfc_mex.obj
 0001:00027270       ml_check_mx_array_for_uint8_castability 0000000180028270 f   sfc_mex:sfc_mex.obj
 0001:000272d0       ml_check_mx_array_for_int16_castability 00000001800282d0 f   sfc_mex:sfc_mex.obj
 0001:00027330       ml_check_mx_array_for_uint16_castability 0000000180028330 f   sfc_mex:sfc_mex.obj
 0001:00027390       ml_check_mx_array_for_int32_castability 0000000180028390 f   sfc_mex:sfc_mex.obj
 0001:000273f0       ml_check_mx_array_for_uint32_castability 00000001800283f0 f   sfc_mex:sfc_mex.obj
 0001:00027450       ml_check_mx_array_for_castability 0000000180028450 f   sfc_mex:sfc_mex.obj
 0001:00027d80       set_data_value             0000000180028d80 f   sfc_mex:sfc_mex.obj
 0001:000280f0       get_data_value             00000001800290f0 f   sfc_mex:sfc_mex.obj
 0001:00028200       get_next_element_address   0000000180029200 f   sfc_mex:sfc_mex.obj
 0001:000282d0       sf_normalize_index         00000001800292d0 f   sfc_mex:sfc_mex.obj
 0001:00028660       ml_array_index_bound_check 0000000180029660 f   sfc_mex:sfc_mex.obj
 0001:00029180       mx_value                   000000018002a180 f   sfc_mex:sfc_mex.obj
 0001:000291d0       sf_create_numeric_array    000000018002a1d0 f   sfc_mex:sfc_mex.obj
 0001:00029270       sf_mex_assign_to_mx_array  000000018002a270 f   sfc_mex:sfc_mex.obj
 0001:000295c0       assign_from_mx_array       000000018002a5c0 f   sfc_mex:sfc_mex.obj
 0001:00029df0       sf_mex_import_v            000000018002adf0 f   sfc_mex:sfc_mex.obj
 0001:0002a4f0       get_machine_and_chart_file_number 000000018002b4f0 f   sfc_mex:sfc_sf.obj
 0001:0002a5e0       get_sfun_block_specialization 000000018002b5e0 f   sfc_mex:sfc_sf.obj
 0001:0002a660       call_sf_machine_global_method_dispatcher 000000018002b660 f   sfc_mex:sfc_sf.obj
 0001:0002a890       mdl_zeroCrossings_processing 000000018002b890 f   sfc_mex:sfc_sf.obj
 0001:0002a960       mdl_derivatives_processing 000000018002b960 f   sfc_mex:sfc_sf.obj
 0001:0002ac20       mdl_outputs_continuous_legacy 000000018002bc20 f   sfc_mex:sfc_sf.obj
 0001:0002aca0       mdl_outputs_processing     000000018002bca0 f   sfc_mex:sfc_sf.obj
 0001:0002aed0       mdl_enable_processing      000000018002bed0 f   sfc_mex:sfc_sf.obj
 0001:0002afa0       mdl_disable_processing     000000018002bfa0 f   sfc_mex:sfc_sf.obj
 0001:0002bce0       sf_call_output_fcn_enable_disable 000000018002cce0 f   sfc_mex:sfc_sf.obj
 0001:0002bf60       set_dwork_information_from_mx_array 000000018002cf60 f   sfc_mex:sfc_sf.obj
 0001:0002c820       ptr2mxStruct               000000018002d820 f   sfc_mex:sfc_sf.obj
 0001:0002cb10       SNPRINTF_WRAPPER           000000018002db10 f   sfc_debug:sfcdebug.obj
 0001:0002cb30       sf_debug_chart_instance_initialized_quick 000000018002db30 f   sfc_debug:sfcdebug.obj
 0001:0002cb40       sf_debug_chart_instance_initialized 000000018002db40 f   sfc_debug:sfcdebug.obj
 0001:0002cce0       sfrtAddSize                000000018002dce0 f   sfc_debug:sfcdebug.obj
 0001:0002cda0       sfrtGenSizeString          000000018002dda0 f   sfc_debug:sfcdebug.obj
 0001:0002d4b0       sf_debug_sim_status_listener 000000018002e4b0 f   sfc_debug:sfcdebug.obj
 0001:0002da20       sf_debug_form_mask_bits    000000018002ea20 f   sfc_debug:sfcdebug.obj
 0001:0002da60       sf_debug_form_sf_data_type_offsets 000000018002ea60 f   sfc_debug:sfcdebug.obj
 0001:0002db20       sf_debug_free_all          000000018002eb20 f   sfc_debug:sfcdebug.obj
 0001:0002dca0       sf_debug_append_debugger_context 000000018002eca0 f   sfc_debug:sfcdebug.obj
 0001:0002df60       local_strdup               000000018002ef60 f   sfc_debug:sfcdebug.obj
 0001:0002ee40       sf_debug_em_terminate      000000018002fe40 f   sfc_debug:sfcdebug.obj
 0001:0002ee80       sf_debug_push_eml_function 000000018002fe80 f   sfc_debug:sfcdebug.obj
 0001:0002ef20       sf_debug_pop_eml_function  000000018002ff20 f   sfc_debug:sfcdebug.obj
 0001:0002fc20       sf_debug_get_machine_number_from_id_or_name 0000000180030c20 f   sfc_debug:sfcdebug.obj
 0001:0002fd70       sf_debug_get_chart_number_from_id 0000000180030d70 f   sfc_debug:sfcdebug.obj
 0001:000309e0       sf_debug_transfer_control_to_debugger_GUI 00000001800319e0 f   sfc_debug:sfcdebug.obj
 0001:00031970       sf_debug_scripts_rehash    0000000180032970 f   sfc_debug:sfcdebug.obj
 0001:00031bb0       sf_debug_get_script_line_count 0000000180032bb0 f   sfc_debug:sfcdebug.obj
 0001:000322c0       cv_eml_state_cvId          00000001800332c0 f   sfc_debug:sfcdebug.obj
 0001:00032330       cv_eml_trans_cvId          0000000180033330 f   sfc_debug:sfcdebug.obj
 0001:000335f0       sf_debug_data_array_bounds_error 00000001800345f0 f   sfc_debug:sfcdebug.obj
 0001:00033a20       eml_debug_runtime_error_doclink 0000000180034a20 f   sfc_debug:sfcdebug.obj
 0001:00033ba0       sf_debug_runtime_error     0000000180034ba0 f   sfc_debug:sfcdebug.obj
 0001:00033c10       sf_debug_matlab_error      0000000180034c10 f   sfc_debug:sfcdebug.obj
 0001:00034540       sf_debug_data_value_error  0000000180035540 f   sfc_debug:sfcdebug.obj
 0001:00034e40       sf_debug_data_loss_error   0000000180035e40 f   sfc_debug:sfcdebug.obj
 0001:00035d60       call_cv_range_check        0000000180036d60 f   sfc_debug:sfcdebug.obj
 0001:00036530       sf_debug_invoke_cycle_detection_code 0000000180037530 f   sfc_debug:sfcdebug.obj
 0001:000373a0       sf_reset_debug_info_struct 00000001800383a0 f   sfc_debug:sfcdebug.obj
 0001:00037c90       cv_script_cvId             0000000180038c90 f   sfc_debug:sfcdebug.obj
 0001:00038a80       sfc_api_chart_visible      0000000180039a80 f   sfc_debug:sfc_api.obj
 0001:00038b00       sfc_api_active_instance    0000000180039b00 f   sfc_debug:sfc_api.obj
 0001:00038b80       sfc_api_machine_load       0000000180039b80 f   sfc_debug:sfc_api.obj
 0001:00038c50       sfc_api_debugger_alive     0000000180039c50 f   sfc_debug:sfc_api.obj
 0001:00038c60       sfc_api_go                 0000000180039c60 f   sfc_debug:sfc_api.obj
 0001:00038c70       sfc_api_step_over          0000000180039c70 f   sfc_debug:sfc_api.obj
 0001:00038c80       sfc_api_step_out           0000000180039c80 f   sfc_debug:sfc_api.obj
 0001:00038c90       sfc_api_resume             0000000180039c90 f   sfc_debug:sfc_api.obj
 0001:00038ca0       sfc_api_break              0000000180039ca0 f   sfc_debug:sfc_api.obj
 0001:00038cb0       sfc_api_stop_debugging     0000000180039cb0 f   sfc_debug:sfc_api.obj
 0001:00038d00       sfc_api_is_cycle_detected  0000000180039d00 f   sfc_debug:sfc_api.obj
 0001:00038d50       sfc_api_is_array_bounds_detected 0000000180039d50 f   sfc_debug:sfc_api.obj
 0001:00038da0       sfc_api_set_disable_all_breakpoints 0000000180039da0 f   sfc_debug:sfc_api.obj
 0001:00038e10       sfc_api_disable_all_breakpoints_and_go 0000000180039e10 f   sfc_debug:sfc_api.obj
 0001:00038e20       sfc_api_close              0000000180039e20 f   sfc_debug:sfc_api.obj
 0001:00038e30       sfc_api_browse_data        0000000180039e30 f   sfc_debug:sfc_api.obj
 0001:00038ea0       sfc_api_watch_data         0000000180039ea0 f   sfc_debug:sfc_api.obj
 0001:00038f40       sfc_api_assign_data        0000000180039f40 f   sfc_debug:sfc_api.obj
 0001:00038fe0       sfc_api_whos               0000000180039fe0 f   sfc_debug:sfc_api.obj
 0001:00039070       sfc_api_get_consistency_info 000000018003a070 f   sfc_debug:sfc_api.obj
 0001:00039080       sfc_api_browse_trace       000000018003a080 f   sfc_debug:sfc_api.obj
 0001:00039090       sfc_api_break_on_chart_entry 000000018003a090 f   sfc_debug:sfc_api.obj
 0001:000390b0       sfc_api_break_on_event_broadcast 000000018003a0b0 f   sfc_debug:sfc_api.obj
 0001:000390d0       sfc_api_break_on_state_entry 000000018003a0d0 f   sfc_debug:sfc_api.obj
 0001:000390f0       sfc_api_set_watch          000000018003a0f0 f   sfc_debug:sfc_api.obj
 0001:00039190       sfc_api_set_breakpoints    000000018003a190 f   sfc_debug:sfc_api.obj
 0001:00039230       sfc_api_set_eml_breakpoints 000000018003a230 f   sfc_debug:sfc_api.obj
 0001:000392b0       sfc_api_set_script_breakpoints 000000018003a2b0 f   sfc_debug:sfc_api.obj
 0001:00039300       sfc_api_add_script_breakpoints 000000018003a300 f   sfc_debug:sfc_api.obj
 0001:00039350       sfc_api_clear_script_breakpoints 000000018003a350 f   sfc_debug:sfc_api.obj
 0001:000393a0       sfc_api_query_script_breakpoints 000000018003a3a0 f   sfc_debug:sfc_api.obj
 0001:00039400       sfc_api_get_script_id      000000018003a400 f   sfc_debug:sfc_api.obj
 0001:000394c0       sfc_api_get_active_states  000000018003a4c0 f   sfc_debug:sfc_api.obj
 0001:00039540       sfc_api_break_between_times 000000018003a540 f   sfc_debug:sfc_api.obj
 0001:000395a0       sfc_api_get_instance_handle 000000018003a5a0 f   sfc_debug:sfc_api.obj
 0001:00039650       sfc_api_set_animation      000000018003a650 f   sfc_debug:sfc_api.obj
 0001:000396a0       sfc_api_select_chart       000000018003a6a0 f   sfc_debug:sfc_api.obj
 0001:00039700       sfc_api_select_charts      000000018003a700 f   sfc_debug:sfc_api.obj
 0001:00039730       sfc_api_cycle_detection_check 000000018003a730 f   sfc_debug:sfc_api.obj
 0001:00039780       sfc_api_data_range_check   000000018003a780 f   sfc_debug:sfc_api.obj
 0001:000397d0       sfc_api_transition_conflict_check 000000018003a7d0 f   sfc_debug:sfc_api.obj
 0001:00039820       sfc_api_state_consistency_check 000000018003a820 f   sfc_debug:sfc_api.obj
 0001:00039870       sfc_api_set_instance_cv_ids 000000018003a870 f   sfc_debug:sfc_api.obj
 0001:00039980       sfc_api_set_script_cv_ids  000000018003a980 f   sfc_debug:sfc_api.obj
 0001:00039a20       sfc_api_get_current_machine_id 000000018003aa20 f   sfc_debug:sfc_api.obj
 0001:00039a50       sfc_api_get_current_machine_number 000000018003aa50 f   sfc_debug:sfc_api.obj
 0001:00039a80       sfc_api_get_current_chart_number 000000018003aa80 f   sfc_debug:sfc_api.obj
 0001:00039ab0       sfc_api_get_current_instance_number 000000018003aab0 f   sfc_debug:sfc_api.obj
 0001:00039ae0       sfc_api_get_current_instance_handle 000000018003aae0 f   sfc_debug:sfc_api.obj
 0001:00039b00       sfc_api_get_current_is_minor_time_step 000000018003ab00 f   sfc_debug:sfc_api.obj
 0001:00039b30       sfc_api_get_current_machine_name 000000018003ab30 f   sfc_debug:sfc_api.obj
 0001:00039b50       sfc_api_get_current_chart_id 000000018003ab50 f   sfc_debug:sfc_api.obj
 0001:00039b80       sfc_api_get_current_object_type 000000018003ab80 f   sfc_debug:sfc_api.obj
 0001:00039bb0       sfc_api_get_current_event_type 000000018003abb0 f   sfc_debug:sfc_api.obj
 0001:00039be0       sfc_api_get_current_object_id 000000018003abe0 f   sfc_debug:sfc_api.obj
 0001:00039c10       sfc_get_current_active_event_type 000000018003ac10 f   sfc_debug:sfc_api.obj
 0001:00039c40       sfc_api_get_current_active_event_id 000000018003ac40 f   sfc_debug:sfc_api.obj
 0001:00039c70       sfc_api_get_current_simulation_time 000000018003ac70 f   sfc_debug:sfc_api.obj
 0001:00039c90       sfc_get_current_tag_type   000000018003ac90 f   sfc_debug:sfc_api.obj
 0001:00039cc0       sfc_get_current_coverage_percentage 000000018003acc0 f   sfc_debug:sfc_api.obj
 0001:00039ce0       sfc_get_current_statement_context 000000018003ace0 f   sfc_debug:sfc_api.obj
 0001:00039d00       sfc_get_current_optional_integer 000000018003ad00 f   sfc_debug:sfc_api.obj
 0001:00039d30       sfc_get_current_statement_info 000000018003ad30 f   sfc_debug:sfc_api.obj
 0001:00039dd0       sfc_api_get                000000018003add0 f   sfc_debug:sfc_api.obj
 0001:00039f30       sf_debug_sm_is_using_unified_editors 000000018003af30 f   sfc_debug:sfdb_animation.obj
 0001:00039fd0       sf_debug_sm_is_chart_visible_in_unified_editors 000000018003afd0 f   sfc_debug:sfdb_animation.obj
 0001:0003a090       sf_debug_sm_check_if_chart_is_visible 000000018003b090 f   sfc_debug:sfdb_animation.obj
 0001:0003ab90       sf_debug_sm_fill_state_activity_data 000000018003bb90 f   sfc_debug:sfdb_animation.obj
 0001:0003d180       sf_debug_hm_get_simulink_handle 000000018003e180 f   sfc_debug:sfdb_handle_management.obj
 0001:0003dcd0       sf_debug_hm_initialize_globals 000000018003ecd0 f   sfc_debug:sfdb_handle_management.obj
 0001:0003ddd0       sf_debug_hm_get_machine_debug_flag 000000018003edd0 f   sfc_debug:sfdb_handle_management.obj
 0001:0003df40       sf_debug_hm_get_machine_id 000000018003ef40 f   sfc_debug:sfdb_handle_management.obj
 0001:0003e060       sf_debug_hm_get_chart_id   000000018003f060 f   sfc_debug:sfdb_handle_management.obj
 0001:0003e200       sf_debug_hm_register_executing_SFunction 000000018003f200 f   sfc_debug:sfdb_handle_management.obj
 0001:0003e3a0       sf_debug_hm_get_chart_active_instance 000000018003f3a0 f   sfc_debug:sfdb_handle_management.obj
 0001:0003e510       sf_debug_hm_get_chart_visibility 000000018003f510 f   sfc_debug:sfdb_handle_management.obj
 0001:0003e660       sf_debug_hm_form_object_boolean_properties 000000018003f660 f   sfc_debug:sfdb_handle_management.obj
 0001:0003e930       sf_debug_hm_form_object_properties 000000018003f930 f   sfc_debug:sfdb_handle_management.obj
 0001:0003eb70       sf_debug_hm_terminate_charts 000000018003fb70 f   sfc_debug:sfdb_handle_management.obj
 0001:0003f2e0       sf_debug_hm_terminate_machines 00000001800402e0 f   sfc_debug:sfdb_handle_management.obj
 0001:00040c00       void_ptr_stack_vector_free_total 0000000180041c00 f   sfc_debug:sfdb_data_browse.obj
 0001:00040c90       sf_debug_st_terminate_machine 0000000180041c90 f   sfc_debug:sfdb_data_browse.obj
 0001:00040cd0       sf_debug_st_terminate_instance 0000000180041cd0 f   sfc_debug:sfdb_data_browse.obj
 0001:00041080       push_on_to_void_ptr_stack  0000000180042080 f   sfc_debug:sfdb_data_browse.obj
 0001:00041210       pop_from_void_ptr_stack    0000000180042210 f   sfc_debug:sfdb_data_browse.obj
 0001:00041340       sf_debug_st_get_data_value 0000000180042340 f   sfc_debug:sfdb_data_browse.obj
 0001:000418d0       mx_value                   00000001800428d0 f   sfc_debug:sfdb_data_browse.obj
 0001:00041910       sf_debug_st_fill_data_struct 0000000180042910 f   sfc_debug:sfdb_data_browse.obj
 0001:00041c50       data_type_format_strings   0000000180042c50 f   sfc_debug:sfdb_data_browse.obj
 0001:00041d00       sf_debug_st_fill_data      0000000180042d00 f   sfc_debug:sfdb_data_browse.obj
 0001:00042f40       sf_debug_ss_copy_dimension 0000000180043f40 f   sfc_debug:sfdb_symbol_scope.obj
 0001:00043000       sf_debug_ss_get_number_elements 0000000180044000 f   sfc_debug:sfdb_symbol_scope.obj
 0001:00043020       sf_debug_ss_fill_data_struct 0000000180044020 f   sfc_debug:sfdb_symbol_scope.obj
 0001:00043370       sf_debug_ss_reset_data_info 0000000180044370 f   sfc_debug:sfdb_symbol_scope.obj
 0001:000433d0       sf_debug_fill_data_info_by_symbol_scope_entry 00000001800443d0 f   sfc_debug:sfdb_symbol_scope.obj
 0001:00043490       sf_debug_fill_data_info_by_data_vector 0000000180044490 f   sfc_debug:sfdb_symbol_scope.obj
 0001:000436e0       sf_debug_ss_get_data_info  00000001800446e0 f   sfc_debug:sfdb_symbol_scope.obj
 0001:000439d0       sf_debug_select_mex_function 00000001800449d0 f   sfc_debug:sfdb_symbol_scope.obj
 0001:00043a00       sf_debug_is_dyn_matrix_initialized 0000000180044a00 f   sfc_debug:sfdb_symbol_scope.obj
 0001:00043a20       sf_debug_ss_set_data_value_try 0000000180044a20 f   sfc_debug:sfdb_symbol_scope.obj
 0001:00043bf0       sf_debug_ss_get_data_value 0000000180044bf0 f   sfc_debug:sfdb_symbol_scope.obj
 0001:00044140       sf_debug_ss_data_bytes_string 0000000180045140 f   sfc_debug:sfdb_symbol_scope.obj
 0001:000441f0       sf_debug_ss_data_class_string 00000001800451f0 f   sfc_debug:sfdb_symbol_scope.obj
 0001:00044580       sf_debug_ss_data_size_string 0000000180045580 f   sfc_debug:sfdb_symbol_scope.obj
 0001:00044660       sf_debug_ss_data_create_data_info_struct 0000000180045660 f   sfc_debug:sfdb_symbol_scope.obj
 0001:00044930       sf_debug_ss_data_create_name_value_pair 0000000180045930 f   sfc_debug:sfdb_symbol_scope.obj
 0001:000449d0       sf_debug_ss_data_get_whos_info 00000001800459d0 f   sfc_debug:sfdb_symbol_scope.obj
 0001:000449e0       same_named_data_in_data_array 00000001800459e0 f   sfc_debug:sfdb_symbol_scope.obj
 0001:00046250       sf_debug_cc_terminate_chart 0000000180047250 f   sfc_debug:sfdb_coverage.obj
 0001:000465f0       sf_debug_cc_terminate_instance 00000001800475f0 f   sfc_debug:sfdb_coverage.obj
 0001:000471e0       sf_debug_cc_mark_object_if_needed 00000001800481e0 f   sfc_debug:sfdb_coverage.obj
 0001:00047ae0       sf_debug_bm_initialize_eml 0000000180048ae0 f   sfc_debug:sfdb_breakpoints.obj
 0001:00048c50       sf_debug_bm_map_debug_tag_to_breakpoint_tag 0000000180049c50 f   sfc_debug:sfdb_breakpoints.obj
 0001:00048d30       sf_debug_bm_is_a_eml_breakpoint_impl 0000000180049d30 f   sfc_debug:sfdb_breakpoints.obj
 0001:0004a7b0       sf_debug_sc_push_on_error_stack 000000018004b7b0 f   sfc_debug:sfdb_state_consistency.obj
 0001:0004a8e0       sf_debug_sc_reset_error_stack 000000018004b8e0 f   sfc_debug:sfdb_state_consistency.obj
 0001:0004aa70       sf_debug_sc_is_state_inconsistent 000000018004ba70 f   sfc_debug:sfdb_state_consistency.obj
 0001:0004ad70       sf_debug_sc_fill_consistency_info 000000018004bd70 f   sfc_debug:sfdb_state_consistency.obj
 0001:0004b350       void_assertion_fcn         000000018004c350 f   sfc_debug:sfdb_call_stack.obj
 0001:0004b8d0       sf_debug_tm_fill_local_trace 000000018004c8d0 f   sfc_debug:sfdb_call_stack.obj
 0001:0004bea0       sf_debug_cd_terminate_instance 000000018004cea0 f   sfc_debug:sfdb_cycle_detection.obj
 0001:0004bf00       sf_debug_cd_free_checksum_stack 000000018004cf00 f   sfc_debug:sfdb_cycle_detection.obj
 0001:0004bf50       sf_debug_cd_reset_pack_strings 000000018004cf50 f   sfc_debug:sfdb_cycle_detection.obj
 0001:0004c610       md5file_clear              000000018004d610 f   sfc_debug:ckmd5.obj
 0001:0004c640       Encode                     000000018004d640 f   sfc_debug:ckmd5.obj
 0001:0004c690       Decode                     000000018004d690 f   sfc_debug:ckmd5.obj
 0001:0004c730       MD5Transform               000000018004d730 f   sfc_debug:ckmd5.obj
 0001:0004cf80       md5file_addn               000000018004df80 f   sfc_debug:ckmd5.obj
 0001:0004d050       md5file_hash               000000018004e050 f   sfc_debug:ckmd5.obj
 0001:0004d508       pre_c_init                 000000018004e508 f   MSVCRT:crtdll.obj
 0001:0004d7c4       __DllMainCRTStartup        000000018004e7c4 f   MSVCRT:crtdll.obj
 0001:0004ded0       __DllMainCRTStartup$filt$0 000000018004eed0 f   MSVCRT:crtdll.obj
 0001:0004df00       __DllMainCRTStartup$fin$1  000000018004ef00 f   MSVCRT:crtdll.obj
 0001:0004df1a       _onexit$fin$0              000000018004ef1a f   MSVCRT:atonexit.obj
 0001:0004df40       _IsNonwritableInCurrentImage$filt$0 000000018004ef40 f   MSVCRT:pesect.obj
