 SALTStabilizationInnerOuterLoopSIM_sfun

 Timestamp is 520ebaf3 (Fri Aug 16 16:51:15 2013)

 Preferred load address is 0000000180000000

 Start         Length     Name                   Class
 0001:00000000 00048fa4H .text                   CODE
 0001:00048fb0 00000092H .text$x                 CODE
 0002:00000000 00000458H .idata$5                DATA
 0002:00000458 00000008H .CRT$XCA                DATA
 0002:00000460 00000008H .CRT$XCZ                DATA
 0002:00000468 00000008H .CRT$XIA                DATA
 0002:00000470 00000008H .CRT$XIAA               DATA
 0002:00000478 00000008H .CRT$XIZ                DATA
 0002:00000480 00004adcH .rdata                  DATA
 0002:00004f60 00000008H .rtc$IAA                DATA
 0002:00004f68 00000008H .rtc$IZZ                DATA
 0002:00004f70 00000008H .rtc$TAA                DATA
 0002:00004f78 00000008H .rtc$TZZ                DATA
 0002:00004f80 0000448cH .xdata                  DATA
 0002:0000940c 0000008cH .idata$2                DATA
 0002:00009498 00000014H .idata$3                DATA
 0002:000094b0 00000458H .idata$4                DATA
 0002:00009908 00000a0cH .idata$6                DATA
 0002:0000a320 0000006dH .edata                  DATA
 0003:00000000 00004c68H .data                   DATA
 0003:00004c80 00002698H .bss                    DATA
 0004:00000000 00003894H .pdata                  DATA

  Address         Publics by Value              Rva+Base               Lib:Object

 0000:00000000       ___safe_se_handler_count   0000000000000000     <absolute>
 0000:00000000       ___safe_se_handler_table   0000000000000000     <absolute>
 0000:00000000       __ImageBase                0000000180000000     <linker-defined>
 0001:00000000       sf_c1_SALTStabilizationInnerOuterLoopSIM_get_eml_resolved_functions_info 0000000180001000 f   c1_SALTStabilizationInnerOuterLoopSIM.obj
 0001:00000590       sf_c1_SALTStabilizationInnerOuterLoopSIM_get_check_sum 0000000180001590 f   c1_SALTStabilizationInnerOuterLoopSIM.obj
 0001:00000610       sf_c1_SALTStabilizationInnerOuterLoopSIM_get_autoinheritance_info 0000000180001610 f   c1_SALTStabilizationInnerOuterLoopSIM.obj
 0001:00000a30       sf_internal_get_sim_state_c1_SALTStabilizationInnerOuterLoopSIM 0000000180001a30 f   c1_SALTStabilizationInnerOuterLoopSIM.obj
 0001:00000d80       sf_internal_set_sim_state_c1_SALTStabilizationInnerOuterLoopSIM 0000000180001d80 f   c1_SALTStabilizationInnerOuterLoopSIM.obj
 0001:00001170       c1_SALTStabilizationInnerOuterLoopSIM_method_dispatcher 0000000180002170 f   c1_SALTStabilizationInnerOuterLoopSIM.obj
 0001:00002920       sf_c2_SALTStabilizationInnerOuterLoopSIM_get_eml_resolved_functions_info 0000000180003920 f   c2_SALTStabilizationInnerOuterLoopSIM.obj
 0001:00002fb0       sf_c2_SALTStabilizationInnerOuterLoopSIM_get_check_sum 0000000180003fb0 f   c2_SALTStabilizationInnerOuterLoopSIM.obj
 0001:00003030       sf_c2_SALTStabilizationInnerOuterLoopSIM_get_autoinheritance_info 0000000180004030 f   c2_SALTStabilizationInnerOuterLoopSIM.obj
 0001:00003450       sf_internal_get_sim_state_c2_SALTStabilizationInnerOuterLoopSIM 0000000180004450 f   c2_SALTStabilizationInnerOuterLoopSIM.obj
 0001:000037a0       sf_internal_set_sim_state_c2_SALTStabilizationInnerOuterLoopSIM 00000001800047a0 f   c2_SALTStabilizationInnerOuterLoopSIM.obj
 0001:00003b90       c2_SALTStabilizationInnerOuterLoopSIM_method_dispatcher 0000000180004b90 f   c2_SALTStabilizationInnerOuterLoopSIM.obj
 0001:000053a0       sf_c3_SALTStabilizationInnerOuterLoopSIM_get_eml_resolved_functions_info 00000001800063a0 f   c3_SALTStabilizationInnerOuterLoopSIM.obj
 0001:000059c0       sf_c3_SALTStabilizationInnerOuterLoopSIM_get_check_sum 00000001800069c0 f   c3_SALTStabilizationInnerOuterLoopSIM.obj
 0001:00005a40       sf_c3_SALTStabilizationInnerOuterLoopSIM_get_autoinheritance_info 0000000180006a40 f   c3_SALTStabilizationInnerOuterLoopSIM.obj
 0001:00005e60       sf_internal_get_sim_state_c3_SALTStabilizationInnerOuterLoopSIM 0000000180006e60 f   c3_SALTStabilizationInnerOuterLoopSIM.obj
 0001:000061b0       sf_internal_set_sim_state_c3_SALTStabilizationInnerOuterLoopSIM 00000001800071b0 f   c3_SALTStabilizationInnerOuterLoopSIM.obj
 0001:000065a0       c3_SALTStabilizationInnerOuterLoopSIM_method_dispatcher 00000001800075a0 f   c3_SALTStabilizationInnerOuterLoopSIM.obj
 0001:00007d50       sf_c4_SALTStabilizationInnerOuterLoopSIM_get_eml_resolved_functions_info 0000000180008d50 f   c4_SALTStabilizationInnerOuterLoopSIM.obj
 0001:00008360       sf_c4_SALTStabilizationInnerOuterLoopSIM_get_check_sum 0000000180009360 f   c4_SALTStabilizationInnerOuterLoopSIM.obj
 0001:000083e0       sf_c4_SALTStabilizationInnerOuterLoopSIM_get_autoinheritance_info 00000001800093e0 f   c4_SALTStabilizationInnerOuterLoopSIM.obj
 0001:00008a90       sf_internal_get_sim_state_c4_SALTStabilizationInnerOuterLoopSIM 0000000180009a90 f   c4_SALTStabilizationInnerOuterLoopSIM.obj
 0001:00009210       sf_internal_set_sim_state_c4_SALTStabilizationInnerOuterLoopSIM 000000018000a210 f   c4_SALTStabilizationInnerOuterLoopSIM.obj
 0001:00009b70       c4_SALTStabilizationInnerOuterLoopSIM_method_dispatcher 000000018000ab70 f   c4_SALTStabilizationInnerOuterLoopSIM.obj
 0001:0000c610       sf_c7_SALTStabilizationInnerOuterLoopSIM_get_eml_resolved_functions_info 000000018000d610 f   c7_SALTStabilizationInnerOuterLoopSIM.obj
 0001:0000cc70       sf_c7_SALTStabilizationInnerOuterLoopSIM_get_check_sum 000000018000dc70 f   c7_SALTStabilizationInnerOuterLoopSIM.obj
 0001:0000ccf0       sf_c7_SALTStabilizationInnerOuterLoopSIM_get_autoinheritance_info 000000018000dcf0 f   c7_SALTStabilizationInnerOuterLoopSIM.obj
 0001:0000d780       sf_internal_get_sim_state_c7_SALTStabilizationInnerOuterLoopSIM 000000018000e780 f   c7_SALTStabilizationInnerOuterLoopSIM.obj
 0001:0000dd10       sf_internal_set_sim_state_c7_SALTStabilizationInnerOuterLoopSIM 000000018000ed10 f   c7_SALTStabilizationInnerOuterLoopSIM.obj
 0001:0000e1f0       c7_SALTStabilizationInnerOuterLoopSIM_method_dispatcher 000000018000f1f0 f   c7_SALTStabilizationInnerOuterLoopSIM.obj
 0001:00012840       sf_c33_SALTStabilizationInnerOuterLoopSIM_get_eml_resolved_functions_info 0000000180013840 f   c33_SALTStabilizationInnerOuterLoopSIM.obj
 0001:00012e50       sf_c33_SALTStabilizationInnerOuterLoopSIM_get_check_sum 0000000180013e50 f   c33_SALTStabilizationInnerOuterLoopSIM.obj
 0001:00012ed0       sf_c33_SALTStabilizationInnerOuterLoopSIM_get_autoinheritance_info 0000000180013ed0 f   c33_SALTStabilizationInnerOuterLoopSIM.obj
 0001:00013580       sf_internal_get_sim_state_c33_SALTStabilizationInnerOuterLoopSIM 0000000180014580 f   c33_SALTStabilizationInnerOuterLoopSIM.obj
 0001:00013d00       sf_internal_set_sim_state_c33_SALTStabilizationInnerOuterLoopSIM 0000000180014d00 f   c33_SALTStabilizationInnerOuterLoopSIM.obj
 0001:00014660       c33_SALTStabilizationInnerOuterLoopSIM_method_dispatcher 0000000180015660 f   c33_SALTStabilizationInnerOuterLoopSIM.obj
 0001:00017110       sf_process_check_sum_call  0000000180018110 f   SALTStabilizationInnerOuterLoopSIM_sfun_registry.obj
 0001:00017160       sf_process_autoinheritance_call 0000000180018160 f   SALTStabilizationInnerOuterLoopSIM_sfun_registry.obj
 0001:00017300       sf_process_get_eml_resolved_functions_info_call 0000000180018300 f   SALTStabilizationInnerOuterLoopSIM_sfun_registry.obj
 0001:00017480       sf_mex_unlock_call         0000000180018480 f   SALTStabilizationInnerOuterLoopSIM_sfun_registry.obj
 0001:00017530       sf_machine_global_initializer_called 0000000180018530 f   SALTStabilizationInnerOuterLoopSIM_sfun_registry.obj
 0001:00017560       sf_machine_global_method_dispatcher 0000000180018560 f   SALTStabilizationInnerOuterLoopSIM_sfun_registry.obj
 0001:000175c0       sf_machine_global_terminator 00000001800185c0 f   SALTStabilizationInnerOuterLoopSIM_sfun_registry.obj
 0001:00017600       sf_register_machine_exported_symbols 0000000180018600 f   SALTStabilizationInnerOuterLoopSIM_sfun_registry.obj
 0001:00017620       callCustomFcn              0000000180018620 f   SALTStabilizationInnerOuterLoopSIM_sfun_registry.obj
 0001:00017630       sf_machine_global_initializer 0000000180018630 f   SALTStabilizationInnerOuterLoopSIM_sfun_registry.obj
 0001:000176a0       _ssSetStateAbsTol          00000001800186a0 f   SALTStabilizationInnerOuterLoopSIM_sfun_registry.obj
 0001:00017780       _ssGetAbsTol               0000000180018780 f   SALTStabilizationInnerOuterLoopSIM_sfun_registry.obj
 0001:000177f0       _ssSetInputPortMatrixDimensions 00000001800187f0 f   SALTStabilizationInnerOuterLoopSIM_sfun_registry.obj
 0001:00017900       _ssSetOutputPortMatrixDimensions 0000000180018900 f   SALTStabilizationInnerOuterLoopSIM_sfun_registry.obj
 0001:00017a10       _ssSetInputPortVectorDimension 0000000180018a10 f   SALTStabilizationInnerOuterLoopSIM_sfun_registry.obj
 0001:00017ae0       _ssSetOutputPortVectorDimension 0000000180018ae0 f   SALTStabilizationInnerOuterLoopSIM_sfun_registry.obj
 0001:00017bb0       ssIsRunTimeParamTunable    0000000180018bb0 f   SALTStabilizationInnerOuterLoopSIM_sfun_registry.obj
 0001:00017c20       ssGetSFuncBlockHandle      0000000180018c20 f   SALTStabilizationInnerOuterLoopSIM_sfun_registry.obj
 0001:00017c90       _ssGetCurrentInputPortWidth 0000000180018c90 f   SALTStabilizationInnerOuterLoopSIM_sfun_registry.obj
 0001:00017db0       _ssGetCurrentOutputPortWidth 0000000180018db0 f   SALTStabilizationInnerOuterLoopSIM_sfun_registry.obj
 0001:00017ed0       _ssGetCallSystemNumFcnCallDestinations 0000000180018ed0 f   SALTStabilizationInnerOuterLoopSIM_sfun_registry.obj
 0001:00017f40       ssWarning                  0000000180018f40 f   SALTStabilizationInnerOuterLoopSIM_sfun_registry.obj
 0001:00018050       ssGetIsZeroCrossControlDisabled 0000000180019050 f   SALTStabilizationInnerOuterLoopSIM_sfun_registry.obj
 0001:000180c0       ssSetIsInputPortUsedForContZcSignal 00000001800190c0 f   SALTStabilizationInnerOuterLoopSIM_sfun_registry.obj
 0001:00018130       ssSetZcSignalIsZcElementDisc 0000000180019130 f   SALTStabilizationInnerOuterLoopSIM_sfun_registry.obj
 0001:000181e0       ssSetZcSignalName          00000001800191e0 f   SALTStabilizationInnerOuterLoopSIM_sfun_registry.obj
 0001:00018250       ssSetZcSignalWidth         0000000180019250 f   SALTStabilizationInnerOuterLoopSIM_sfun_registry.obj
 0001:000182c0       ssSetZcSignalZcEventType   00000001800192c0 f   SALTStabilizationInnerOuterLoopSIM_sfun_registry.obj
 0001:00018330       ssSetZcSignalType          0000000180019330 f   SALTStabilizationInnerOuterLoopSIM_sfun_registry.obj
 0001:000183a0       ssSetZcSignalZcTol         00000001800193a0 f   SALTStabilizationInnerOuterLoopSIM_sfun_registry.obj
 0001:00018410       ssSetZcSignalNeedsEventNotification 0000000180019410 f   SALTStabilizationInnerOuterLoopSIM_sfun_registry.obj
 0001:00018480       ssCreateAndAddZcSignalInfo 0000000180019480 f   SALTStabilizationInnerOuterLoopSIM_sfun_registry.obj
 0001:000184f0       ssCloneAndAddZcSignalInfo  00000001800194f0 f   SALTStabilizationInnerOuterLoopSIM_sfun_registry.obj
 0001:00018560       ssGetNumZcSignals          0000000180019560 f   SALTStabilizationInnerOuterLoopSIM_sfun_registry.obj
 0001:000185d0       ssGetZcSignalVector        00000001800195d0 f   SALTStabilizationInnerOuterLoopSIM_sfun_registry.obj
 0001:00018640       ssGetZcSignalZcEvents      0000000180019640 f   SALTStabilizationInnerOuterLoopSIM_sfun_registry.obj
 0001:000186b0       ssGetZcSignalName          00000001800196b0 f   SALTStabilizationInnerOuterLoopSIM_sfun_registry.obj
 0001:00018720       ssGetZcSignalWidth         0000000180019720 f   SALTStabilizationInnerOuterLoopSIM_sfun_registry.obj
 0001:00018790       ssGetZcSignalZcEventType   0000000180019790 f   SALTStabilizationInnerOuterLoopSIM_sfun_registry.obj
 0001:00018800       ssGetZcSignalType          0000000180019800 f   SALTStabilizationInnerOuterLoopSIM_sfun_registry.obj
 0001:00018870       ssGetZcSignalZcTol         0000000180019870 f   SALTStabilizationInnerOuterLoopSIM_sfun_registry.obj
 0001:000188f0       ssGetZcSignalNeedsEventNotification 00000001800198f0 f   SALTStabilizationInnerOuterLoopSIM_sfun_registry.obj
 0001:00018960       ssGetZcSignalIsZcElementDisc 0000000180019960 f   SALTStabilizationInnerOuterLoopSIM_sfun_registry.obj
 0001:00018a00       ssGetIsInputPortElementContinuous 0000000180019a00 f   SALTStabilizationInnerOuterLoopSIM_sfun_registry.obj
 0001:00018aa0       _ssGetInputPortSignalPtrsFcn 0000000180019aa0 f   SALTStabilizationInnerOuterLoopSIM_sfun_registry.obj
 0001:00018d60       _ssGetInputPortSignalFcn   0000000180019d60 f   SALTStabilizationInnerOuterLoopSIM_sfun_registry.obj
 0001:00018f80       _ssSetInputPortDirectFeedThroughFcn 0000000180019f80 f   SALTStabilizationInnerOuterLoopSIM_sfun_registry.obj
 0001:000190e0       _ssSetInputPortReusableFcn 000000018001a0e0 f   SALTStabilizationInnerOuterLoopSIM_sfun_registry.obj
 0001:000191d0       _ssSetOutputPortReusableFcn 000000018001a1d0 f   SALTStabilizationInnerOuterLoopSIM_sfun_registry.obj
 0001:000192b0       ssGetDTypeIdFromMxArray    000000018001a2b0 f   SALTStabilizationInnerOuterLoopSIM_sfun_registry.obj
 0001:000193d0       ssWriteRTWStr              000000018001a3d0 f   SALTStabilizationInnerOuterLoopSIM_sfun_registry.obj
 0001:00019430       ssWriteRTWMxVectParam      000000018001a430 f   SALTStabilizationInnerOuterLoopSIM_sfun_registry.obj
 0001:00019490       ssWriteRTWMx2dMatParam     000000018001a490 f   SALTStabilizationInnerOuterLoopSIM_sfun_registry.obj
 0001:00019510       ssWriteRTWNameValuePair    000000018001a510 f   SALTStabilizationInnerOuterLoopSIM_sfun_registry.obj
 0001:00019a00       ssWriteRTWParameters       000000018001aa00 f   SALTStabilizationInnerOuterLoopSIM_sfun_registry.obj
 0001:0001a000       ssWriteRTWParamSettings    000000018001b000 f   SALTStabilizationInnerOuterLoopSIM_sfun_registry.obj
 0001:0001a6d0       ssWriteRTWWorkVect         000000018001b6d0 f   SALTStabilizationInnerOuterLoopSIM_sfun_registry.obj
 0001:0001abd0       mexFunction                000000018001bbd0 f   SALTStabilizationInnerOuterLoopSIM_sfun_registry.obj
 0001:0001c810       ProcessMexSfunctionEveryCall 000000018001d810 f   SALTStabilizationInnerOuterLoopSIM_sfun_registry.obj
 0001:0001c980       SALTStabilizationInnerOuterLoopSIM_initializer 000000018001d980 f   SALTStabilizationInnerOuterLoopSIM_sfun.obj
 0001:0001c990       SALTStabilizationInnerOuterLoopSIM_terminator 000000018001d990 f   SALTStabilizationInnerOuterLoopSIM_sfun.obj
 0001:0001c9a0       sf_SALTStabilizationInnerOuterLoopSIM_method_dispatcher 000000018001d9a0 f   SALTStabilizationInnerOuterLoopSIM_sfun.obj
 0001:0001ca90       sf_SALTStabilizationInnerOuterLoopSIM_process_check_sum_call 000000018001da90 f   SALTStabilizationInnerOuterLoopSIM_sfun.obj
 0001:0001cf50       sf_SALTStabilizationInnerOuterLoopSIM_autoinheritance_info 000000018001df50 f   SALTStabilizationInnerOuterLoopSIM_sfun.obj
 0001:0001d280       sf_SALTStabilizationInnerOuterLoopSIM_get_eml_resolved_functions_info 000000018001e280 f   SALTStabilizationInnerOuterLoopSIM_sfun.obj
 0001:0001d530       SALTStabilizationInnerOuterLoopSIM_debug_initialize 000000018001e530 f   SALTStabilizationInnerOuterLoopSIM_sfun.obj
 0001:0001d5a0       SALTStabilizationInnerOuterLoopSIM_register_exported_symbols 000000018001e5a0 f   SALTStabilizationInnerOuterLoopSIM_sfun.obj
 0001:0001d5b0       load_SALTStabilizationInnerOuterLoopSIM_optimization_info 000000018001e5b0 f   SALTStabilizationInnerOuterLoopSIM_sfun.obj
 0001:0001d600       unload_SALTStabilizationInnerOuterLoopSIM_optimization_info 000000018001e600 f   SALTStabilizationInnerOuterLoopSIM_sfun.obj
 0001:0001d6d0       sf_mex_mx_is_numeric       000000018001e6d0 f   sfc_mex:sfc_mex.obj
 0001:0001d710       strcmp_ignore_ws           000000018001e710 f   sfc_mex:sfc_mex.obj
 0001:0001d850       sf_mex_duplicatearraysafe  000000018001e850 f   sfc_mex:sfc_mex.obj
 0001:0001d9b0       sf_set_error_debugger_context_message_fcn 000000018001e9b0 f   sfc_mex:sfc_mex.obj
 0001:0001d9c0       sf_set_debugger_matlab_error_fcn 000000018001e9c0 f   sfc_mex:sfc_mex.obj
 0001:0001d9f0       sf_set_error_prefix_string 000000018001e9f0 f   sfc_mex:sfc_mex.obj
 0001:0001da20       sf_get_error_prefix_string 000000018001ea20 f   sfc_mex:sfc_mex.obj
 0001:0001da30       sf_mex_enter_parallel_region 000000018001ea30 f   sfc_mex:sfc_mex.obj
 0001:0001da40       sf_mex_exit_parallel_region 000000018001ea40 f   sfc_mex:sfc_mex.obj
 0001:0001da50       sf_get_current_jmp_buf_ptr 000000018001ea50 f   sfc_mex:sfc_mex.obj
 0001:0001da60       sf_set_current_jmp_buf_ptr 000000018001ea60 f   sfc_mex:sfc_mex.obj
 0001:0001da70       sf_mex_set_halt_simulation 000000018001ea70 f   sfc_mex:sfc_mex.obj
 0001:0001da80       sf_mex_get_halt_simulation 000000018001ea80 f   sfc_mex:sfc_mex.obj
 0001:0001da90       sf_mex_clear_error_message 000000018001ea90 f   sfc_mex:sfc_mex.obj
 0001:0001dab0       sf_mex_get_error_message_for_read 000000018001eab0 f   sfc_mex:sfc_mex.obj
 0001:0001dac0       sf_mex_get_error_message_buffer_length 000000018001eac0 f   sfc_mex:sfc_mex.obj
 0001:0001dba0       sf_mex_warning_message     000000018001eba0 f   sfc_mex:sfc_mex.obj
 0001:0001dc10       sf_mex_v_errbuf_createf    000000018001ec10 f   sfc_mex:sfc_mex.obj
 0001:0001dc20       sf_mex_errbuf_createf      000000018001ec20 f   sfc_mex:sfc_mex.obj
 0001:0001dc50       sf_mex_v_errbuf_catf       000000018001ec50 f   sfc_mex:sfc_mex.obj
 0001:0001dc90       sf_mex_errbuf_catf         000000018001ec90 f   sfc_mex:sfc_mex.obj
 0001:0001dce0       sf_mex_errbuf_copy         000000018001ece0 f   sfc_mex:sfc_mex.obj
 0001:0001dcf0       sf_mex_errbuf_clear        000000018001ecf0 f   sfc_mex:sfc_mex.obj
 0001:0001dd00       sf_mex_errbuf_isempty      000000018001ed00 f   sfc_mex:sfc_mex.obj
 0001:0001de10       sf_mex_set_error_status    000000018001ee10 f   sfc_mex:sfc_mex.obj
 0001:0001de60       sf_mex_error_direct_call   000000018001ee60 f   sfc_mex:sfc_mex.obj
 0001:0001de80       sf_mex_error_message_no_long_jump 000000018001ee80 f   sfc_mex:sfc_mex.obj
 0001:0001dea0       sf_mex_long_jump_on_error  000000018001eea0 f   sfc_mex:sfc_mex.obj
 0001:0001ded0       sf_mex_call_matlab         000000018001eed0 f   sfc_mex:sfc_mex.obj
 0001:0001dff0       sf_mex_check_builtin       000000018001eff0 f   sfc_mex:sfc_mex.obj
 0001:0001e030       sf_mex_check_builtin_vs    000000018001f030 f   sfc_mex:sfc_mex.obj
 0001:0001e090       sf_mex_check_enum          000000018001f090 f   sfc_mex:sfc_mex.obj
 0001:0001e0c0       sf_mex_create_enum         000000018001f0c0 f   sfc_mex:sfc_mex.obj
 0001:0001e0e0       sf_mex_get_enum_element    000000018001f0e0 f   sfc_mex:sfc_mex.obj
 0001:0001e0f0       sf_mex_createcellarray     000000018001f0f0 f   sfc_mex:sfc_mex.obj
 0001:0001e100       sf_mex_setcell             000000018001f100 f   sfc_mex:sfc_mex.obj
 0001:0001e110       sf_mex_getcell             000000018001f110 f   sfc_mex:sfc_mex.obj
 0001:0001e120       sf_mex_dup                 000000018001f120 f   sfc_mex:sfc_mex.obj
 0001:0001e140       sf_mex_assign              000000018001f140 f   sfc_mex:sfc_mex.obj
 0001:0001e1c0       sf_mex_destroy             000000018001f1c0 f   sfc_mex:sfc_mex.obj
 0001:0001e1f0       mx_array_has_fi_type       000000018001f1f0 f   sfc_mex:sfc_mex.obj
 0001:0001e220       sf_mex_convert_from_fi     000000018001f220 f   sfc_mex:sfc_mex.obj
 0001:0001e2d0       sf_mex_convert_to_double   000000018001f2d0 f   sfc_mex:sfc_mex.obj
 0001:0001e3f0       sf_mex_import_fi_vs        000000018001f3f0 f   sfc_mex:sfc_mex.obj
 0001:0001e5b0       sf_matrix_matrix_index_ok  000000018001f5b0 f   sfc_mex:sfc_mex.obj
 0001:0001e640       sf_vector_vector_index_ok  000000018001f640 f   sfc_mex:sfc_mex.obj
 0001:0001e670       ssGetCurrentInputPortDimensions_wrapper 000000018001f670 f   sfc_mex:sfc_mex.obj
 0001:0001e690       ssGetCurrentOutputPortDimensions_wrapper 000000018001f690 f   sfc_mex:sfc_mex.obj
 0001:0001e6b0       sf_mex_emlrt_context_is_debug_mode 000000018001f6b0 f   sfc_mex:sfc_mex.obj
 0001:0001e6c0       sf_mex_emlrt_context_set_debug_mode 000000018001f6c0 f   sfc_mex:sfc_mex.obj
 0001:0001e730       sf_clear_error_manager_info 000000018001f730 f   sfc_mex:sfc_mex.obj
 0001:0001e790       sf_mex_stop_simulation_abruptly_wo_error 000000018001f790 f   sfc_mex:sfc_mex.obj
 0001:0001e7d0       sf_mex_error_message       000000018001f7d0 f   sfc_mex:sfc_mex.obj
 0001:0001e830       sf_react_to_error_in_matlab_call 000000018001f830 f   sfc_mex:sfc_mex.obj
 0001:0001e860       sf_mex_addfield            000000018001f860 f   sfc_mex:sfc_mex.obj
 0001:0001e900       sf_mex_getfield            000000018001f900 f   sfc_mex:sfc_mex.obj
 0001:0001ec00       sf_mex_check_class         000000018001fc00 f   sfc_mex:sfc_mex.obj
 0001:0001ecf0       sf_mex_is_real             000000018001fcf0 f   sfc_mex:sfc_mex.obj
 0001:0001f160       sf_mex_decode_encoded_mx_struct_array 0000000180020160 f   sfc_mex:sfc_mex.obj
 0001:0001f440       sf_mex_lw_bounds_check     0000000180020440 f   sfc_mex:sfc_mex.obj
 0001:0001f470       sf_mex_lw_size_eq_check_1d 0000000180020470 f   sfc_mex:sfc_mex.obj
 0001:0001f490       sf_mex_lw_size_eq_check_nd 0000000180020490 f   sfc_mex:sfc_mex.obj
 0001:0001f670       sf_mex_lw_dim_size_eq_check 0000000180020670 f   sfc_mex:sfc_mex.obj
 0001:0001f6a0       sf_mex_lw_dim_size_geq_check 00000001800206a0 f   sfc_mex:sfc_mex.obj
 0001:0001f6d0       sf_mex_lw_sub_assign_size_check_nd 00000001800206d0 f   sfc_mex:sfc_mex.obj
 0001:0001f900       sf_mex_lw_runtime_error_msgid 0000000180020900 f   sfc_mex:sfc_mex.obj
 0001:0001f9f0       sf_mex_lw_matrix_matrix_index_check 00000001800209f0 f   sfc_mex:sfc_mex.obj
 0001:0001fa10       sf_mex_lw_vector_vector_index_check 0000000180020a10 f   sfc_mex:sfc_mex.obj
 0001:0001fa50       sf_mex_lw_for_loop_vector_check 0000000180020a50 f   sfc_mex:sfc_mex.obj
 0001:0001fad0       sf_mex_lw_non_negative_check 0000000180020ad0 f   sfc_mex:sfc_mex.obj
 0001:0001fb10       sf_mex_overflow_error      0000000180020b10 f   sfc_mex:sfc_mex.obj
 0001:0001fb20       sf_mex_dividebyzero_error  0000000180020b20 f   sfc_mex:sfc_mex.obj
 0001:0001fb30       sf_mex_unsafe_enum_error   0000000180020b30 f   sfc_mex:sfc_mex.obj
 0001:0001fb40       sf_emlrtErrHandler         0000000180020b40 f   sfc_mex:sfc_mex.obj
 0001:0001fc20       sf_mex_printf              0000000180020c20 f   sfc_mex:sfc_mex.obj
 0001:0001fdf0       sf_mex_check_size          0000000180020df0 f   sfc_mex:sfc_mex.obj
 0001:000200c0       sf_mex_check_struct        00000001800210c0 f   sfc_mex:sfc_mex.obj
 0001:00020320       sf_mex_check_struct_vs     0000000180021320 f   sfc_mex:sfc_mex.obj
 0001:000203b0       sf_mex_check_fi            00000001800213b0 f   sfc_mex:sfc_mex.obj
 0001:000204b0       sf_mex_check_fi_vs         00000001800214b0 f   sfc_mex:sfc_mex.obj
 0001:00020550       sf_echo_expression         0000000180021550 f   sfc_mex:sfc_mex.obj
 0001:000205b0       sf_assertion_failed        00000001800215b0 f   sfc_mex:sfc_mex.obj
 0001:00020890       sf_mex_evalin              0000000180021890 f   sfc_mex:sfc_mex.obj
 0001:00020b00       sf_mex_export              0000000180021b00 f   sfc_mex:sfc_mex.obj
 0001:00020bc0       sf_mex_get_ml_var_no_error 0000000180021bc0 f   sfc_mex:sfc_mex.obj
 0001:00020d60       sf_mex_get_ml_var          0000000180021d60 f   sfc_mex:sfc_mex.obj
 0001:00021200       ml_set_element_value_in_array 0000000180022200 f   sfc_mex:sfc_mex.obj
 0001:000228d0       sf_mex_call_impl           00000001800238d0 f   sfc_mex:sfc_mex.obj
 0001:00022e00       sf_mex_call_debug          0000000180023e00 f   sfc_mex:sfc_mex.obj
 0001:00022e30       sf_mex_call                0000000180023e30 f   sfc_mex:sfc_mex.obj
 0001:00023480       sf_mex_createstruct        0000000180024480 f   sfc_mex:sfc_mex.obj
 0001:00023570       sf_mex_createstructarray   0000000180024570 f   sfc_mex:sfc_mex.obj
 0001:000235f0       sf_mex_get_mx_datatype_from_sf_datatype 00000001800245f0 f   sfc_mex:sfc_mex.obj
 0001:00023900       sf_mex_ml_var_sub          0000000180024900 f   sfc_mex:sfc_mex.obj
 0001:00023ad0       sf_mex_ml_var_subsasgn     0000000180024ad0 f   sfc_mex:sfc_mex.obj
 0001:00023ec0       sf_mex_sub                 0000000180024ec0 f   sfc_mex:sfc_mex.obj
 0001:000240c0       sf_mex_subsasgn            00000001800250c0 f   sfc_mex:sfc_mex.obj
 0001:000245a0       sf_mex_create              00000001800255a0 f   sfc_mex:sfc_mex.obj
 0001:00024ff0       sf_mex_import_named        0000000180025ff0 f   sfc_mex:sfc_mex.obj
 0001:00025050       sf_mex_import              0000000180026050 f   sfc_mex:sfc_mex.obj
 0001:000250a0       sf_mex_import_vs           00000001800260a0 f   sfc_mex:sfc_mex.obj
 0001:000251b0       sf_mex_lower_fixpt_mx_array 00000001800261b0 f   sfc_mex:sfc_mex.obj
 0001:000254a0       sf_send_message_wrapper    00000001800264a0 f   sfc_mex:sfc_sf.obj
 0001:000254d0       sf_receive_message_wrapper 00000001800264d0 f   sfc_mex:sfc_sf.obj
 0001:00025510       sf_check_out_message_wrapper 0000000180026510 f   sfc_mex:sfc_sf.obj
 0001:00025550       sf_check_in_message_wrapper 0000000180026550 f   sfc_mex:sfc_sf.obj
 0001:00025590       sf_no_message_wrapper      0000000180026590 f   sfc_mex:sfc_sf.obj
 0001:000258d0       sim_mode_is_rtw_gen        00000001800268d0 f   sfc_mex:sfc_sf.obj
 0001:00025900       sim_mode_is_external       0000000180026900 f   sfc_mex:sfc_sf.obj
 0001:00025910       sim_mode_is_modelref_sim   0000000180026910 f   sfc_mex:sfc_sf.obj
 0001:00025930       mdlInitializeSizes         0000000180026930 f   sfc_mex:sfc_sf.obj
 0001:00025950       mdlInitializeSampleTimes   0000000180026950 f   sfc_mex:sfc_sf.obj
 0001:00025990       mdlZeroCrossings           0000000180026990 f   sfc_mex:sfc_sf.obj
 0001:00025a70       mdlDerivatives             0000000180026a70 f   sfc_mex:sfc_sf.obj
 0001:00025b20       mdl_initialize_conditions_processing 0000000180026b20 f   sfc_mex:sfc_sf.obj
 0001:00025b50       mdlInitializeConditions    0000000180026b50 f   sfc_mex:sfc_sf.obj
 0001:00025c10       mdlGetSimState             0000000180026c10 f   sfc_mex:sfc_sf.obj
 0001:00025c20       mdlSetSimState             0000000180026c20 f   sfc_mex:sfc_sf.obj
 0001:00025c30       mdl_ext_mode_exec_processing 0000000180026c30 f   sfc_mex:sfc_sf.obj
 0001:00025c50       mdlExtModeExec             0000000180026c50 f   sfc_mex:sfc_sf.obj
 0001:00025de0       mdlTerminate               0000000180026de0 f   sfc_mex:sfc_sf.obj
 0001:00025e50       mdlRTW                     0000000180026e50 f   sfc_mex:sfc_sf.obj
 0001:00025e80       mdlSetWorkWidths           0000000180026e80 f   sfc_mex:sfc_sf.obj
 0001:00025e90       mdlProcessParameters       0000000180026e90 f   sfc_mex:sfc_sf.obj
 0001:00025ea0       mdl_start_processing       0000000180026ea0 f   sfc_mex:sfc_sf.obj
 0001:00025ee0       mdlStart                   0000000180026ee0 f   sfc_mex:sfc_sf.obj
 0001:00025fd0       mdlEnable                  0000000180026fd0 f   sfc_mex:sfc_sf.obj
 0001:000260a0       mdlDisable                 00000001800270a0 f   sfc_mex:sfc_sf.obj
 0001:00026150       sf_get_chart_instance_ptr  0000000180027150 f   sfc_mex:sfc_sf.obj
 0001:00026170       sf_load_rtw_optimization_info 0000000180027170 f   sfc_mex:sfc_sf.obj
 0001:00026240       sf_rtw_info_uint_prop      0000000180027240 f   sfc_mex:sfc_sf.obj
 0001:00026390       sf_is_chart_inlinable      0000000180027390 f   sfc_mex:sfc_sf.obj
 0001:000263a0       sf_mark_output_events_with_multiple_callers 00000001800273a0 f   sfc_mex:sfc_sf.obj
 0001:00026520       sf_mark_chart_reusable_outputs 0000000180027520 f   sfc_mex:sfc_sf.obj
 0001:00026760       sf_mark_chart_expressionable_inputs 0000000180027760 f   sfc_mex:sfc_sf.obj
 0001:000269c0       sf_get_subchart_simstruct  00000001800279c0 f   sfc_mex:sfc_sf.obj
 0001:00026a10       sf_get_fixpt_data_type_id  0000000180027a10 f   sfc_mex:sfc_sf.obj
 0001:00026a50       sf_get_enum_data_type_id   0000000180027a50 f   sfc_mex:sfc_sf.obj
 0001:00026a90       sf_get_param_data_type_id  0000000180027a90 f   sfc_mex:sfc_sf.obj
 0001:00026ac0       sf_mex_listen_for_ctrl_c_force 0000000180027ac0 f   sfc_mex:sfc_sf.obj
 0001:00026bd0       sf_mex_draw_now            0000000180027bd0 f   sfc_mex:sfc_sf.obj
 0001:00026c10       sf_mex_set_debugger_sim_status_listener_fcn 0000000180027c10 f   sfc_mex:sfc_sf.obj
 0001:00026c20       sf_mex_listen_for_ctrl_c   0000000180027c20 f   sfc_mex:sfc_sf.obj
 0001:00026cb0       sf_mex_get_sfun_param      0000000180027cb0 f   sfc_mex:sfc_sf.obj
 0001:00026d00       sf_get_runtime_param_data  0000000180027d00 f   sfc_mex:sfc_sf.obj
 0001:00026d40       sf_call_output_fcn_call    0000000180027d40 f   sfc_mex:sfc_sf.obj
 0001:00026e80       sf_call_output_fcn_enable  0000000180027e80 f   sfc_mex:sfc_sf.obj
 0001:00026f10       sf_call_output_fcn_disable 0000000180027f10 f   sfc_mex:sfc_sf.obj
 0001:00026fa0       sf_clear_rtw_identifier    0000000180027fa0 f   sfc_mex:sfc_sf.obj
 0001:00027790       sf_set_encoded_dwork_info  0000000180028790 f   sfc_mex:sfc_sf.obj
 0001:000277e0       sf_get_dwork_info_from_mat_file 00000001800287e0 f   sfc_mex:sfc_sf.obj
 0001:000279a0       sf_set_rtw_dwork_info      00000001800289a0 f   sfc_mex:sfc_sf.obj
 0001:00027af0       mdlOutputs                 0000000180028af0 f   sfc_mex:sfc_sf.obj
 0001:00027c90       sf_debug_disp              0000000180028c90 f   sfc_debug:sfcdebug.obj
 0001:00027ef0       sf_debug_data_runtime_size_mismatch_error_check 0000000180028ef0 f   sfc_debug:sfcdebug.obj
 0001:00027f90       sf_debug_try_loading_machine 0000000180028f90 f   sfc_debug:sfcdebug.obj
 0001:00028090       sf_debug_reset_current_state_configuration 0000000180029090 f   sfc_debug:sfcdebug.obj
 0001:00028120       sf_debug_store_current_state_configuration 0000000180029120 f   sfc_debug:sfcdebug.obj
 0001:000281b0       sf_debug_restore_previous_state_configuration 00000001800291b0 f   sfc_debug:sfcdebug.obj
 0001:00028240       sf_debug_restore_previous_state_configuration2 0000000180029240 f   sfc_debug:sfcdebug.obj
 0001:000282d0       sf_debug_get_event_scope   00000001800292d0 f   sfc_debug:sfcdebug.obj
 0001:00028440       use_debugger_step_animation 0000000180029440 f   sfc_debug:sfcdebug.obj
 0001:00028460       sf_debug_get_script_id     0000000180029460 f   sfc_debug:sfcdebug.obj
 0001:000284f0       sf_debug_set_script_translation 00000001800294f0 f   sfc_debug:sfcdebug.obj
 0001:000285b0       sf_debug_get_current_machine_id 00000001800295b0 f   sfc_debug:sfcdebug.obj
 0001:000285d0       sf_debug_get_current_optional_integer 00000001800295d0 f   sfc_debug:sfcdebug.obj
 0001:000285e0       sf_debug_get_current_machine_number 00000001800295e0 f   sfc_debug:sfcdebug.obj
 0001:00028600       sf_debug_get_current_machine_name 0000000180029600 f   sfc_debug:sfcdebug.obj
 0001:00028620       sf_debug_get_current_chart_id 0000000180029620 f   sfc_debug:sfcdebug.obj
 0001:00028670       sf_debug_get_current_chart_number 0000000180029670 f   sfc_debug:sfcdebug.obj
 0001:00028680       sf_debug_get_current_instance_number 0000000180029680 f   sfc_debug:sfcdebug.obj
 0001:00028690       sf_debug_get_current_is_minor_time_step 0000000180029690 f   sfc_debug:sfcdebug.obj
 0001:00028710       sf_debug_get_current_object_type 0000000180029710 f   sfc_debug:sfcdebug.obj
 0001:00028720       sf_debug_get_current_instance_handle 0000000180029720 f   sfc_debug:sfcdebug.obj
 0001:00028780       sf_debug_get_current_event_type 0000000180029780 f   sfc_debug:sfcdebug.obj
 0001:00028790       sf_debug_get_current_object_id 0000000180029790 f   sfc_debug:sfcdebug.obj
 0001:000287d0       sf_debug_get_current_active_event_type 00000001800297d0 f   sfc_debug:sfcdebug.obj
 0001:000287e0       sf_debug_get_current_active_event_id 00000001800297e0 f   sfc_debug:sfcdebug.obj
 0001:00028820       sf_debug_get_current_tag_type 0000000180029820 f   sfc_debug:sfcdebug.obj
 0001:00028830       sf_debug_get_current_simulation_time 0000000180029830 f   sfc_debug:sfcdebug.obj
 0001:00028840       sf_debug_get_current_coverage_percentage 0000000180029840 f   sfc_debug:sfcdebug.obj
 0001:00028850       sf_debug_current_statement_context 0000000180029850 f   sfc_debug:sfcdebug.obj
 0001:000288e0       sf_debug_get_current_statement_info 00000001800298e0 f   sfc_debug:sfcdebug.obj
 0001:00028a60       sf_debug_terminate_instance 0000000180029a60 f   sfc_debug:sfcdebug.obj
 0001:00028d70       sf_debug_assertion_failed  0000000180029d70 f   sfc_debug:sfcdebug.obj
 0001:00028f20       sf_debug_set_number_of_data_with_change_event_for_machine 0000000180029f20 f   sfc_debug:sfcdebug.obj
 0001:00028f60       sf_debug_set_machine_event_thresholds 0000000180029f60 f   sfc_debug:sfcdebug.obj
 0001:00028f80       sf_debug_set_machine_event_scope 0000000180029f80 f   sfc_debug:sfcdebug.obj
 0001:00028fc0       sf_debug_set_machine_data_thresholds 0000000180029fc0 f   sfc_debug:sfcdebug.obj
 0001:00029000       sf_debug_set_machine_data_scope 000000018002a000 f   sfc_debug:sfcdebug.obj
 0001:00029090       sf_debug_set_machine_data_name 000000018002a090 f   sfc_debug:sfcdebug.obj
 0001:00029130       sf_debug_set_machine_data_size 000000018002a130 f   sfc_debug:sfcdebug.obj
 0001:00029270       sf_debug_set_machine_data_type 000000018002a270 f   sfc_debug:sfcdebug.obj
 0001:000293e0       sf_debug_get_chart_data_number 000000018002a3e0 f   sfc_debug:sfcdebug.obj
 0001:00029400       sf_debug_get_chart_event_number 000000018002a400 f   sfc_debug:sfcdebug.obj
 0001:00029420       sf_debug_set_chart_state_info 000000018002a420 f   sfc_debug:sfcdebug.obj
 0001:000294a0       sf_debug_set_chart_decomposition 000000018002a4a0 f   sfc_debug:sfcdebug.obj
 0001:00029510       sf_debug_set_chart_substate_count 000000018002a510 f   sfc_debug:sfcdebug.obj
 0001:000295f0       sf_debug_set_chart_substate_index 000000018002a5f0 f   sfc_debug:sfcdebug.obj
 0001:00029660       sf_debug_set_chart_state_substate_count 000000018002a660 f   sfc_debug:sfcdebug.obj
 0001:00029770       sf_debug_set_chart_state_substate_index 000000018002a770 f   sfc_debug:sfcdebug.obj
 0001:000297f0       sf_debug_set_number_of_data_with_change_event_for_chart 000000018002a7f0 f   sfc_debug:sfcdebug.obj
 0001:00029870       sf_debug_set_number_of_states_with_entry_event_for_chart 000000018002a870 f   sfc_debug:sfcdebug.obj
 0001:000298e0       sf_debug_set_number_of_states_with_exit_event_for_chart 000000018002a8e0 f   sfc_debug:sfcdebug.obj
 0001:00029950       sf_debug_set_chart_disable_implicit_casting 000000018002a950 f   sfc_debug:sfcdebug.obj
 0001:000299c0       sf_debug_set_chart_event_thresholds 000000018002a9c0 f   sfc_debug:sfcdebug.obj
 0001:00029a30       sf_debug_set_chart_data_compiled_props 000000018002aa30 f   sfc_debug:sfcdebug.obj
 0001:00029d80       sf_debug_set_chart_data_props 000000018002ad80 f   sfc_debug:sfcdebug.obj
 0001:0002a0a0       sf_debug_check_fi_license  000000018002b0a0 f   sfc_debug:sfcdebug.obj
 0001:0002a290       sf_debug_symbol_scope_push 000000018002b290 f   sfc_debug:sfcdebug.obj
 0001:0002a2d0       sf_debug_symbol_scope_push_eml 000000018002b2d0 f   sfc_debug:sfcdebug.obj
 0001:0002a320       sf_debug_symbol_scope_pop  000000018002b320 f   sfc_debug:sfcdebug.obj
 0001:0002a360       sf_debug_symbol_scope_add_importable 000000018002b360 f   sfc_debug:sfcdebug.obj
 0001:0002a3e0       sf_debug_symbol_scope_add  000000018002b3e0 f   sfc_debug:sfcdebug.obj
 0001:0002a460       sf_debug_symbol_scope_add_dyn_importable 000000018002b460 f   sfc_debug:sfcdebug.obj
 0001:0002a520       sf_debug_symbol_scope_add_dyn 000000018002b520 f   sfc_debug:sfcdebug.obj
 0001:0002a550       sf_debug_symbol_scope_add_eml_importable 000000018002b550 f   sfc_debug:sfcdebug.obj
 0001:0002a590       sf_debug_symbol_scope_add_eml 000000018002b590 f   sfc_debug:sfcdebug.obj
 0001:0002a5d0       sf_debug_symbol_scope_add_eml_dyn_importable 000000018002b5d0 f   sfc_debug:sfcdebug.obj
 0001:0002a640       sf_debug_symbol_scope_add_eml_dyn 000000018002b640 f   sfc_debug:sfcdebug.obj
 0001:0002a6a0       sf_debug_symbol_switch     000000018002b6a0 f   sfc_debug:sfcdebug.obj
 0001:0002a6c0       sf_debug_symbol_scope_add_verbose 000000018002b6c0 f   sfc_debug:sfcdebug.obj
 0001:0002a790       sf_debug_set_machine_data_value_ptr 000000018002b790 f   sfc_debug:sfcdebug.obj
 0001:0002a7d0       sf_debug_set_instance_data_value_ptr 000000018002b7d0 f   sfc_debug:sfcdebug.obj
 0001:0002a890       sf_debug_unset_instance_data_value_ptr 000000018002b890 f   sfc_debug:sfcdebug.obj
 0001:0002a940       sf_debug_set_chart_event_scope 000000018002b940 f   sfc_debug:sfcdebug.obj
 0001:0002a9c0       sf_debug_set_chart_transition_coverage_maps 000000018002b9c0 f   sfc_debug:sfcdebug.obj
 0001:0002aad0       sf_debug_set_chart_state_coverage_maps 000000018002bad0 f   sfc_debug:sfcdebug.obj
 0001:0002abb0       sf_debug_set_instance_transition_coverage_weights 000000018002bbb0 f   sfc_debug:sfcdebug.obj
 0001:0002ac50       sf_debug_set_instance_state_coverage_weights 000000018002bc50 f   sfc_debug:sfcdebug.obj
 0001:0002aea0       sf_debug_unload_machine    000000018002bea0 f   sfc_debug:sfcdebug.obj
 0001:0002aef0       sf_debug_load_machine      000000018002bef0 f   sfc_debug:sfcdebug.obj
 0001:0002aff0       sf_debug_set_active_instance_in_data_dictionary 000000018002bff0 f   sfc_debug:sfcdebug.obj
 0001:0002b1d0       sf_debug_set_active_instance 000000018002c1d0 f   sfc_debug:sfcdebug.obj
 0001:0002b310       sf_debug_chart_visiblity_change 000000018002c310 f   sfc_debug:sfcdebug.obj
 0001:0002b3f0       sf_debug_select_chart      000000018002c3f0 f   sfc_debug:sfcdebug.obj
 0001:0002b4c0       sf_debug_set_instance_cv_ids 000000018002c4c0 f   sfc_debug:sfcdebug.obj
 0001:0002b7d0       sf_debug_select_charts     000000018002c7d0 f   sfc_debug:sfcdebug.obj
 0001:0002b910       sf_debug_initialized       000000018002c910 f   sfc_debug:sfcdebug.obj
 0001:0002b920       sf_debug_is_uninterruptible 000000018002c920 f   sfc_debug:sfcdebug.obj
 0001:0002b950       sf_debug_initialize_debugger_gui 000000018002c950 f   sfc_debug:sfcdebug.obj
 0001:0002bd40       sf_debug_resume            000000018002cd40 f   sfc_debug:sfcdebug.obj
 0001:0002bd60       sf_debug_go                000000018002cd60 f   sfc_debug:sfcdebug.obj
 0001:0002bd70       sf_debug_break             000000018002cd70 f   sfc_debug:sfcdebug.obj
 0001:0002bd80       sf_debug_step_over         000000018002cd80 f   sfc_debug:sfcdebug.obj
 0001:0002bd90       sf_debug_step_out          000000018002cd90 f   sfc_debug:sfcdebug.obj
 0001:0002bda0       sf_debug_set_disable_all_breakpoints 000000018002cda0 f   sfc_debug:sfcdebug.obj
 0001:0002bdb0       sf_debug_disable_all_breakpoints_and_go 000000018002cdb0 f   sfc_debug:sfcdebug.obj
 0001:0002bdc0       sf_debug_break_on_chart_entry 000000018002cdc0 f   sfc_debug:sfcdebug.obj
 0001:0002bdd0       sf_debug_break_on_event_broadcast 000000018002cdd0 f   sfc_debug:sfcdebug.obj
 0001:0002bde0       sf_debug_break_on_state_entry 000000018002cde0 f   sfc_debug:sfcdebug.obj
 0001:0002bdf0       sf_debug_break_between_times 000000018002cdf0 f   sfc_debug:sfcdebug.obj
 0001:0002be10       sf_debug_browse_data       000000018002ce10 f   sfc_debug:sfcdebug.obj
 0001:0002be30       sf_debug_watch_data        000000018002ce30 f   sfc_debug:sfcdebug.obj
 0001:0002be50       sf_debug_assign_data       000000018002ce50 f   sfc_debug:sfcdebug.obj
 0001:0002be70       sf_debug_whos              000000018002ce70 f   sfc_debug:sfcdebug.obj
 0001:0002be90       sf_debug_get_consistency_info 000000018002ce90 f   sfc_debug:sfcdebug.obj
 0001:0002bea0       sf_debug_browse_trace      000000018002cea0 f   sfc_debug:sfcdebug.obj
 0001:0002beb0       sf_debug_set_breakpoints   000000018002ceb0 f   sfc_debug:sfcdebug.obj
 0001:0002c010       sf_debug_set_eml_breakpoints 000000018002d010 f   sfc_debug:sfcdebug.obj
 0001:0002c170       sf_debug_set_script_breakpoints 000000018002d170 f   sfc_debug:sfcdebug.obj
 0001:0002c1f0       sf_debug_add_script_breakpoints 000000018002d1f0 f   sfc_debug:sfcdebug.obj
 0001:0002c260       sf_debug_clear_script_breakpoints 000000018002d260 f   sfc_debug:sfcdebug.obj
 0001:0002c2d0       sf_debug_query_script_breakpoints 000000018002d2d0 f   sfc_debug:sfcdebug.obj
 0001:0002c390       sf_debug_get_eml_script_id 000000018002d390 f   sfc_debug:sfcdebug.obj
 0001:0002c3e0       sf_debug_set_watch         000000018002d3e0 f   sfc_debug:sfcdebug.obj
 0001:0002c610       sf_debug_get_instance_handle 000000018002d610 f   sfc_debug:sfcdebug.obj
 0001:0002c6a0       sf_debug_get_active_states 000000018002d6a0 f   sfc_debug:sfcdebug.obj
 0001:0002c6b0       sf_debug_get_animation     000000018002d6b0 f   sfc_debug:sfcdebug.obj
 0001:0002c6c0       sf_debug_set_animation     000000018002d6c0 f   sfc_debug:sfcdebug.obj
 0001:0002c6d0       sf_debug_animate           000000018002d6d0 f   sfc_debug:sfcdebug.obj
 0001:0002c700       sf_debug_cycle_detection_check 000000018002d700 f   sfc_debug:sfcdebug.obj
 0001:0002c710       sf_debug_data_range_check  000000018002d710 f   sfc_debug:sfcdebug.obj
 0001:0002c720       sf_debug_transition_conflict_check 000000018002d720 f   sfc_debug:sfcdebug.obj
 0001:0002c730       sf_debug_state_consistency_check 000000018002d730 f   sfc_debug:sfcdebug.obj
 0001:0002c740       sf_debug_data_range_check_enabled 000000018002d740 f   sfc_debug:sfcdebug.obj
 0001:0002c760       sf_debug_transition_conflict_check_enabled 000000018002d760 f   sfc_debug:sfcdebug.obj
 0001:0002c780       sf_debug_transition_conflict_check_begin 000000018002d780 f   sfc_debug:sfcdebug.obj
 0001:0002c7a0       sf_debug_transition_conflict_check_end 000000018002d7a0 f   sfc_debug:sfcdebug.obj
 0001:0002c7c0       sf_debug_stop_debugging    000000018002d7c0 f   sfc_debug:sfcdebug.obj
 0001:0002c7f0       sf_debug_is_cycle_detected 000000018002d7f0 f   sfc_debug:sfcdebug.obj
 0001:0002c800       sf_debug_is_array_bounds_detected 000000018002d800 f   sfc_debug:sfcdebug.obj
 0001:0002c810       sf_debug_get_state_vectors_data_size 000000018002d810 f   sfc_debug:sfcdebug.obj
 0001:0002c850       sf_debug_get_state_vectors_data 000000018002d850 f   sfc_debug:sfcdebug.obj
 0001:0002c950       sf_debug_set_state_vectors_data 000000018002d950 f   sfc_debug:sfcdebug.obj
 0001:0002cc10       sf_debug_get_script_index  000000018002dc10 f   sfc_debug:sfcdebug.obj
 0001:0002cda0       sf_debug_add_script        000000018002dda0 f   sfc_debug:sfcdebug.obj
 0001:0002cf30       cv_eval_point              000000018002df30 f   sfc_debug:sfcdebug.obj
 0001:0002d0a0       sf_debug_cv_init_state     000000018002e0a0 f   sfc_debug:sfcdebug.obj
 0001:0002d1c0       sf_debug_cv_init_chart     000000018002e1c0 f   sfc_debug:sfcdebug.obj
 0001:0002d2a0       sf_debug_cv_init_trans     000000018002e2a0 f   sfc_debug:sfcdebug.obj
 0001:0002d480       cv_eml_init_script         000000018002e480 f   sfc_debug:sfcdebug.obj
 0001:0002d580       cv_eml_init_fcn            000000018002e580 f   sfc_debug:sfcdebug.obj
 0001:0002d630       cv_eml_init_testobjective  000000018002e630 f   sfc_debug:sfcdebug.obj
 0001:0002d700       cv_eml_init_if             000000018002e700 f   sfc_debug:sfcdebug.obj
 0001:0002d7d0       cv_eml_init_for            000000018002e7d0 f   sfc_debug:sfcdebug.obj
 0001:0002d890       cv_eml_init_while          000000018002e890 f   sfc_debug:sfcdebug.obj
 0001:0002d950       cv_eml_init_mcdc           000000018002e950 f   sfc_debug:sfcdebug.obj
 0001:0002da60       cv_eml_init_switch         000000018002ea60 f   sfc_debug:sfcdebug.obj
 0001:0002db50       cv_eml_eval                000000018002eb50 f   sfc_debug:sfcdebug.obj
 0001:0002dc30       sf_debug_bm_is_a_eml_breakpoint 000000018002ec30 f   sfc_debug:sfcdebug.obj
 0001:0002dd80       sf_debug_temporal_threshold 000000018002ed80 f   sfc_debug:sfcdebug.obj
 0001:0002e0e0       sf_debug_transition_conflict_error 000000018002f0e0 f   sfc_debug:sfcdebug.obj
 0001:0002e460       sf_debug_state_inconsistency_error 000000018002f460 f   sfc_debug:sfcdebug.obj
 0001:0002e580       sf_debug_check_for_state_inconsistency 000000018002f580 f   sfc_debug:sfcdebug.obj
 0001:0002e5b0       sf_debug_cycle_detecton_error 000000018002f5b0 f   sfc_debug:sfcdebug.obj
 0001:0002eda0       sf_debug_size_eq_check_1d  000000018002fda0 f   sfc_debug:sfcdebug.obj
 0001:0002edc0       sf_debug_size_eq_check_nd  000000018002fdc0 f   sfc_debug:sfcdebug.obj
 0001:0002efa0       sf_debug_dim_size_eq_check 000000018002ffa0 f   sfc_debug:sfcdebug.obj
 0001:0002efd0       sf_debug_dim_size_geq_check 000000018002ffd0 f   sfc_debug:sfcdebug.obj
 0001:0002f000       sf_debug_sub_assign_size_check_nd 0000000180030000 f   sfc_debug:sfcdebug.obj
 0001:0002f240       sf_debug_matrix_matrix_index_check 0000000180030240 f   sfc_debug:sfcdebug.obj
 0001:0002f270       sf_debug_vector_vector_index_check 0000000180030270 f   sfc_debug:sfcdebug.obj
 0001:0002f2a0       sf_debug_for_loop_vector_check 00000001800302a0 f   sfc_debug:sfcdebug.obj
 0001:0002f320       sf_debug_runtime_error_msgid 0000000180030320 f   sfc_debug:sfcdebug.obj
 0001:0002f3b0       sf_debug_data_array_bounds_error_check 00000001800303b0 f   sfc_debug:sfcdebug.obj
 0001:0002f4c0       sf_debug_eml_data_array_bounds_error_check 00000001800304c0 f   sfc_debug:sfcdebug.obj
 0001:0002f9a0       sf_debug_integer_check     00000001800309a0 f   sfc_debug:sfcdebug.obj
 0001:0002fa80       sf_debug_not_nan_check     0000000180030a80 f   sfc_debug:sfcdebug.obj
 0001:0002fb40       sf_debug_non_negative_check 0000000180030b40 f   sfc_debug:sfcdebug.obj
 0001:0002fc00       sf_debug_overflow_detection 0000000180030c00 f   sfc_debug:sfcdebug.obj
 0001:000302f0       sf_debug_cast_to_real32_T  00000001800312f0 f   sfc_debug:sfcdebug.obj
 0001:000303b0       sf_debug_cast_to_int8_T    00000001800313b0 f   sfc_debug:sfcdebug.obj
 0001:00030470       sf_debug_cast_to_uint8_T   0000000180031470 f   sfc_debug:sfcdebug.obj
 0001:00030530       sf_debug_cast_to_int16_T   0000000180031530 f   sfc_debug:sfcdebug.obj
 0001:000305f0       sf_debug_cast_to_uint16_T  00000001800315f0 f   sfc_debug:sfcdebug.obj
 0001:000306b0       sf_debug_cast_to_int32_T   00000001800316b0 f   sfc_debug:sfcdebug.obj
 0001:00030770       sf_debug_cast_to_uint32_T  0000000180031770 f   sfc_debug:sfcdebug.obj
 0001:00030830       sf_debug_data_range_error  0000000180031830 f   sfc_debug:sfcdebug.obj
 0001:00030b80       sf_debug_read_before_write_check 0000000180031b80 f   sfc_debug:sfcdebug.obj
 0001:00030f70       sf_debug_data_range_error_wrapper_min_max 0000000180031f70 f   sfc_debug:sfcdebug.obj
 0001:00031060       sf_debug_data_range_error_wrapper_min 0000000180032060 f   sfc_debug:sfcdebug.obj
 0001:00031140       sf_debug_data_range_error_wrapper_max 0000000180032140 f   sfc_debug:sfcdebug.obj
 0001:00031220       sf_debug_data_range_wrapper 0000000180032220 f   sfc_debug:sfcdebug.obj
 0001:000312d0       sf_debug_set_current_status_info 00000001800322d0 f   sfc_debug:sfcdebug.obj
 0001:00031680       sf_debug_call              0000000180032680 f   sfc_debug:sfcdebug.obj
 0001:00032540       sf_debug_initialize_machine 0000000180033540 f   sfc_debug:sfcdebug.obj
 0001:00032850       sf_debug_initialize_chart  0000000180033850 f   sfc_debug:sfcdebug.obj
 0001:00032d30       sf_debug_ensure_script     0000000180033d30 f   sfc_debug:sfcdebug.obj
 0001:00032df0       cv_script_init_script      0000000180033df0 f   sfc_debug:sfcdebug.obj
 0001:00032ed0       cv_script_init_fcn         0000000180033ed0 f   sfc_debug:sfcdebug.obj
 0001:00032f80       cv_script_init_testobjective 0000000180033f80 f   sfc_debug:sfcdebug.obj
 0001:00033030       cv_script_init_if          0000000180034030 f   sfc_debug:sfcdebug.obj
 0001:000330e0       cv_script_init_for         00000001800340e0 f   sfc_debug:sfcdebug.obj
 0001:00033190       cv_script_init_while       0000000180034190 f   sfc_debug:sfcdebug.obj
 0001:00033240       cv_script_init_mcdc        0000000180034240 f   sfc_debug:sfcdebug.obj
 0001:00033340       cv_script_init_switch      0000000180034340 f   sfc_debug:sfcdebug.obj
 0001:00033420       cv_script_eval             0000000180034420 f   sfc_debug:sfcdebug.obj
 0001:00033500       eml_debug_line_call        0000000180034500 f   sfc_debug:sfcdebug.obj
 0001:000336b0       sf_debug_terminate         00000001800346b0 f   sfc_debug:sfcdebug.obj
 0001:00033820       sf_debug_set_script_cv_ids 0000000180034820 f   sfc_debug:sfcdebug.obj
 0001:000339f0       sf_debug_api               00000001800349f0 f   sfc_debug:sfc_api.obj
 0001:000351a0       sf_debug_sm_terminate      00000001800361a0 f   sfc_debug:sfdb_animation.obj
 0001:00035360       sf_debug_reset_path_objects 0000000180036360 f   sfc_debug:sfdb_animation.obj
 0001:000353e0       sf_debug_sm_reset_object_selection_status 00000001800363e0 f   sfc_debug:sfdb_animation.obj
 0001:00035480       sf_debug_sm_reset_state_buffer 0000000180036480 f   sfc_debug:sfdb_animation.obj
 0001:00035550       sf_debug_sm_store_state_buffer 0000000180036550 f   sfc_debug:sfdb_animation.obj
 0001:000355d0       sf_debug_sm_restore_state_buffer1 00000001800365d0 f   sfc_debug:sfdb_animation.obj
 0001:00035640       sf_debug_sm_restore_state_buffer2 0000000180036640 f   sfc_debug:sfdb_animation.obj
 0001:000356b0       sf_debug_sm_chart_active   00000001800366b0 f   sfc_debug:sfdb_animation.obj
 0001:00035700       sf_debug_sm_select_active_objects 0000000180036700 f   sfc_debug:sfdb_animation.obj
 0001:00035bb0       sf_debug_sm_is_chart_active 0000000180036bb0 f   sfc_debug:sfdb_animation.obj
 0001:00035bf0       sf_debug_sm_is_state_active 0000000180036bf0 f   sfc_debug:sfdb_animation.obj
 0001:00035e30       sf_debug_sm_get_active_states 0000000180036e30 f   sfc_debug:sfdb_animation.obj
 0001:000363f0       sf_debug_sm_initialize_instance 00000001800373f0 f   sfc_debug:sfdb_animation.obj
 0001:00036640       sf_debug_sm_change_object_selection_status 0000000180037640 f   sfc_debug:sfdb_animation.obj
 0001:00036930       cv_create_interface        0000000180037930 f   sfc_debug:cv_sfinterface.obj
 0001:00036c90       cv_init_trans              0000000180037c90 f   sfc_debug:cv_sfinterface.obj
 0001:00036ce0       cv_init_state              0000000180037ce0 f   sfc_debug:cv_sfinterface.obj
 0001:00036d50       cv_init_chart              0000000180037d50 f   sfc_debug:cv_sfinterface.obj
 0001:00036da0       cv_dec_update_call         0000000180037da0 f   sfc_debug:cv_sfinterface.obj
 0001:00036de0       cv_cond_update_call        0000000180037de0 f   sfc_debug:cv_sfinterface.obj
 0001:00036e20       cv_sigrange_update         0000000180037e20 f   sfc_debug:cv_sfinterface.obj
 0001:00036e60       cvsf_eml_eval              0000000180037e60 f   sfc_debug:cv_sfinterface.obj
 0001:00036f40       cvsf_eml_init_script       0000000180037f40 f   sfc_debug:cv_sfinterface.obj
 0001:00036fc0       cvsf_eml_init_fcn          0000000180037fc0 f   sfc_debug:cv_sfinterface.obj
 0001:00037020       cvsf_eml_init_testobjective 0000000180038020 f   sfc_debug:cv_sfinterface.obj
 0001:00037080       cvsf_eml_init_if           0000000180038080 f   sfc_debug:cv_sfinterface.obj
 0001:000370e0       cvsf_eml_init_for          00000001800380e0 f   sfc_debug:cv_sfinterface.obj
 0001:00037130       cvsf_eml_init_while        0000000180038130 f   sfc_debug:cv_sfinterface.obj
 0001:00037180       cvsf_eml_init_mcdc         0000000180038180 f   sfc_debug:cv_sfinterface.obj
 0001:00037210       cvsf_eml_init_switch       0000000180038210 f   sfc_debug:cv_sfinterface.obj
 0001:00037280       cvsf_script_eval           0000000180038280 f   sfc_debug:cv_sfinterface.obj
 0001:00037360       cvsf_script_init_script    0000000180038360 f   sfc_debug:cv_sfinterface.obj
 0001:000373e0       cvsf_script_init_fcn       00000001800383e0 f   sfc_debug:cv_sfinterface.obj
 0001:00037440       cvsf_script_init_testobjective 0000000180038440 f   sfc_debug:cv_sfinterface.obj
 0001:000374a0       cvsf_script_init_if        00000001800384a0 f   sfc_debug:cv_sfinterface.obj
 0001:00037500       cvsf_script_init_for       0000000180038500 f   sfc_debug:cv_sfinterface.obj
 0001:00037550       cvsf_script_init_while     0000000180038550 f   sfc_debug:cv_sfinterface.obj
 0001:000375a0       cvsf_script_init_mcdc      00000001800385a0 f   sfc_debug:cv_sfinterface.obj
 0001:00037630       cvsf_script_init_switch    0000000180038630 f   sfc_debug:cv_sfinterface.obj
 0001:000376a0       cv_destroy_interface       00000001800386a0 f   sfc_debug:cv_sfinterface.obj
 0001:000376c0       cv_create_instance_objects 00000001800386c0 f   sfc_debug:cv_sfinterface.obj
 0001:00037b70       cv_is_enabled              0000000180038b70 f   sfc_debug:cv_sfinterface.obj
 0001:00037b80       sf_debug_cv_initialize_script 0000000180038b80 f   sfc_debug:cv_sfinterface.obj
 0001:00037d30       sf_debug_cv_initialize_instance 0000000180038d30 f   sfc_debug:cv_sfinterface.obj
 0001:000380d0       sf_debug_cv_terminate_chart 00000001800390d0 f   sfc_debug:cv_sfinterface.obj
 0001:00038210       cv_call_trans_test         0000000180039210 f   sfc_debug:cv_sfinterface.obj
 0001:00038220       cv_call_sub_cond_test      0000000180039220 f   sfc_debug:cv_sfinterface.obj
 0001:00038350       sf_debug_hm_initialize_instance 0000000180039350 f   sfc_debug:sfdb_handle_management.obj
 0001:000388d0       sf_debug_hm_get_object_id  00000001800398d0 f   sfc_debug:sfdb_handle_management.obj
 0001:0003a840       sf_debug_object_is_eml_function 000000018003b840 f   sfc_debug:sfdb_handle_management.obj
 0001:0003a8b0       sf_debug_hm_initialize_ids_in_machine 000000018003b8b0 f   sfc_debug:sfdb_handle_management.obj
 0001:0003aa20       sf_debug_hm_initialize_ids_in_chart 000000018003ba20 f   sfc_debug:sfdb_handle_management.obj
 0001:0003ab60       sf_debug_hm_initialize_chart 000000018003bb60 f   sfc_debug:sfdb_handle_management.obj
 0001:0003b310       sf_debug_hm_terminate      000000018003c310 f   sfc_debug:sfdb_handle_management.obj
 0001:0003b370       sf_debug_hm_initialize_machine 000000018003c370 f   sfc_debug:sfdb_handle_management.obj
 0001:0003bb20       sf_debug_st_initialize_machine 000000018003cb20 f   sfc_debug:sfdb_data_browse.obj
 0001:0003bbe0       sf_debug_st_initialize_instance 000000018003cbe0 f   sfc_debug:sfdb_data_browse.obj
 0001:0003be10       sf_debug_st_terminate      000000018003ce10 f   sfc_debug:sfdb_data_browse.obj
 0001:0003c1b0       sf_debug_st_set_data_value_ptr_in_machine 000000018003d1b0 f   sfc_debug:sfdb_data_browse.obj
 0001:0003c240       sf_debug_st_set_data_value_ptr_in_instance 000000018003d240 f   sfc_debug:sfdb_data_browse.obj
 0001:0003c320       sf_debug_st_unset_data_value_ptr_in_machine 000000018003d320 f   sfc_debug:sfdb_data_browse.obj
 0001:0003c390       sf_debug_st_unset_data_value_ptr_in_instance 000000018003d390 f   sfc_debug:sfdb_data_browse.obj
 0001:0003c6a0       sf_debug_mx_value          000000018003d6a0 f   sfc_debug:sfdb_data_browse.obj
 0001:0003c700       sf_debug_mx_packed_vector  000000018003d700 f   sfc_debug:sfdb_data_browse.obj
 0001:0003c7e0       sf_debug_mx_uint_vector    000000018003d7e0 f   sfc_debug:sfdb_data_browse.obj
 0001:0003c8a0       sf_debug_st_get_double_value_from_void_ptr_vector 000000018003d8a0 f   sfc_debug:sfdb_data_browse.obj
 0001:0003d390       sf_debug_st_browse_data    000000018003e390 f   sfc_debug:sfdb_data_browse.obj
 0001:0003db30       sf_debug_ss_initialize     000000018003eb30 f   sfc_debug:sfdb_symbol_scope.obj
 0001:0003db50       sf_debug_ss_terminate      000000018003eb50 f   sfc_debug:sfdb_symbol_scope.obj
 0001:0003dbe0       sf_debug_ss_push_symbol_scope 000000018003ebe0 f   sfc_debug:sfdb_symbol_scope.obj
 0001:0003dce0       sf_debug_ss_push_symbol_scope_eml 000000018003ece0 f   sfc_debug:sfdb_symbol_scope.obj
 0001:0003dd40       sf_debug_ss_pop_symbol_scope 000000018003ed40 f   sfc_debug:sfdb_symbol_scope.obj
 0001:0003ddf0       sf_debug_ss_add_symbol     000000018003edf0 f   sfc_debug:sfdb_symbol_scope.obj
 0001:0003df50       sf_debug_ss_add_symbol_eml 000000018003ef50 f   sfc_debug:sfdb_symbol_scope.obj
 0001:0003ec30       sf_debug_ss_set_data_value 000000018003fc30 f   sfc_debug:sfdb_symbol_scope.obj
 0001:0003f0d0       sf_debug_ss_watch_data     00000001800400d0 f   sfc_debug:sfdb_symbol_scope.obj
 0001:0003f170       sf_debug_ss_assign_data    0000000180040170 f   sfc_debug:sfdb_symbol_scope.obj
 0001:0003fb70       get_data_entry_name        0000000180040b70 f   sfc_debug:sfdb_symbol_scope.obj
 0001:0003fbc0       sf_debug_ss_whos           0000000180040bc0 f   sfc_debug:sfdb_symbol_scope.obj
 0001:000402d0       sf_debug_cc_initialize_chart 00000001800412d0 f   sfc_debug:sfdb_coverage.obj
 0001:00040cc0       sf_debug_cc_initialize_instance 0000000180041cc0 f   sfc_debug:sfdb_coverage.obj
 0001:00041ac0       sf_debug_cc_terminate      0000000180042ac0 f   sfc_debug:sfdb_coverage.obj
 0001:00041bb0       sf_debug_cc_set_transition_maps 0000000180042bb0 f   sfc_debug:sfdb_coverage.obj
 0001:00041ce0       sf_debug_cc_set_state_maps 0000000180042ce0 f   sfc_debug:sfdb_coverage.obj
 0001:00041dc0       sf_debug_cc_set_transition_weights 0000000180042dc0 f   sfc_debug:sfdb_coverage.obj
 0001:00042090       sf_debug_cc_set_state_weights 0000000180043090 f   sfc_debug:sfdb_coverage.obj
 0001:00042360       sf_debug_cc_mark_transition_guard 0000000180043360 f   sfc_debug:sfdb_coverage.obj
 0001:000423f0       sf_debug_cc_mark_transition_trigger 00000001800433f0 f   sfc_debug:sfdb_coverage.obj
 0001:00042480       sf_debug_cc_mark_transition_decision 0000000180043480 f   sfc_debug:sfdb_coverage.obj
 0001:000424f0       sf_debug_cc_mark_transition_condition_action 00000001800434f0 f   sfc_debug:sfdb_coverage.obj
 0001:00042540       sf_debug_cc_mark_transition_transition_action 0000000180043540 f   sfc_debug:sfdb_coverage.obj
 0001:00042590       sf_debug_cc_mark_state_entry 0000000180043590 f   sfc_debug:sfdb_coverage.obj
 0001:000425e0       sf_debug_cc_mark_state_during 00000001800435e0 f   sfc_debug:sfdb_coverage.obj
 0001:00042630       sf_debug_cc_mark_state_exit 0000000180043630 f   sfc_debug:sfdb_coverage.obj
 0001:00042680       sf_debug_bm_clear_script_breakpoints 0000000180043680 f   sfc_debug:sfdb_breakpoints.obj
 0001:000426b0       sf_debug_bm_set_script_breakpoint 00000001800436b0 f   sfc_debug:sfdb_breakpoints.obj
 0001:00042730       sf_debug_bm_clear_single_script_breakpoint 0000000180043730 f   sfc_debug:sfdb_breakpoints.obj
 0001:000427b0       sf_debug_bm_query_script_breakpoint 00000001800437b0 f   sfc_debug:sfdb_breakpoints.obj
 0001:00042800       sf_debug_bm_initialize_scripts 0000000180043800 f   sfc_debug:sfdb_breakpoints.obj
 0001:00042f20       sf_debug_bm_terminate      0000000180043f20 f   sfc_debug:sfdb_breakpoints.obj
 0001:00043210       sf_debug_bm_remove_all_breakpoints_in_machine 0000000180044210 f   sfc_debug:sfdb_breakpoints.obj
 0001:00043280       sf_debug_bm_remove_all_breakpoints_in_chart 0000000180044280 f   sfc_debug:sfdb_breakpoints.obj
 0001:000433d0       sf_debug_bm_initialize_global_breakpoints 00000001800443d0 f   sfc_debug:sfdb_breakpoints.obj
 0001:00043550       sf_debug_bm_set_breakpoint 0000000180044550 f   sfc_debug:sfdb_breakpoints.obj
 0001:00043b80       sf_debug_bm_set_eml_breakpoint 0000000180044b80 f   sfc_debug:sfdb_breakpoints.obj
 0001:00043c20       sf_debug_bm_initialize_machine_breakpoint_map 0000000180044c20 f   sfc_debug:sfdb_breakpoints.obj
 0001:00044040       sf_debug_bm_is_a_breakpoint 0000000180045040 f   sfc_debug:sfdb_breakpoints.obj
 0001:00044560       sf_debug_bm_get_all_breakpoints_in_machine 0000000180045560 f   sfc_debug:sfdb_breakpoints.obj
 0001:00044860       sf_debug_bm_get_all_breakpoints_in_chart 0000000180045860 f   sfc_debug:sfdb_breakpoints.obj
 0001:00045520       sf_debug_bm_initialize_machine 0000000180046520 f   sfc_debug:sfdb_breakpoints.obj
 0001:000455f0       sf_debug_bm_initialize_chart 00000001800465f0 f   sfc_debug:sfdb_breakpoints.obj
 0001:00045a10       sf_debug_sc_terminate      0000000180046a10 f   sfc_debug:sfdb_state_consistency.obj
 0001:00045d40       sf_debug_sc_is_chart_consistent 0000000180046d40 f   sfc_debug:sfdb_state_consistency.obj
 0001:00045ff0       sf_debug_sc_get_consistency_error_info 0000000180046ff0 f   sfc_debug:sfdb_state_consistency.obj
 0001:00046440       sf_debug_tm_terminate      0000000180047440 f   sfc_debug:sfdb_call_stack.obj
 0001:00046500       sf_debug_tm_push_chart_instance 0000000180047500 f   sfc_debug:sfdb_call_stack.obj
 0001:00046650       sf_debug_tm_pop_chart_instance 0000000180047650 f   sfc_debug:sfdb_call_stack.obj
 0001:000466b0       sf_debug_tm_push_trace_node 00000001800476b0 f   sfc_debug:sfdb_call_stack.obj
 0001:00046840       sf_debug_tm_pop_trace_node 0000000180047840 f   sfc_debug:sfdb_call_stack.obj
 0001:000468c0       sf_debug_tm_get_current_global_trace_index 00000001800478c0 f   sfc_debug:sfdb_call_stack.obj
 0001:000468d0       sf_debug_tm_get_current_local_trace_index 00000001800478d0 f   sfc_debug:sfdb_call_stack.obj
 0001:00046900       sf_debug_tm_set_cycle_detected_flag 0000000180047900 f   sfc_debug:sfdb_call_stack.obj
 0001:00046940       sf_debug_tm_set_cycle_started_flag 0000000180047940 f   sfc_debug:sfdb_call_stack.obj
 0001:00046980       sf_debug_tm_get_chart_number_from_stack 0000000180047980 f   sfc_debug:sfdb_call_stack.obj
 0001:00046b80       sf_debug_tm_browse_trace   0000000180047b80 f   sfc_debug:sfdb_call_stack.obj
 0001:00046ec0       sf_debug_cd_initialize_instance 0000000180047ec0 f   sfc_debug:sfdb_cycle_detection.obj
 0001:00047170       sf_debug_cd_mark_processed_transition_in_instance 0000000180048170 f   sfc_debug:sfdb_cycle_detection.obj
 0001:00047210       sf_debug_cd_checksum_push  0000000180048210 f   sfc_debug:sfdb_cycle_detection.obj
 0001:000474d0       sf_debug_cd_checksum_pop   00000001800484d0 f   sfc_debug:sfdb_cycle_detection.obj
 0001:00047540       sf_debug_cd_turn_off_cycle_detection 0000000180048540 f   sfc_debug:sfdb_cycle_detection.obj
 0001:00047590       sf_debug_cd_terminate      0000000180048590 f   sfc_debug:sfdb_cycle_detection.obj
 0001:000477d0       md5_initialize_state       00000001800487d0 f   sfc_debug:ckmd5.obj
 0001:00048240       md5_update_state           0000000180049240 f   sfc_debug:ckmd5.obj
 0001:00048260       md5_get_hash               0000000180049260 f   sfc_debug:ckmd5.obj
 0001:00048290       md5_get_hash_for_a_single_string 0000000180049290 f   sfc_debug:ckmd5.obj
 0001:000482f4       mxGetPr                    00000001800492f4 f   libmx:libmx.dll
 0001:000482fa       mxCreateDoubleScalar       00000001800492fa f   libmx:libmx.dll
 0001:00048300       mxCreateDoubleMatrix_730   0000000180049300 f   libmx:libmx.dll
 0001:00048306       mxSetField_730             0000000180049306 f   libmx:libmx.dll
 0001:0004830c       mxCreateString             000000018004930c f   libmx:libmx.dll
 0001:00048312       mxCreateStructMatrix_730   0000000180049312 f   libmx:libmx.dll
 0001:00048318       mxDestroyArray             0000000180049318 f   libmx:libmx.dll
 0001:0004831e       mxDuplicateArray           000000018004931e f   libmx:libmx.dll
 0001:00048324       mxIsEmpty                  0000000180049324 f   libmx:libmx.dll
 0001:0004832a       mxGetString_730            000000018004932a f   libmx:libmx.dll
 0001:00048330       mxIsChar                   0000000180049330 f   libmx:libmx.dll
 0001:00048336       mxGetClassID               0000000180049336 f   libmx:libmx.dll
 0001:0004833c       mxIsNumeric                000000018004933c f   libmx:libmx.dll
 0001:00048342       mxIsComplex                0000000180049342 f   libmx:libmx.dll
 0001:00048348       mxGetN                     0000000180049348 f   libmx:libmx.dll
 0001:0004834e       mxGetM                     000000018004934e f   libmx:libmx.dll
 0001:00048354       mxCalloc                   0000000180049354 f   libmx:libmx.dll
 0001:0004835a       mxGetScalar                000000018004935a f   libmx:libmx.dll
 0001:00048360       mxIsLogical                0000000180049360 f   libmx:libmx.dll
 0001:00048366       mxCreateDoubleMatrix_700   0000000180049366 f   libmx:libmx.dll
 0001:0004836c       mxFree                     000000018004936c f   libmx:libmx.dll
 0001:00048372       mxArrayToString            0000000180049372 f   libmx:libmx.dll
 0001:00048378       mxCreateCellMatrix_700     0000000180049378 f   libmx:libmx.dll
 0001:0004837e       mxSetCell_700              000000018004937e f   libmx:libmx.dll
 0001:00048384       mxGetCell_700              0000000180049384 f   libmx:libmx.dll
 0001:0004838a       mxGetClassName             000000018004938a f   libmx:libmx.dll
 0001:00048390       mxSetField_700             0000000180049390 f   libmx:libmx.dll
 0001:00048396       mxAddField                 0000000180049396 f   libmx:libmx.dll
 0001:0004839c       mxGetField_700             000000018004939c f   libmx:libmx.dll
 0001:000483a2       mxGetNumberOfElements      00000001800493a2 f   libmx:libmx.dll
 0001:000483a8       mxIsStruct                 00000001800493a8 f   libmx:libmx.dll
 0001:000483ae       mxIsClass                  00000001800493ae f   libmx:libmx.dll
 0001:000483b4       mxGetLogicals              00000001800493b4 f   libmx:libmx.dll
 0001:000483ba       mxIsSparse                 00000001800493ba f   libmx:libmx.dll
 0001:000483c0       mxSetFieldByNumber_700     00000001800493c0 f   libmx:libmx.dll
 0001:000483c6       mxGetFieldByNumber_700     00000001800493c6 f   libmx:libmx.dll
 0001:000483cc       mxGetFieldNameByNumber     00000001800493cc f   libmx:libmx.dll
 0001:000483d2       mxGetNumberOfFields        00000001800493d2 f   libmx:libmx.dll
 0001:000483d8       mxCreateStructMatrix_700   00000001800493d8 f   libmx:libmx.dll
 0001:000483de       mxGetFieldNumber           00000001800493de f   libmx:libmx.dll
 0001:000483e4       mxIsNaN                    00000001800493e4 f   libmx:libmx.dll
 0001:000483ea       mxGetData                  00000001800493ea f   libmx:libmx.dll
 0001:000483f0       mxGetImagData              00000001800493f0 f   libmx:libmx.dll
 0001:000483f6       mxArrayClassIDName         00000001800493f6 f   libmx:libmx.dll
 0001:000483fc       mxCreateNumericMatrix_700  00000001800493fc f   libmx:libmx.dll
 0001:00048402       mxCreateStructArray_700    0000000180049402 f   libmx:libmx.dll
 0001:00048408       mxCalcSingleSubscript_700  0000000180049408 f   libmx:libmx.dll
 0001:0004840e       mxGetDimensions_700        000000018004940e f   libmx:libmx.dll
 0001:00048414       mxGetNumberOfDimensions_700 0000000180049414 f   libmx:libmx.dll
 0001:0004841a       mxCreateNumericArray_700   000000018004941a f   libmx:libmx.dll
 0001:00048420       mxGetElementSize           0000000180049420 f   libmx:libmx.dll
 0001:00048426       mxCreateStringFromNChars_700 0000000180049426 f   libmx:libmx.dll
 0001:0004842c       mxGetString_700            000000018004942c f   libmx:libmx.dll
 0001:00048432       mxIsLogicalScalarTrue      0000000180049432 f   libmx:libmx.dll
 0001:00048438       mxCreateLogicalScalar      0000000180049438 f   libmx:libmx.dll
 0001:0004843e       mexUnlock                  000000018004943e f   libmex:libmex.dll
 0001:00048444       mexIsLocked                0000000180049444 f   libmex:libmex.dll
 0001:0004844a       mexWarnMsgTxt              000000018004944a f   libmex:libmex.dll
 0001:00048450       mexCallMATLAB              0000000180049450 f   libmex:libmex.dll
 0001:00048456       mexErrMsgTxt               0000000180049456 f   libmex:libmex.dll
 0001:0004845c       mexMakeArrayPersistent     000000018004945c f   libmex:libmex.dll
 0001:00048462       mexSetTrapFlag             0000000180049462 f   libmex:libmex.dll
 0001:00048468       mexPutVariable             0000000180049468 f   libmex:libmex.dll
 0001:0004846e       mexGetVariable             000000018004946e f   libmex:libmex.dll
 0001:00048474       mexLock                    0000000180049474 f   libmex:libmex.dll
 0001:0004847a       mexMakeMemoryPersistent    000000018004947a f   libmex:libmex.dll
 0001:00048480       mexFunctionName            0000000180049480 f   libmex:libmex.dll
 0001:00048486       ssRegisterDataTypeFxpFSlopeFixExpBias 0000000180049486 f   libfixedpoint:libfixedpoint.dll
 0001:0004848c       utVSNprintf                000000018004948c f   libut:libut.dll
 0001:00048492       utCPUtime                  0000000180049492 f   libut:libut.dll
 0001:00048498       utFree                     0000000180049498 f   libut:libut.dll
 0001:0004849e       utMalloc                   000000018004949e f   libut:libut.dll
 0001:000484a4       emlrtCheckBuiltInCtxR2011a 00000001800494a4 f   libemlrt:libemlrt.dll
 0001:000484aa       emlrtCheckVsBuiltInCtxR2011a 00000001800494aa f   libemlrt:libemlrt.dll
 0001:000484b0       emlrtCheckEnumR2009a       00000001800494b0 f   libemlrt:libemlrt.dll
 0001:000484b6       emlrtCreateEnumR2010a      00000001800494b6 f   libemlrt:libemlrt.dll
 0001:000484bc       emlrtGetEnumElementR2009a  00000001800494bc f   libemlrt:libemlrt.dll
 0001:000484c2       emlrtCreateReference       00000001800494c2 f   libemlrt:libemlrt.dll
 0001:000484c8       emlrtImportVsFiArrayR2009b 00000001800494c8 f   libemlrt:libemlrt.dll
 0001:000484ce       emlrtExtractMessageId      00000001800494ce f   libemlrt:libemlrt.dll
 0001:000484d4       emlrtTranslateMessageIDtoLCPstring 00000001800494d4 f   libemlrt:libemlrt.dll
 0001:000484da       emlrtForLoopVectorIsValidR2011b 00000001800494da f   libemlrt:libemlrt.dll
 0001:000484e0       emlrtTranslateUTF16MessagetoLCPstring 00000001800494e0 f   libemlrt:libemlrt.dll
 0001:000484e6       emlrtGetEnumUnderlyingArrayR2009a 00000001800494e6 f   libemlrt:libemlrt.dll
 0001:000484ec       emlrtIsEnumR2009a          00000001800494ec f   libemlrt:libemlrt.dll
 0001:000484f4       __GSHandlerCheckCommon     00000001800494f4 f   MSVCRT:gshandler.obj
 0001:00048558       __GSHandlerCheck           0000000180049558 f   MSVCRT:gshandler.obj
 0001:00048576       strlen                     0000000180049576 f   MSVCRT:MSVCR100.dll
 0001:00048590       __security_check_cookie    0000000180049590 f   MSVCRT:amdsecgs.obj
 0001:000485b0       memset                     00000001800495b0 f   MSVCRT:MSVCR100.dll
 0001:000485b6       malloc                     00000001800495b6 f   MSVCRT:MSVCR100.dll
 0001:000485bc       free                       00000001800495bc f   MSVCRT:MSVCR100.dll
 0001:000485c2       strcmp                     00000001800495c2 f   MSVCRT:MSVCR100.dll
 0001:000485c8       sprintf                    00000001800495c8 f   MSVCRT:MSVCR100.dll
 0001:000485ce       strcat                     00000001800495ce f   MSVCRT:MSVCR100.dll
 0001:000485d4       memcpy                     00000001800495d4 f   MSVCRT:MSVCR100.dll
 0001:000485dc       NtCurrentTeb               00000001800495dc f i MSVCRT:crtdll.obj
 0001:00048648       _CRT_INIT                  0000000180049648 f   MSVCRT:crtdll.obj
 0001:000489e0       _DllMainCRTStartup         00000001800499e0 f   MSVCRT:crtdll.obj
 0001:00048a1e       strncpy                    0000000180049a1e f   MSVCRT:MSVCR100.dll
 0001:00048a40       _alloca_probe              0000000180049a40     MSVCRT:chkstk.obj
 0001:00048a40       __chkstk                   0000000180049a40 f   MSVCRT:chkstk.obj
 0001:00048a8e       longjmp                    0000000180049a8e f   MSVCRT:MSVCR100.dll
 0001:00048a94       strncmp                    0000000180049a94 f   MSVCRT:MSVCR100.dll
 0001:00048a9a       ceil                       0000000180049a9a f   MSVCRT:MSVCR100.dll
 0001:00048aa0       strrchr                    0000000180049aa0 f   MSVCRT:MSVCR100.dll
 0001:00048aa6       _setjmp                    0000000180049aa6 f   MSVCRT:MSVCR100.dll
 0001:00048aac       calloc                     0000000180049aac f   MSVCRT:MSVCR100.dll
 0001:00048ab2       realloc                    0000000180049ab2 f   MSVCRT:MSVCR100.dll
 0001:00048ab8       ldexp                      0000000180049ab8 f   MSVCRT:MSVCR100.dll
 0001:00048ac0       __report_gsfailure         0000000180049ac0 f   MSVCRT:gs_report.obj
 0001:00048c0c       __clean_type_info_names    0000000180049c0c f   MSVCRT:tncleanup.obj
 0001:00048c18       _onexit                    0000000180049c18 f   MSVCRT:atonexit.obj
 0001:00048cc8       atexit                     0000000180049cc8 f   MSVCRT:atonexit.obj
 0001:00048ce0       _RTC_Initialize            0000000180049ce0 f   MSVCRT:_initsect_.obj
 0001:00048d18       _RTC_Terminate             0000000180049d18 f   MSVCRT:_initsect_.obj
 0001:00048d50       _malloc_crt                0000000180049d50 f   MSVCRT:MSVCR100.dll
 0001:00048d60       _ValidateImageBase         0000000180049d60 f   MSVCRT:pesect.obj
 0001:00048d90       _FindPESection             0000000180049d90 f   MSVCRT:pesect.obj
 0001:00048de0       _IsNonwritableInCurrentImage 0000000180049de0 f   MSVCRT:pesect.obj
 0001:00048e22       _initterm                  0000000180049e22 f   MSVCRT:MSVCR100.dll
 0001:00048e28       _initterm_e                0000000180049e28 f   MSVCRT:MSVCR100.dll
 0001:00048e2e       _encoded_null              0000000180049e2e f   MSVCRT:MSVCR100.dll
 0001:00048e34       _amsg_exit                 0000000180049e34 f   MSVCRT:MSVCR100.dll
 0001:00048e3a       __C_specific_handler       0000000180049e3a f   MSVCRT:MSVCR100.dll
 0001:00048e40       __CppXcptFilter            0000000180049e40 f   MSVCRT:MSVCR100.dll
 0001:00048e48       DllMain                    0000000180049e48 f   MSVCRT:dllmain.obj
 0001:00048e6c       __security_init_cookie     0000000180049e6c f   MSVCRT:gs_support.obj
 0001:00048f20       __crt_debugger_hook        0000000180049f20 f   MSVCRT:MSVCR100.dll
 0001:00048f26       __clean_type_info_names_internal 0000000180049f26 f   MSVCRT:MSVCR100.dll
 0001:00048f2c       _unlock                    0000000180049f2c f   MSVCRT:MSVCR100.dll
 0001:00048f32       __dllonexit                0000000180049f32 f   MSVCRT:MSVCR100.dll
 0001:00048f38       _lock                      0000000180049f38 f   MSVCRT:MSVCR100.dll
 0001:00048f3e       EncodePointer              0000000180049f3e f   kernel32:KERNEL32.dll
 0001:00048f44       DecodePointer              0000000180049f44 f   kernel32:KERNEL32.dll
 0001:00048f4a       Sleep                      0000000180049f4a f   kernel32:KERNEL32.dll
 0001:00048f50       TerminateProcess           0000000180049f50 f   kernel32:KERNEL32.dll
 0001:00048f56       GetCurrentProcess          0000000180049f56 f   kernel32:KERNEL32.dll
 0001:00048f5c       UnhandledExceptionFilter   0000000180049f5c f   kernel32:KERNEL32.dll
 0001:00048f62       SetUnhandledExceptionFilter 0000000180049f62 f   kernel32:KERNEL32.dll
 0001:00048f68       IsDebuggerPresent          0000000180049f68 f   kernel32:KERNEL32.dll
 0001:00048f6e       RtlVirtualUnwind           0000000180049f6e f   kernel32:KERNEL32.dll
 0001:00048f74       RtlLookupFunctionEntry     0000000180049f74 f   kernel32:KERNEL32.dll
 0001:00048f7a       RtlCaptureContext          0000000180049f7a f   kernel32:KERNEL32.dll
 0001:00048f80       DisableThreadLibraryCalls  0000000180049f80 f   kernel32:KERNEL32.dll
 0001:00048f86       QueryPerformanceCounter    0000000180049f86 f   kernel32:KERNEL32.dll
 0001:00048f8c       GetTickCount               0000000180049f8c f   kernel32:KERNEL32.dll
 0001:00048f92       GetCurrentThreadId         0000000180049f92 f   kernel32:KERNEL32.dll
 0001:00048f98       GetCurrentProcessId        0000000180049f98 f   kernel32:KERNEL32.dll
 0001:00048f9e       GetSystemTimeAsFileTime    0000000180049f9e f   kernel32:KERNEL32.dll
 0002:00000000       __imp_GetSystemTimeAsFileTime 000000018004b000     kernel32:KERNEL32.dll
 0002:00000008       __imp_GetCurrentProcessId  000000018004b008     kernel32:KERNEL32.dll
 0002:00000010       __imp_GetCurrentThreadId   000000018004b010     kernel32:KERNEL32.dll
 0002:00000018       __imp_GetTickCount         000000018004b018     kernel32:KERNEL32.dll
 0002:00000020       __imp_QueryPerformanceCounter 000000018004b020     kernel32:KERNEL32.dll
 0002:00000028       __imp_DisableThreadLibraryCalls 000000018004b028     kernel32:KERNEL32.dll
 0002:00000030       __imp_RtlCaptureContext    000000018004b030     kernel32:KERNEL32.dll
 0002:00000038       __imp_RtlLookupFunctionEntry 000000018004b038     kernel32:KERNEL32.dll
 0002:00000040       __imp_RtlVirtualUnwind     000000018004b040     kernel32:KERNEL32.dll
 0002:00000048       __imp_IsDebuggerPresent    000000018004b048     kernel32:KERNEL32.dll
 0002:00000050       __imp_SetUnhandledExceptionFilter 000000018004b050     kernel32:KERNEL32.dll
 0002:00000058       __imp_UnhandledExceptionFilter 000000018004b058     kernel32:KERNEL32.dll
 0002:00000060       __imp_GetCurrentProcess    000000018004b060     kernel32:KERNEL32.dll
 0002:00000068       __imp_TerminateProcess     000000018004b068     kernel32:KERNEL32.dll
 0002:00000070       __imp_Sleep                000000018004b070     kernel32:KERNEL32.dll
 0002:00000078       __imp_DecodePointer        000000018004b078     kernel32:KERNEL32.dll
 0002:00000080       __imp_EncodePointer        000000018004b080     kernel32:KERNEL32.dll
 0002:00000088       \177KERNEL32_NULL_THUNK_DATA 000000018004b088     kernel32:KERNEL32.dll
 0002:00000090       __imp__onexit              000000018004b090     MSVCRT:MSVCR100.dll
 0002:00000098       __imp__lock                000000018004b098     MSVCRT:MSVCR100.dll
 0002:000000a0       __imp___dllonexit          000000018004b0a0     MSVCRT:MSVCR100.dll
 0002:000000a8       __imp__unlock              000000018004b0a8     MSVCRT:MSVCR100.dll
 0002:000000b0       __imp___clean_type_info_names_internal 000000018004b0b0     MSVCRT:MSVCR100.dll
 0002:000000b8       __imp___crt_debugger_hook  000000018004b0b8     MSVCRT:MSVCR100.dll
 0002:000000c0       __imp___CppXcptFilter      000000018004b0c0     MSVCRT:MSVCR100.dll
 0002:000000c8       __imp___C_specific_handler 000000018004b0c8     MSVCRT:MSVCR100.dll
 0002:000000d0       __imp__amsg_exit           000000018004b0d0     MSVCRT:MSVCR100.dll
 0002:000000d8       __imp__encoded_null        000000018004b0d8     MSVCRT:MSVCR100.dll
 0002:000000e0       __imp__initterm_e          000000018004b0e0     MSVCRT:MSVCR100.dll
 0002:000000e8       __imp__initterm            000000018004b0e8     MSVCRT:MSVCR100.dll
 0002:000000f0       __imp__malloc_crt          000000018004b0f0     MSVCRT:MSVCR100.dll
 0002:000000f8       __imp_ldexp                000000018004b0f8     MSVCRT:MSVCR100.dll
 0002:00000100       __imp_realloc              000000018004b100     MSVCRT:MSVCR100.dll
 0002:00000108       __imp_calloc               000000018004b108     MSVCRT:MSVCR100.dll
 0002:00000110       __imp__setjmp              000000018004b110     MSVCRT:MSVCR100.dll
 0002:00000118       __imp_strrchr              000000018004b118     MSVCRT:MSVCR100.dll
 0002:00000120       __imp_ceil                 000000018004b120     MSVCRT:MSVCR100.dll
 0002:00000128       __imp_strncmp              000000018004b128     MSVCRT:MSVCR100.dll
 0002:00000130       __imp_longjmp              000000018004b130     MSVCRT:MSVCR100.dll
 0002:00000138       __imp_strncpy              000000018004b138     MSVCRT:MSVCR100.dll
 0002:00000140       __imp_memcpy               000000018004b140     MSVCRT:MSVCR100.dll
[...]
 0001:000205f0       check_array_dimensions     00000001800215f0 f   sfc_mex:sfc_mex.obj
 0001:00020660       check_input_mxarray        0000000180021660 f   sfc_mex:sfc_mex.obj
 0001:00020da0       sf_numeric_value_to_double 0000000180021da0 f   sfc_mex:sfc_mex.obj
 0001:00020df0       ml_generic_out_of_bounds_check 0000000180021df0 f   sfc_mex:sfc_mex.obj
 0001:00020fc0       ml_get_element_value_from_array 0000000180021fc0 f   sfc_mex:sfc_mex.obj
 0001:00021360       _ml_generic_castability_check 0000000180022360 f   sfc_mex:sfc_mex.obj
 0001:000220c0       ml_generic_castability_check 00000001800230c0 f   sfc_mex:sfc_mex.obj
 0001:00022160       ml_check_mx_array_for_single_castability 0000000180023160 f   sfc_mex:sfc_mex.obj
 0001:00022200       ml_check_mx_array_for_logical_castability 0000000180023200 f   sfc_mex:sfc_mex.obj
 0001:000222a0       ml_check_mx_array_for_int8_castability 00000001800232a0 f   sfc_mex:sfc_mex.obj
 0001:00022350       ml_check_mx_array_for_uint8_castability 0000000180023350 f   sfc_mex:sfc_mex.obj
 0001:000223b0       ml_check_mx_array_for_int16_castability 00000001800233b0 f   sfc_mex:sfc_mex.obj
 0001:00022410       ml_check_mx_array_for_uint16_castability 0000000180023410 f   sfc_mex:sfc_mex.obj
 0001:00022470       ml_check_mx_array_for_int32_castability 0000000180023470 f   sfc_mex:sfc_mex.obj
 0001:000224d0       ml_check_mx_array_for_uint32_castability 00000001800234d0 f   sfc_mex:sfc_mex.obj
 0001:00022530       ml_check_mx_array_for_castability 0000000180023530 f   sfc_mex:sfc_mex.obj
 0001:00022e60       set_data_value             0000000180023e60 f   sfc_mex:sfc_mex.obj
 0001:000231d0       get_data_value             00000001800241d0 f   sfc_mex:sfc_mex.obj
 0001:000232e0       get_next_element_address   00000001800242e0 f   sfc_mex:sfc_mex.obj
 0001:000233b0       sf_normalize_index         00000001800243b0 f   sfc_mex:sfc_mex.obj
 0001:00023740       ml_array_index_bound_check 0000000180024740 f   sfc_mex:sfc_mex.obj
 0001:00024260       mx_value                   0000000180025260 f   sfc_mex:sfc_mex.obj
 0001:000242b0       sf_create_numeric_array    00000001800252b0 f   sfc_mex:sfc_mex.obj
 0001:00024350       sf_mex_assign_to_mx_array  0000000180025350 f   sfc_mex:sfc_mex.obj
 0001:000246a0       assign_from_mx_array       00000001800256a0 f   sfc_mex:sfc_mex.obj
 0001:00024ed0       sf_mex_import_v            0000000180025ed0 f   sfc_mex:sfc_mex.obj
 0001:000255d0       get_machine_and_chart_file_number 00000001800265d0 f   sfc_mex:sfc_sf.obj
 0001:000256c0       get_sfun_block_specialization 00000001800266c0 f   sfc_mex:sfc_sf.obj
 0001:00025740       call_sf_machine_global_method_dispatcher 0000000180026740 f   sfc_mex:sfc_sf.obj
 0001:00025970       mdl_zeroCrossings_processing 0000000180026970 f   sfc_mex:sfc_sf.obj
 0001:00025a40       mdl_derivatives_processing 0000000180026a40 f   sfc_mex:sfc_sf.obj
 0001:00025d00       mdl_outputs_continuous_legacy 0000000180026d00 f   sfc_mex:sfc_sf.obj
 0001:00025d80       mdl_outputs_processing     0000000180026d80 f   sfc_mex:sfc_sf.obj
 0001:00025fb0       mdl_enable_processing      0000000180026fb0 f   sfc_mex:sfc_sf.obj
 0001:00026080       mdl_disable_processing     0000000180027080 f   sfc_mex:sfc_sf.obj
 0001:00026dc0       sf_call_output_fcn_enable_disable 0000000180027dc0 f   sfc_mex:sfc_sf.obj
 0001:00027040       set_dwork_information_from_mx_array 0000000180028040 f   sfc_mex:sfc_sf.obj
 0001:00027900       ptr2mxStruct               0000000180028900 f   sfc_mex:sfc_sf.obj
 0001:00027bf0       SNPRINTF_WRAPPER           0000000180028bf0 f   sfc_debug:sfcdebug.obj
 0001:00027c10       sf_debug_chart_instance_initialized_quick 0000000180028c10 f   sfc_debug:sfcdebug.obj
 0001:00027c20       sf_debug_chart_instance_initialized 0000000180028c20 f   sfc_debug:sfcdebug.obj
 0001:00027dc0       sfrtAddSize                0000000180028dc0 f   sfc_debug:sfcdebug.obj
 0001:00027e80       sfrtGenSizeString          0000000180028e80 f   sfc_debug:sfcdebug.obj
 0001:00028590       sf_debug_sim_status_listener 0000000180029590 f   sfc_debug:sfcdebug.obj
 0001:00028b00       sf_debug_form_mask_bits    0000000180029b00 f   sfc_debug:sfcdebug.obj
 0001:00028b40       sf_debug_form_sf_data_type_offsets 0000000180029b40 f   sfc_debug:sfcdebug.obj
 0001:00028c00       sf_debug_free_all          0000000180029c00 f   sfc_debug:sfcdebug.obj
 0001:00028d80       sf_debug_append_debugger_context 0000000180029d80 f   sfc_debug:sfcdebug.obj
 0001:00029040       local_strdup               000000018002a040 f   sfc_debug:sfcdebug.obj
 0001:00029f20       sf_debug_em_terminate      000000018002af20 f   sfc_debug:sfcdebug.obj
 0001:00029f60       sf_debug_push_eml_function 000000018002af60 f   sfc_debug:sfcdebug.obj
 0001:0002a000       sf_debug_pop_eml_function  000000018002b000 f   sfc_debug:sfcdebug.obj
 0001:0002ad00       sf_debug_get_machine_number_from_id_or_name 000000018002bd00 f   sfc_debug:sfcdebug.obj
 0001:0002ae50       sf_debug_get_chart_number_from_id 000000018002be50 f   sfc_debug:sfcdebug.obj
 0001:0002bac0       sf_debug_transfer_control_to_debugger_GUI 000000018002cac0 f   sfc_debug:sfcdebug.obj
 0001:0002ca50       sf_debug_scripts_rehash    000000018002da50 f   sfc_debug:sfcdebug.obj
 0001:0002cc90       sf_debug_get_script_line_count 000000018002dc90 f   sfc_debug:sfcdebug.obj
 0001:0002d3a0       cv_eml_state_cvId          000000018002e3a0 f   sfc_debug:sfcdebug.obj
 0001:0002d410       cv_eml_trans_cvId          000000018002e410 f   sfc_debug:sfcdebug.obj
 0001:0002e6d0       sf_debug_data_array_bounds_error 000000018002f6d0 f   sfc_debug:sfcdebug.obj
 0001:0002eb00       eml_debug_runtime_error_doclink 000000018002fb00 f   sfc_debug:sfcdebug.obj
 0001:0002ec80       sf_debug_runtime_error     000000018002fc80 f   sfc_debug:sfcdebug.obj
 0001:0002ecf0       sf_debug_matlab_error      000000018002fcf0 f   sfc_debug:sfcdebug.obj
 0001:0002f620       sf_debug_data_value_error  0000000180030620 f   sfc_debug:sfcdebug.obj
 0001:0002ff20       sf_debug_data_loss_error   0000000180030f20 f   sfc_debug:sfcdebug.obj
 0001:00030e40       call_cv_range_check        0000000180031e40 f   sfc_debug:sfcdebug.obj
 0001:00031610       sf_debug_invoke_cycle_detection_code 0000000180032610 f   sfc_debug:sfcdebug.obj
 0001:00032480       sf_reset_debug_info_struct 0000000180033480 f   sfc_debug:sfcdebug.obj
 0001:00032d70       cv_script_cvId             0000000180033d70 f   sfc_debug:sfcdebug.obj
 0001:00033b60       sfc_api_chart_visible      0000000180034b60 f   sfc_debug:sfc_api.obj
 0001:00033be0       sfc_api_active_instance    0000000180034be0 f   sfc_debug:sfc_api.obj
 0001:00033c60       sfc_api_machine_load       0000000180034c60 f   sfc_debug:sfc_api.obj
 0001:00033d30       sfc_api_debugger_alive     0000000180034d30 f   sfc_debug:sfc_api.obj
 0001:00033d40       sfc_api_go                 0000000180034d40 f   sfc_debug:sfc_api.obj
 0001:00033d50       sfc_api_step_over          0000000180034d50 f   sfc_debug:sfc_api.obj
 0001:00033d60       sfc_api_step_out           0000000180034d60 f   sfc_debug:sfc_api.obj
 0001:00033d70       sfc_api_resume             0000000180034d70 f   sfc_debug:sfc_api.obj
 0001:00033d80       sfc_api_break              0000000180034d80 f   sfc_debug:sfc_api.obj
 0001:00033d90       sfc_api_stop_debugging     0000000180034d90 f   sfc_debug:sfc_api.obj
 0001:00033de0       sfc_api_is_cycle_detected  0000000180034de0 f   sfc_debug:sfc_api.obj
 0001:00033e30       sfc_api_is_array_bounds_detected 0000000180034e30 f   sfc_debug:sfc_api.obj
 0001:00033e80       sfc_api_set_disable_all_breakpoints 0000000180034e80 f   sfc_debug:sfc_api.obj
 0001:00033ef0       sfc_api_disable_all_breakpoints_and_go 0000000180034ef0 f   sfc_debug:sfc_api.obj
 0001:00033f00       sfc_api_close              0000000180034f00 f   sfc_debug:sfc_api.obj
 0001:00033f10       sfc_api_browse_data        0000000180034f10 f   sfc_debug:sfc_api.obj
 0001:00033f80       sfc_api_watch_data         0000000180034f80 f   sfc_debug:sfc_api.obj
 0001:00034020       sfc_api_assign_data        0000000180035020 f   sfc_debug:sfc_api.obj
 0001:000340c0       sfc_api_whos               00000001800350c0 f   sfc_debug:sfc_api.obj
 0001:00034150       sfc_api_get_consistency_info 0000000180035150 f   sfc_debug:sfc_api.obj
 0001:00034160       sfc_api_browse_trace       0000000180035160 f   sfc_debug:sfc_api.obj
 0001:00034170       sfc_api_break_on_chart_entry 0000000180035170 f   sfc_debug:sfc_api.obj
 0001:00034190       sfc_api_break_on_event_broadcast 0000000180035190 f   sfc_debug:sfc_api.obj
 0001:000341b0       sfc_api_break_on_state_entry 00000001800351b0 f   sfc_debug:sfc_api.obj
 0001:000341d0       sfc_api_set_watch          00000001800351d0 f   sfc_debug:sfc_api.obj
 0001:00034270       sfc_api_set_breakpoints    0000000180035270 f   sfc_debug:sfc_api.obj
 0001:00034310       sfc_api_set_eml_breakpoints 0000000180035310 f   sfc_debug:sfc_api.obj
 0001:00034390       sfc_api_set_script_breakpoints 0000000180035390 f   sfc_debug:sfc_api.obj
 0001:000343e0       sfc_api_add_script_breakpoints 00000001800353e0 f   sfc_debug:sfc_api.obj
 0001:00034430       sfc_api_clear_script_breakpoints 0000000180035430 f   sfc_debug:sfc_api.obj
 0001:00034480       sfc_api_query_script_breakpoints 0000000180035480 f   sfc_debug:sfc_api.obj
 0001:000344e0       sfc_api_get_script_id      00000001800354e0 f   sfc_debug:sfc_api.obj
 0001:000345a0       sfc_api_get_active_states  00000001800355a0 f   sfc_debug:sfc_api.obj
 0001:00034620       sfc_api_break_between_times 0000000180035620 f   sfc_debug:sfc_api.obj
 0001:00034680       sfc_api_get_instance_handle 0000000180035680 f   sfc_debug:sfc_api.obj
 0001:00034730       sfc_api_set_animation      0000000180035730 f   sfc_debug:sfc_api.obj
 0001:00034780       sfc_api_select_chart       0000000180035780 f   sfc_debug:sfc_api.obj
 0001:000347e0       sfc_api_select_charts      00000001800357e0 f   sfc_debug:sfc_api.obj
 0001:00034810       sfc_api_cycle_detection_check 0000000180035810 f   sfc_debug:sfc_api.obj
 0001:00034860       sfc_api_data_range_check   0000000180035860 f   sfc_debug:sfc_api.obj
 0001:000348b0       sfc_api_transition_conflict_check 00000001800358b0 f   sfc_debug:sfc_api.obj
 0001:00034900       sfc_api_state_consistency_check 0000000180035900 f   sfc_debug:sfc_api.obj
 0001:00034950       sfc_api_set_instance_cv_ids 0000000180035950 f   sfc_debug:sfc_api.obj
 0001:00034a60       sfc_api_set_script_cv_ids  0000000180035a60 f   sfc_debug:sfc_api.obj
 0001:00034b00       sfc_api_get_current_machine_id 0000000180035b00 f   sfc_debug:sfc_api.obj
 0001:00034b30       sfc_api_get_current_machine_number 0000000180035b30 f   sfc_debug:sfc_api.obj
 0001:00034b60       sfc_api_get_current_chart_number 0000000180035b60 f   sfc_debug:sfc_api.obj
 0001:00034b90       sfc_api_get_current_instance_number 0000000180035b90 f   sfc_debug:sfc_api.obj
 0001:00034bc0       sfc_api_get_current_instance_handle 0000000180035bc0 f   sfc_debug:sfc_api.obj
 0001:00034be0       sfc_api_get_current_is_minor_time_step 0000000180035be0 f   sfc_debug:sfc_api.obj
 0001:00034c10       sfc_api_get_current_machine_name 0000000180035c10 f   sfc_debug:sfc_api.obj
 0001:00034c30       sfc_api_get_current_chart_id 0000000180035c30 f   sfc_debug:sfc_api.obj
 0001:00034c60       sfc_api_get_current_object_type 0000000180035c60 f   sfc_debug:sfc_api.obj
 0001:00034c90       sfc_api_get_current_event_type 0000000180035c90 f   sfc_debug:sfc_api.obj
 0001:00034cc0       sfc_api_get_current_object_id 0000000180035cc0 f   sfc_debug:sfc_api.obj
 0001:00034cf0       sfc_get_current_active_event_type 0000000180035cf0 f   sfc_debug:sfc_api.obj
 0001:00034d20       sfc_api_get_current_active_event_id 0000000180035d20 f   sfc_debug:sfc_api.obj
 0001:00034d50       sfc_api_get_current_simulation_time 0000000180035d50 f   sfc_debug:sfc_api.obj
 0001:00034d70       sfc_get_current_tag_type   0000000180035d70 f   sfc_debug:sfc_api.obj
 0001:00034da0       sfc_get_current_coverage_percentage 0000000180035da0 f   sfc_debug:sfc_api.obj
 0001:00034dc0       sfc_get_current_statement_context 0000000180035dc0 f   sfc_debug:sfc_api.obj
 0001:00034de0       sfc_get_current_optional_integer 0000000180035de0 f   sfc_debug:sfc_api.obj
 0001:00034e10       sfc_get_current_statement_info 0000000180035e10 f   sfc_debug:sfc_api.obj
 0001:00034eb0       sfc_api_get                0000000180035eb0 f   sfc_debug:sfc_api.obj
 0001:00035010       sf_debug_sm_is_using_unified_editors 0000000180036010 f   sfc_debug:sfdb_animation.obj
 0001:000350b0       sf_debug_sm_is_chart_visible_in_unified_editors 00000001800360b0 f   sfc_debug:sfdb_animation.obj
 0001:00035170       sf_debug_sm_check_if_chart_is_visible 0000000180036170 f   sfc_debug:sfdb_animation.obj
 0001:00035c70       sf_debug_sm_fill_state_activity_data 0000000180036c70 f   sfc_debug:sfdb_animation.obj
 0001:00038260       sf_debug_hm_get_simulink_handle 0000000180039260 f   sfc_debug:sfdb_handle_management.obj
 0001:00038db0       sf_debug_hm_initialize_globals 0000000180039db0 f   sfc_debug:sfdb_handle_management.obj
 0001:00038eb0       sf_debug_hm_get_machine_debug_flag 0000000180039eb0 f   sfc_debug:sfdb_handle_management.obj
 0001:00039020       sf_debug_hm_get_machine_id 000000018003a020 f   sfc_debug:sfdb_handle_management.obj
 0001:00039140       sf_debug_hm_get_chart_id   000000018003a140 f   sfc_debug:sfdb_handle_management.obj
 0001:000392e0       sf_debug_hm_register_executing_SFunction 000000018003a2e0 f   sfc_debug:sfdb_handle_management.obj
 0001:00039480       sf_debug_hm_get_chart_active_instance 000000018003a480 f   sfc_debug:sfdb_handle_management.obj
 0001:000395f0       sf_debug_hm_get_chart_visibility 000000018003a5f0 f   sfc_debug:sfdb_handle_management.obj
 0001:00039740       sf_debug_hm_form_object_boolean_properties 000000018003a740 f   sfc_debug:sfdb_handle_management.obj
 0001:00039a10       sf_debug_hm_form_object_properties 000000018003aa10 f   sfc_debug:sfdb_handle_management.obj
 0001:00039c50       sf_debug_hm_terminate_charts 000000018003ac50 f   sfc_debug:sfdb_handle_management.obj
 0001:0003a3c0       sf_debug_hm_terminate_machines 000000018003b3c0 f   sfc_debug:sfdb_handle_management.obj
 0001:0003bce0       void_ptr_stack_vector_free_total 000000018003cce0 f   sfc_debug:sfdb_data_browse.obj
 0001:0003bd70       sf_debug_st_terminate_machine 000000018003cd70 f   sfc_debug:sfdb_data_browse.obj
 0001:0003bdb0       sf_debug_st_terminate_instance 000000018003cdb0 f   sfc_debug:sfdb_data_browse.obj
 0001:0003c160       push_on_to_void_ptr_stack  000000018003d160 f   sfc_debug:sfdb_data_browse.obj
 0001:0003c2f0       pop_from_void_ptr_stack    000000018003d2f0 f   sfc_debug:sfdb_data_browse.obj
 0001:0003c420       sf_debug_st_get_data_value 000000018003d420 f   sfc_debug:sfdb_data_browse.obj
 0001:0003c9b0       mx_value                   000000018003d9b0 f   sfc_debug:sfdb_data_browse.obj
 0001:0003c9f0       sf_debug_st_fill_data_struct 000000018003d9f0 f   sfc_debug:sfdb_data_browse.obj
 0001:0003cd30       data_type_format_strings   000000018003dd30 f   sfc_debug:sfdb_data_browse.obj
 0001:0003cde0       sf_debug_st_fill_data      000000018003dde0 f   sfc_debug:sfdb_data_browse.obj
 0001:0003e020       sf_debug_ss_copy_dimension 000000018003f020 f   sfc_debug:sfdb_symbol_scope.obj
 0001:0003e0e0       sf_debug_ss_get_number_elements 000000018003f0e0 f   sfc_debug:sfdb_symbol_scope.obj
 0001:0003e100       sf_debug_ss_fill_data_struct 000000018003f100 f   sfc_debug:sfdb_symbol_scope.obj
 0001:0003e450       sf_debug_ss_reset_data_info 000000018003f450 f   sfc_debug:sfdb_symbol_scope.obj
 0001:0003e4b0       sf_debug_fill_data_info_by_symbol_scope_entry 000000018003f4b0 f   sfc_debug:sfdb_symbol_scope.obj
 0001:0003e570       sf_debug_fill_data_info_by_data_vector 000000018003f570 f   sfc_debug:sfdb_symbol_scope.obj
 0001:0003e7c0       sf_debug_ss_get_data_info  000000018003f7c0 f   sfc_debug:sfdb_symbol_scope.obj
 0001:0003eab0       sf_debug_select_mex_function 000000018003fab0 f   sfc_debug:sfdb_symbol_scope.obj
 0001:0003eae0       sf_debug_is_dyn_matrix_initialized 000000018003fae0 f   sfc_debug:sfdb_symbol_scope.obj
 0001:0003eb00       sf_debug_ss_set_data_value_try 000000018003fb00 f   sfc_debug:sfdb_symbol_scope.obj
 0001:0003ecd0       sf_debug_ss_get_data_value 000000018003fcd0 f   sfc_debug:sfdb_symbol_scope.obj
 0001:0003f220       sf_debug_ss_data_bytes_string 0000000180040220 f   sfc_debug:sfdb_symbol_scope.obj
 0001:0003f2d0       sf_debug_ss_data_class_string 00000001800402d0 f   sfc_debug:sfdb_symbol_scope.obj
 0001:0003f660       sf_debug_ss_data_size_string 0000000180040660 f   sfc_debug:sfdb_symbol_scope.obj
 0001:0003f740       sf_debug_ss_data_create_data_info_struct 0000000180040740 f   sfc_debug:sfdb_symbol_scope.obj
 0001:0003fa10       sf_debug_ss_data_create_name_value_pair 0000000180040a10 f   sfc_debug:sfdb_symbol_scope.obj
 0001:0003fab0       sf_debug_ss_data_get_whos_info 0000000180040ab0 f   sfc_debug:sfdb_symbol_scope.obj
 0001:0003fac0       same_named_data_in_data_array 0000000180040ac0 f   sfc_debug:sfdb_symbol_scope.obj
 0001:00041330       sf_debug_cc_terminate_chart 0000000180042330 f   sfc_debug:sfdb_coverage.obj
 0001:000416d0       sf_debug_cc_terminate_instance 00000001800426d0 f   sfc_debug:sfdb_coverage.obj
 0001:000422c0       sf_debug_cc_mark_object_if_needed 00000001800432c0 f   sfc_debug:sfdb_coverage.obj
 0001:00042bc0       sf_debug_bm_initialize_eml 0000000180043bc0 f   sfc_debug:sfdb_breakpoints.obj
 0001:00043d30       sf_debug_bm_map_debug_tag_to_breakpoint_tag 0000000180044d30 f   sfc_debug:sfdb_breakpoints.obj
 0001:00043e10       sf_debug_bm_is_a_eml_breakpoint_impl 0000000180044e10 f   sfc_debug:sfdb_breakpoints.obj
 0001:00045890       sf_debug_sc_push_on_error_stack 0000000180046890 f   sfc_debug:sfdb_state_consistency.obj
 0001:000459c0       sf_debug_sc_reset_error_stack 00000001800469c0 f   sfc_debug:sfdb_state_consistency.obj
 0001:00045b50       sf_debug_sc_is_state_inconsistent 0000000180046b50 f   sfc_debug:sfdb_state_consistency.obj
 0001:00045e50       sf_debug_sc_fill_consistency_info 0000000180046e50 f   sfc_debug:sfdb_state_consistency.obj
 0001:00046430       void_assertion_fcn         0000000180047430 f   sfc_debug:sfdb_call_stack.obj
 0001:000469b0       sf_debug_tm_fill_local_trace 00000001800479b0 f   sfc_debug:sfdb_call_stack.obj
 0001:00046f80       sf_debug_cd_terminate_instance 0000000180047f80 f   sfc_debug:sfdb_cycle_detection.obj
 0001:00046fe0       sf_debug_cd_free_checksum_stack 0000000180047fe0 f   sfc_debug:sfdb_cycle_detection.obj
 0001:00047030       sf_debug_cd_reset_pack_strings 0000000180048030 f   sfc_debug:sfdb_cycle_detection.obj
 0001:000476f0       md5file_clear              00000001800486f0 f   sfc_debug:ckmd5.obj
 0001:00047720       Encode                     0000000180048720 f   sfc_debug:ckmd5.obj
 0001:00047770       Decode                     0000000180048770 f   sfc_debug:ckmd5.obj
 0001:00047810       MD5Transform               0000000180048810 f   sfc_debug:ckmd5.obj
 0001:00048060       md5file_addn               0000000180049060 f   sfc_debug:ckmd5.obj
 0001:00048130       md5file_hash               0000000180049130 f   sfc_debug:ckmd5.obj
 0001:000485e8       pre_c_init                 00000001800495e8 f   MSVCRT:crtdll.obj
 0001:000488a4       __DllMainCRTStartup        00000001800498a4 f   MSVCRT:crtdll.obj
 0001:00048fb0       __DllMainCRTStartup$filt$0 0000000180049fb0 f   MSVCRT:crtdll.obj
 0001:00048fe0       __DllMainCRTStartup$fin$1  0000000180049fe0 f   MSVCRT:crtdll.obj
 0001:00048ffa       _onexit$fin$0              0000000180049ffa f   MSVCRT:atonexit.obj
 0001:00049020       _IsNonwritableInCurrentImage$filt$0 000000018004a020 f   MSVCRT:pesect.obj
