 SALTStabilizationInnerOuterLoopSIM_sfun

 Timestamp is 520d8a8c (Thu Aug 15 19:12:28 2013)

 Preferred load address is 0000000180000000

 Start         Length     Name                   Class
 0001:00000000 0003fbd4H .text                   CODE
 0001:0003fbe0 00000092H .text$x                 CODE
 0002:00000000 00000458H .idata$5                DATA
 0002:00000458 00000008H .CRT$XCA                DATA
 0002:00000460 00000008H .CRT$XCZ                DATA
 0002:00000468 00000008H .CRT$XIA                DATA
 0002:00000470 00000008H .CRT$XIAA               DATA
 0002:00000478 00000008H .CRT$XIZ                DATA
 0002:00000480 00004a9cH .rdata                  DATA
 0002:00004f20 00000008H .rtc$IAA                DATA
 0002:00004f28 00000008H .rtc$IZZ                DATA
 0002:00004f30 00000008H .rtc$TAA                DATA
 0002:00004f38 00000008H .rtc$TZZ                DATA
 0002:00004f40 0000416cH .xdata                  DATA
 0002:000090ac 0000008cH .idata$2                DATA
 0002:00009138 00000014H .idata$3                DATA
 0002:00009150 00000458H .idata$4                DATA
 0002:000095a8 00000a0cH .idata$6                DATA
 0002:00009fc0 0000006dH .edata                  DATA
 0003:00000000 000034b8H .data                   DATA
 0003:000034c0 00002698H .bss                    DATA
 0004:00000000 00003414H .pdata                  DATA

  Address         Publics by Value              Rva+Base               Lib:Object

 0000:00000000       ___safe_se_handler_count   0000000000000000     <absolute>
 0000:00000000       ___safe_se_handler_table   0000000000000000     <absolute>
 0000:00000000       __ImageBase                0000000180000000     <linker-defined>
 0001:00000000       sf_c1_SALTStabilizationInnerOuterLoopSIM_get_eml_resolved_functions_info 0000000180001000 f   c1_SALTStabilizationInnerOuterLoopSIM.obj
 0001:00000590       sf_c1_SALTStabilizationInnerOuterLoopSIM_get_check_sum 0000000180001590 f   c1_SALTStabilizationInnerOuterLoopSIM.obj
 0001:00000610       sf_c1_SALTStabilizationInnerOuterLoopSIM_get_autoinheritance_info 0000000180001610 f   c1_SALTStabilizationInnerOuterLoopSIM.obj
 0001:00000a30       sf_internal_get_sim_state_c1_SALTStabilizationInnerOuterLoopSIM 0000000180001a30 f   c1_SALTStabilizationInnerOuterLoopSIM.obj
 0001:00000d80       sf_internal_set_sim_state_c1_SALTStabilizationInnerOuterLoopSIM 0000000180001d80 f   c1_SALTStabilizationInnerOuterLoopSIM.obj
 0001:00001170       c1_SALTStabilizationInnerOuterLoopSIM_method_dispatcher 0000000180002170 f   c1_SALTStabilizationInnerOuterLoopSIM.obj
 0001:00002920       sf_c2_SALTStabilizationInnerOuterLoopSIM_get_eml_resolved_functions_info 0000000180003920 f   c2_SALTStabilizationInnerOuterLoopSIM.obj
 0001:00002fb0       sf_c2_SALTStabilizationInnerOuterLoopSIM_get_check_sum 0000000180003fb0 f   c2_SALTStabilizationInnerOuterLoopSIM.obj
 0001:00003030       sf_c2_SALTStabilizationInnerOuterLoopSIM_get_autoinheritance_info 0000000180004030 f   c2_SALTStabilizationInnerOuterLoopSIM.obj
 0001:00003450       sf_internal_get_sim_state_c2_SALTStabilizationInnerOuterLoopSIM 0000000180004450 f   c2_SALTStabilizationInnerOuterLoopSIM.obj
 0001:000037a0       sf_internal_set_sim_state_c2_SALTStabilizationInnerOuterLoopSIM 00000001800047a0 f   c2_SALTStabilizationInnerOuterLoopSIM.obj
 0001:00003b90       c2_SALTStabilizationInnerOuterLoopSIM_method_dispatcher 0000000180004b90 f   c2_SALTStabilizationInnerOuterLoopSIM.obj
 0001:000053a0       sf_c3_SALTStabilizationInnerOuterLoopSIM_get_eml_resolved_functions_info 00000001800063a0 f   c3_SALTStabilizationInnerOuterLoopSIM.obj
 0001:000059c0       sf_c3_SALTStabilizationInnerOuterLoopSIM_get_check_sum 00000001800069c0 f   c3_SALTStabilizationInnerOuterLoopSIM.obj
 0001:00005a40       sf_c3_SALTStabilizationInnerOuterLoopSIM_get_autoinheritance_info 0000000180006a40 f   c3_SALTStabilizationInnerOuterLoopSIM.obj
 0001:00005e60       sf_internal_get_sim_state_c3_SALTStabilizationInnerOuterLoopSIM 0000000180006e60 f   c3_SALTStabilizationInnerOuterLoopSIM.obj
 0001:000061b0       sf_internal_set_sim_state_c3_SALTStabilizationInnerOuterLoopSIM 00000001800071b0 f   c3_SALTStabilizationInnerOuterLoopSIM.obj
 0001:000065a0       c3_SALTStabilizationInnerOuterLoopSIM_method_dispatcher 00000001800075a0 f   c3_SALTStabilizationInnerOuterLoopSIM.obj
 0001:00007d50       sf_c7_SALTStabilizationInnerOuterLoopSIM_get_eml_resolved_functions_info 0000000180008d50 f   c7_SALTStabilizationInnerOuterLoopSIM.obj
 0001:000083b0       sf_c7_SALTStabilizationInnerOuterLoopSIM_get_check_sum 00000001800093b0 f   c7_SALTStabilizationInnerOuterLoopSIM.obj
 0001:00008430       sf_c7_SALTStabilizationInnerOuterLoopSIM_get_autoinheritance_info 0000000180009430 f   c7_SALTStabilizationInnerOuterLoopSIM.obj
 0001:00008ec0       sf_internal_get_sim_state_c7_SALTStabilizationInnerOuterLoopSIM 0000000180009ec0 f   c7_SALTStabilizationInnerOuterLoopSIM.obj
 0001:00009450       sf_internal_set_sim_state_c7_SALTStabilizationInnerOuterLoopSIM 000000018000a450 f   c7_SALTStabilizationInnerOuterLoopSIM.obj
 0001:00009930       c7_SALTStabilizationInnerOuterLoopSIM_method_dispatcher 000000018000a930 f   c7_SALTStabilizationInnerOuterLoopSIM.obj
 0001:0000df80       sf_process_check_sum_call  000000018000ef80 f   SALTStabilizationInnerOuterLoopSIM_sfun_registry.obj
 0001:0000dfd0       sf_process_autoinheritance_call 000000018000efd0 f   SALTStabilizationInnerOuterLoopSIM_sfun_registry.obj
 0001:0000e170       sf_process_get_eml_resolved_functions_info_call 000000018000f170 f   SALTStabilizationInnerOuterLoopSIM_sfun_registry.obj
 0001:0000e2f0       sf_mex_unlock_call         000000018000f2f0 f   SALTStabilizationInnerOuterLoopSIM_sfun_registry.obj
 0001:0000e3a0       sf_machine_global_initializer_called 000000018000f3a0 f   SALTStabilizationInnerOuterLoopSIM_sfun_registry.obj
 0001:0000e3d0       sf_machine_global_method_dispatcher 000000018000f3d0 f   SALTStabilizationInnerOuterLoopSIM_sfun_registry.obj
 0001:0000e430       sf_machine_global_terminator 000000018000f430 f   SALTStabilizationInnerOuterLoopSIM_sfun_registry.obj
 0001:0000e470       sf_register_machine_exported_symbols 000000018000f470 f   SALTStabilizationInnerOuterLoopSIM_sfun_registry.obj
 0001:0000e490       callCustomFcn              000000018000f490 f   SALTStabilizationInnerOuterLoopSIM_sfun_registry.obj
 0001:0000e4a0       sf_machine_global_initializer 000000018000f4a0 f   SALTStabilizationInnerOuterLoopSIM_sfun_registry.obj
 0001:0000e510       _ssSetStateAbsTol          000000018000f510 f   SALTStabilizationInnerOuterLoopSIM_sfun_registry.obj
 0001:0000e5f0       _ssGetAbsTol               000000018000f5f0 f   SALTStabilizationInnerOuterLoopSIM_sfun_registry.obj
 0001:0000e660       _ssSetInputPortMatrixDimensions 000000018000f660 f   SALTStabilizationInnerOuterLoopSIM_sfun_registry.obj
 0001:0000e770       _ssSetOutputPortMatrixDimensions 000000018000f770 f   SALTStabilizationInnerOuterLoopSIM_sfun_registry.obj
 0001:0000e880       _ssSetInputPortVectorDimension 000000018000f880 f   SALTStabilizationInnerOuterLoopSIM_sfun_registry.obj
 0001:0000e950       _ssSetOutputPortVectorDimension 000000018000f950 f   SALTStabilizationInnerOuterLoopSIM_sfun_registry.obj
 0001:0000ea20       ssIsRunTimeParamTunable    000000018000fa20 f   SALTStabilizationInnerOuterLoopSIM_sfun_registry.obj
 0001:0000ea90       ssGetSFuncBlockHandle      000000018000fa90 f   SALTStabilizationInnerOuterLoopSIM_sfun_registry.obj
 0001:0000eb00       _ssGetCurrentInputPortWidth 000000018000fb00 f   SALTStabilizationInnerOuterLoopSIM_sfun_registry.obj
 0001:0000ec20       _ssGetCurrentOutputPortWidth 000000018000fc20 f   SALTStabilizationInnerOuterLoopSIM_sfun_registry.obj
 0001:0000ed40       _ssGetCallSystemNumFcnCallDestinations 000000018000fd40 f   SALTStabilizationInnerOuterLoopSIM_sfun_registry.obj
 0001:0000edb0       ssWarning                  000000018000fdb0 f   SALTStabilizationInnerOuterLoopSIM_sfun_registry.obj
 0001:0000eec0       ssGetIsZeroCrossControlDisabled 000000018000fec0 f   SALTStabilizationInnerOuterLoopSIM_sfun_registry.obj
 0001:0000ef30       ssSetIsInputPortUsedForContZcSignal 000000018000ff30 f   SALTStabilizationInnerOuterLoopSIM_sfun_registry.obj
 0001:0000efa0       ssSetZcSignalIsZcElementDisc 000000018000ffa0 f   SALTStabilizationInnerOuterLoopSIM_sfun_registry.obj
 0001:0000f050       ssSetZcSignalName          0000000180010050 f   SALTStabilizationInnerOuterLoopSIM_sfun_registry.obj
 0001:0000f0c0       ssSetZcSignalWidth         00000001800100c0 f   SALTStabilizationInnerOuterLoopSIM_sfun_registry.obj
 0001:0000f130       ssSetZcSignalZcEventType   0000000180010130 f   SALTStabilizationInnerOuterLoopSIM_sfun_registry.obj
 0001:0000f1a0       ssSetZcSignalType          00000001800101a0 f   SALTStabilizationInnerOuterLoopSIM_sfun_registry.obj
 0001:0000f210       ssSetZcSignalZcTol         0000000180010210 f   SALTStabilizationInnerOuterLoopSIM_sfun_registry.obj
 0001:0000f280       ssSetZcSignalNeedsEventNotification 0000000180010280 f   SALTStabilizationInnerOuterLoopSIM_sfun_registry.obj
 0001:0000f2f0       ssCreateAndAddZcSignalInfo 00000001800102f0 f   SALTStabilizationInnerOuterLoopSIM_sfun_registry.obj
 0001:0000f360       ssCloneAndAddZcSignalInfo  0000000180010360 f   SALTStabilizationInnerOuterLoopSIM_sfun_registry.obj
 0001:0000f3d0       ssGetNumZcSignals          00000001800103d0 f   SALTStabilizationInnerOuterLoopSIM_sfun_registry.obj
 0001:0000f440       ssGetZcSignalVector        0000000180010440 f   SALTStabilizationInnerOuterLoopSIM_sfun_registry.obj
 0001:0000f4b0       ssGetZcSignalZcEvents      00000001800104b0 f   SALTStabilizationInnerOuterLoopSIM_sfun_registry.obj
 0001:0000f520       ssGetZcSignalName          0000000180010520 f   SALTStabilizationInnerOuterLoopSIM_sfun_registry.obj
 0001:0000f590       ssGetZcSignalWidth         0000000180010590 f   SALTStabilizationInnerOuterLoopSIM_sfun_registry.obj
 0001:0000f600       ssGetZcSignalZcEventType   0000000180010600 f   SALTStabilizationInnerOuterLoopSIM_sfun_registry.obj
 0001:0000f670       ssGetZcSignalType          0000000180010670 f   SALTStabilizationInnerOuterLoopSIM_sfun_registry.obj
 0001:0000f6e0       ssGetZcSignalZcTol         00000001800106e0 f   SALTStabilizationInnerOuterLoopSIM_sfun_registry.obj
 0001:0000f760       ssGetZcSignalNeedsEventNotification 0000000180010760 f   SALTStabilizationInnerOuterLoopSIM_sfun_registry.obj
 0001:0000f7d0       ssGetZcSignalIsZcElementDisc 00000001800107d0 f   SALTStabilizationInnerOuterLoopSIM_sfun_registry.obj
 0001:0000f870       ssGetIsInputPortElementContinuous 0000000180010870 f   SALTStabilizationInnerOuterLoopSIM_sfun_registry.obj
 0001:0000f910       _ssGetInputPortSignalPtrsFcn 0000000180010910 f   SALTStabilizationInnerOuterLoopSIM_sfun_registry.obj
 0001:0000fbd0       _ssGetInputPortSignalFcn   0000000180010bd0 f   SALTStabilizationInnerOuterLoopSIM_sfun_registry.obj
 0001:0000fdf0       _ssSetInputPortDirectFeedThroughFcn 0000000180010df0 f   SALTStabilizationInnerOuterLoopSIM_sfun_registry.obj
 0001:0000ff50       _ssSetInputPortReusableFcn 0000000180010f50 f   SALTStabilizationInnerOuterLoopSIM_sfun_registry.obj
 0001:00010040       _ssSetOutputPortReusableFcn 0000000180011040 f   SALTStabilizationInnerOuterLoopSIM_sfun_registry.obj
 0001:00010120       ssGetDTypeIdFromMxArray    0000000180011120 f   SALTStabilizationInnerOuterLoopSIM_sfun_registry.obj
 0001:00010240       ssWriteRTWStr              0000000180011240 f   SALTStabilizationInnerOuterLoopSIM_sfun_registry.obj
 0001:000102a0       ssWriteRTWMxVectParam      00000001800112a0 f   SALTStabilizationInnerOuterLoopSIM_sfun_registry.obj
 0001:00010300       ssWriteRTWMx2dMatParam     0000000180011300 f   SALTStabilizationInnerOuterLoopSIM_sfun_registry.obj
 0001:00010380       ssWriteRTWNameValuePair    0000000180011380 f   SALTStabilizationInnerOuterLoopSIM_sfun_registry.obj
 0001:00010870       ssWriteRTWParameters       0000000180011870 f   SALTStabilizationInnerOuterLoopSIM_sfun_registry.obj
 0001:00010e70       ssWriteRTWParamSettings    0000000180011e70 f   SALTStabilizationInnerOuterLoopSIM_sfun_registry.obj
 0001:00011540       ssWriteRTWWorkVect         0000000180012540 f   SALTStabilizationInnerOuterLoopSIM_sfun_registry.obj
 0001:00011a40       mexFunction                0000000180012a40 f   SALTStabilizationInnerOuterLoopSIM_sfun_registry.obj
 0001:00013680       ProcessMexSfunctionEveryCall 0000000180014680 f   SALTStabilizationInnerOuterLoopSIM_sfun_registry.obj
 0001:000137f0       SALTStabilizationInnerOuterLoopSIM_initializer 00000001800147f0 f   SALTStabilizationInnerOuterLoopSIM_sfun.obj
 0001:00013800       SALTStabilizationInnerOuterLoopSIM_terminator 0000000180014800 f   SALTStabilizationInnerOuterLoopSIM_sfun.obj
 0001:00013810       sf_SALTStabilizationInnerOuterLoopSIM_method_dispatcher 0000000180014810 f   SALTStabilizationInnerOuterLoopSIM_sfun.obj
 0001:000138c0       sf_SALTStabilizationInnerOuterLoopSIM_process_check_sum_call 00000001800148c0 f   SALTStabilizationInnerOuterLoopSIM_sfun.obj
 0001:00013d10       sf_SALTStabilizationInnerOuterLoopSIM_autoinheritance_info 0000000180014d10 f   SALTStabilizationInnerOuterLoopSIM_sfun.obj
 0001:00013f70       sf_SALTStabilizationInnerOuterLoopSIM_get_eml_resolved_functions_info 0000000180014f70 f   SALTStabilizationInnerOuterLoopSIM_sfun.obj
 0001:00014160       SALTStabilizationInnerOuterLoopSIM_debug_initialize 0000000180015160 f   SALTStabilizationInnerOuterLoopSIM_sfun.obj
 0001:000141d0       SALTStabilizationInnerOuterLoopSIM_register_exported_symbols 00000001800151d0 f   SALTStabilizationInnerOuterLoopSIM_sfun.obj
 0001:000141e0       load_SALTStabilizationInnerOuterLoopSIM_optimization_info 00000001800151e0 f   SALTStabilizationInnerOuterLoopSIM_sfun.obj
 0001:00014230       unload_SALTStabilizationInnerOuterLoopSIM_optimization_info 0000000180015230 f   SALTStabilizationInnerOuterLoopSIM_sfun.obj
 0001:00014300       sf_mex_mx_is_numeric       0000000180015300 f   sfc_mex:sfc_mex.obj
 0001:00014340       strcmp_ignore_ws           0000000180015340 f   sfc_mex:sfc_mex.obj
 0001:00014480       sf_mex_duplicatearraysafe  0000000180015480 f   sfc_mex:sfc_mex.obj
 0001:000145e0       sf_set_error_debugger_context_message_fcn 00000001800155e0 f   sfc_mex:sfc_mex.obj
 0001:000145f0       sf_set_debugger_matlab_error_fcn 00000001800155f0 f   sfc_mex:sfc_mex.obj
 0001:00014620       sf_set_error_prefix_string 0000000180015620 f   sfc_mex:sfc_mex.obj
 0001:00014650       sf_get_error_prefix_string 0000000180015650 f   sfc_mex:sfc_mex.obj
 0001:00014660       sf_mex_enter_parallel_region 0000000180015660 f   sfc_mex:sfc_mex.obj
 0001:00014670       sf_mex_exit_parallel_region 0000000180015670 f   sfc_mex:sfc_mex.obj
 0001:00014680       sf_get_current_jmp_buf_ptr 0000000180015680 f   sfc_mex:sfc_mex.obj
 0001:00014690       sf_set_current_jmp_buf_ptr 0000000180015690 f   sfc_mex:sfc_mex.obj
 0001:000146a0       sf_mex_set_halt_simulation 00000001800156a0 f   sfc_mex:sfc_mex.obj
 0001:000146b0       sf_mex_get_halt_simulation 00000001800156b0 f   sfc_mex:sfc_mex.obj
 0001:000146c0       sf_mex_clear_error_message 00000001800156c0 f   sfc_mex:sfc_mex.obj
 0001:000146e0       sf_mex_get_error_message_for_read 00000001800156e0 f   sfc_mex:sfc_mex.obj
 0001:000146f0       sf_mex_get_error_message_buffer_length 00000001800156f0 f   sfc_mex:sfc_mex.obj
 0001:000147d0       sf_mex_warning_message     00000001800157d0 f   sfc_mex:sfc_mex.obj
 0001:00014840       sf_mex_v_errbuf_createf    0000000180015840 f   sfc_mex:sfc_mex.obj
 0001:00014850       sf_mex_errbuf_createf      0000000180015850 f   sfc_mex:sfc_mex.obj
 0001:00014880       sf_mex_v_errbuf_catf       0000000180015880 f   sfc_mex:sfc_mex.obj
 0001:000148c0       sf_mex_errbuf_catf         00000001800158c0 f   sfc_mex:sfc_mex.obj
 0001:00014910       sf_mex_errbuf_copy         0000000180015910 f   sfc_mex:sfc_mex.obj
 0001:00014920       sf_mex_errbuf_clear        0000000180015920 f   sfc_mex:sfc_mex.obj
 0001:00014930       sf_mex_errbuf_isempty      0000000180015930 f   sfc_mex:sfc_mex.obj
 0001:00014a40       sf_mex_set_error_status    0000000180015a40 f   sfc_mex:sfc_mex.obj
 0001:00014a90       sf_mex_error_direct_call   0000000180015a90 f   sfc_mex:sfc_mex.obj
 0001:00014ab0       sf_mex_error_message_no_long_jump 0000000180015ab0 f   sfc_mex:sfc_mex.obj
 0001:00014ad0       sf_mex_long_jump_on_error  0000000180015ad0 f   sfc_mex:sfc_mex.obj
 0001:00014b00       sf_mex_call_matlab         0000000180015b00 f   sfc_mex:sfc_mex.obj
 0001:00014c20       sf_mex_check_builtin       0000000180015c20 f   sfc_mex:sfc_mex.obj
 0001:00014c60       sf_mex_check_builtin_vs    0000000180015c60 f   sfc_mex:sfc_mex.obj
 0001:00014cc0       sf_mex_check_enum          0000000180015cc0 f   sfc_mex:sfc_mex.obj
 0001:00014cf0       sf_mex_create_enum         0000000180015cf0 f   sfc_mex:sfc_mex.obj
 0001:00014d10       sf_mex_get_enum_element    0000000180015d10 f   sfc_mex:sfc_mex.obj
 0001:00014d20       sf_mex_createcellarray     0000000180015d20 f   sfc_mex:sfc_mex.obj
 0001:00014d30       sf_mex_setcell             0000000180015d30 f   sfc_mex:sfc_mex.obj
 0001:00014d40       sf_mex_getcell             0000000180015d40 f   sfc_mex:sfc_mex.obj
 0001:00014d50       sf_mex_dup                 0000000180015d50 f   sfc_mex:sfc_mex.obj
 0001:00014d70       sf_mex_assign              0000000180015d70 f   sfc_mex:sfc_mex.obj
 0001:00014df0       sf_mex_destroy             0000000180015df0 f   sfc_mex:sfc_mex.obj
 0001:00014e20       mx_array_has_fi_type       0000000180015e20 f   sfc_mex:sfc_mex.obj
 0001:00014e50       sf_mex_convert_from_fi     0000000180015e50 f   sfc_mex:sfc_mex.obj
 0001:00014f00       sf_mex_convert_to_double   0000000180015f00 f   sfc_mex:sfc_mex.obj
 0001:00015020       sf_mex_import_fi_vs        0000000180016020 f   sfc_mex:sfc_mex.obj
 0001:000151e0       sf_matrix_matrix_index_ok  00000001800161e0 f   sfc_mex:sfc_mex.obj
 0001:00015270       sf_vector_vector_index_ok  0000000180016270 f   sfc_mex:sfc_mex.obj
 0001:000152a0       ssGetCurrentInputPortDimensions_wrapper 00000001800162a0 f   sfc_mex:sfc_mex.obj
 0001:000152c0       ssGetCurrentOutputPortDimensions_wrapper 00000001800162c0 f   sfc_mex:sfc_mex.obj
 0001:000152e0       sf_mex_emlrt_context_is_debug_mode 00000001800162e0 f   sfc_mex:sfc_mex.obj
 0001:000152f0       sf_mex_emlrt_context_set_debug_mode 00000001800162f0 f   sfc_mex:sfc_mex.obj
 0001:00015360       sf_clear_error_manager_info 0000000180016360 f   sfc_mex:sfc_mex.obj
 0001:000153c0       sf_mex_stop_simulation_abruptly_wo_error 00000001800163c0 f   sfc_mex:sfc_mex.obj
 0001:00015400       sf_mex_error_message       0000000180016400 f   sfc_mex:sfc_mex.obj
 0001:00015460       sf_react_to_error_in_matlab_call 0000000180016460 f   sfc_mex:sfc_mex.obj
 0001:00015490       sf_mex_addfield            0000000180016490 f   sfc_mex:sfc_mex.obj
 0001:00015530       sf_mex_getfield            0000000180016530 f   sfc_mex:sfc_mex.obj
 0001:00015830       sf_mex_check_class         0000000180016830 f   sfc_mex:sfc_mex.obj
 0001:00015920       sf_mex_is_real             0000000180016920 f   sfc_mex:sfc_mex.obj
 0001:00015d90       sf_mex_decode_encoded_mx_struct_array 0000000180016d90 f   sfc_mex:sfc_mex.obj
 0001:00016070       sf_mex_lw_bounds_check     0000000180017070 f   sfc_mex:sfc_mex.obj
 0001:000160a0       sf_mex_lw_size_eq_check_1d 00000001800170a0 f   sfc_mex:sfc_mex.obj
 0001:000160c0       sf_mex_lw_size_eq_check_nd 00000001800170c0 f   sfc_mex:sfc_mex.obj
 0001:000162a0       sf_mex_lw_dim_size_eq_check 00000001800172a0 f   sfc_mex:sfc_mex.obj
 0001:000162d0       sf_mex_lw_dim_size_geq_check 00000001800172d0 f   sfc_mex:sfc_mex.obj
 0001:00016300       sf_mex_lw_sub_assign_size_check_nd 0000000180017300 f   sfc_mex:sfc_mex.obj
 0001:00016530       sf_mex_lw_runtime_error_msgid 0000000180017530 f   sfc_mex:sfc_mex.obj
 0001:00016620       sf_mex_lw_matrix_matrix_index_check 0000000180017620 f   sfc_mex:sfc_mex.obj
 0001:00016640       sf_mex_lw_vector_vector_index_check 0000000180017640 f   sfc_mex:sfc_mex.obj
 0001:00016680       sf_mex_lw_for_loop_vector_check 0000000180017680 f   sfc_mex:sfc_mex.obj
 0001:00016700       sf_mex_lw_non_negative_check 0000000180017700 f   sfc_mex:sfc_mex.obj
 0001:00016740       sf_mex_overflow_error      0000000180017740 f   sfc_mex:sfc_mex.obj
 0001:00016750       sf_mex_dividebyzero_error  0000000180017750 f   sfc_mex:sfc_mex.obj
 0001:00016760       sf_mex_unsafe_enum_error   0000000180017760 f   sfc_mex:sfc_mex.obj
 0001:00016770       sf_emlrtErrHandler         0000000180017770 f   sfc_mex:sfc_mex.obj
 0001:00016850       sf_mex_printf              0000000180017850 f   sfc_mex:sfc_mex.obj
 0001:00016a20       sf_mex_check_size          0000000180017a20 f   sfc_mex:sfc_mex.obj
 0001:00016cf0       sf_mex_check_struct        0000000180017cf0 f   sfc_mex:sfc_mex.obj
 0001:00016f50       sf_mex_check_struct_vs     0000000180017f50 f   sfc_mex:sfc_mex.obj
 0001:00016fe0       sf_mex_check_fi            0000000180017fe0 f   sfc_mex:sfc_mex.obj
 0001:000170e0       sf_mex_check_fi_vs         00000001800180e0 f   sfc_mex:sfc_mex.obj
 0001:00017180       sf_echo_expression         0000000180018180 f   sfc_mex:sfc_mex.obj
 0001:000171e0       sf_assertion_failed        00000001800181e0 f   sfc_mex:sfc_mex.obj
 0001:000174c0       sf_mex_evalin              00000001800184c0 f   sfc_mex:sfc_mex.obj
 0001:00017730       sf_mex_export              0000000180018730 f   sfc_mex:sfc_mex.obj
 0001:000177f0       sf_mex_get_ml_var_no_error 00000001800187f0 f   sfc_mex:sfc_mex.obj
 0001:00017990       sf_mex_get_ml_var          0000000180018990 f   sfc_mex:sfc_mex.obj
 0001:00017e30       ml_set_element_value_in_array 0000000180018e30 f   sfc_mex:sfc_mex.obj
 0001:00019500       sf_mex_call_impl           000000018001a500 f   sfc_mex:sfc_mex.obj
 0001:00019a30       sf_mex_call_debug          000000018001aa30 f   sfc_mex:sfc_mex.obj
 0001:00019a60       sf_mex_call                000000018001aa60 f   sfc_mex:sfc_mex.obj
 0001:0001a0b0       sf_mex_createstruct        000000018001b0b0 f   sfc_mex:sfc_mex.obj
 0001:0001a1a0       sf_mex_createstructarray   000000018001b1a0 f   sfc_mex:sfc_mex.obj
 0001:0001a220       sf_mex_get_mx_datatype_from_sf_datatype 000000018001b220 f   sfc_mex:sfc_mex.obj
 0001:0001a530       sf_mex_ml_var_sub          000000018001b530 f   sfc_mex:sfc_mex.obj
 0001:0001a700       sf_mex_ml_var_subsasgn     000000018001b700 f   sfc_mex:sfc_mex.obj
 0001:0001aaf0       sf_mex_sub                 000000018001baf0 f   sfc_mex:sfc_mex.obj
 0001:0001acf0       sf_mex_subsasgn            000000018001bcf0 f   sfc_mex:sfc_mex.obj
 0001:0001b1d0       sf_mex_create              000000018001c1d0 f   sfc_mex:sfc_mex.obj
 0001:0001bc20       sf_mex_import_named        000000018001cc20 f   sfc_mex:sfc_mex.obj
 0001:0001bc80       sf_mex_import              000000018001cc80 f   sfc_mex:sfc_mex.obj
 0001:0001bcd0       sf_mex_import_vs           000000018001ccd0 f   sfc_mex:sfc_mex.obj
 0001:0001bde0       sf_mex_lower_fixpt_mx_array 000000018001cde0 f   sfc_mex:sfc_mex.obj
 0001:0001c0d0       sf_send_message_wrapper    000000018001d0d0 f   sfc_mex:sfc_sf.obj
 0001:0001c100       sf_receive_message_wrapper 000000018001d100 f   sfc_mex:sfc_sf.obj
 0001:0001c140       sf_check_out_message_wrapper 000000018001d140 f   sfc_mex:sfc_sf.obj
 0001:0001c180       sf_check_in_message_wrapper 000000018001d180 f   sfc_mex:sfc_sf.obj
 0001:0001c1c0       sf_no_message_wrapper      000000018001d1c0 f   sfc_mex:sfc_sf.obj
 0001:0001c500       sim_mode_is_rtw_gen        000000018001d500 f   sfc_mex:sfc_sf.obj
 0001:0001c530       sim_mode_is_external       000000018001d530 f   sfc_mex:sfc_sf.obj
 0001:0001c540       sim_mode_is_modelref_sim   000000018001d540 f   sfc_mex:sfc_sf.obj
 0001:0001c560       mdlInitializeSizes         000000018001d560 f   sfc_mex:sfc_sf.obj
 0001:0001c580       mdlInitializeSampleTimes   000000018001d580 f   sfc_mex:sfc_sf.obj
 0001:0001c5c0       mdlZeroCrossings           000000018001d5c0 f   sfc_mex:sfc_sf.obj
 0001:0001c6a0       mdlDerivatives             000000018001d6a0 f   sfc_mex:sfc_sf.obj
 0001:0001c750       mdl_initialize_conditions_processing 000000018001d750 f   sfc_mex:sfc_sf.obj
 0001:0001c780       mdlInitializeConditions    000000018001d780 f   sfc_mex:sfc_sf.obj
 0001:0001c840       mdlGetSimState             000000018001d840 f   sfc_mex:sfc_sf.obj
 0001:0001c850       mdlSetSimState             000000018001d850 f   sfc_mex:sfc_sf.obj
 0001:0001c860       mdl_ext_mode_exec_processing 000000018001d860 f   sfc_mex:sfc_sf.obj
 0001:0001c880       mdlExtModeExec             000000018001d880 f   sfc_mex:sfc_sf.obj
 0001:0001ca10       mdlTerminate               000000018001da10 f   sfc_mex:sfc_sf.obj
 0001:0001ca80       mdlRTW                     000000018001da80 f   sfc_mex:sfc_sf.obj
 0001:0001cab0       mdlSetWorkWidths           000000018001dab0 f   sfc_mex:sfc_sf.obj
 0001:0001cac0       mdlProcessParameters       000000018001dac0 f   sfc_mex:sfc_sf.obj
 0001:0001cad0       mdl_start_processing       000000018001dad0 f   sfc_mex:sfc_sf.obj
 0001:0001cb10       mdlStart                   000000018001db10 f   sfc_mex:sfc_sf.obj
 0001:0001cc00       mdlEnable                  000000018001dc00 f   sfc_mex:sfc_sf.obj
 0001:0001ccd0       mdlDisable                 000000018001dcd0 f   sfc_mex:sfc_sf.obj
 0001:0001cd80       sf_get_chart_instance_ptr  000000018001dd80 f   sfc_mex:sfc_sf.obj
 0001:0001cda0       sf_load_rtw_optimization_info 000000018001dda0 f   sfc_mex:sfc_sf.obj
 0001:0001ce70       sf_rtw_info_uint_prop      000000018001de70 f   sfc_mex:sfc_sf.obj
 0001:0001cfc0       sf_is_chart_inlinable      000000018001dfc0 f   sfc_mex:sfc_sf.obj
 0001:0001cfd0       sf_mark_output_events_with_multiple_callers 000000018001dfd0 f   sfc_mex:sfc_sf.obj
 0001:0001d150       sf_mark_chart_reusable_outputs 000000018001e150 f   sfc_mex:sfc_sf.obj
 0001:0001d390       sf_mark_chart_expressionable_inputs 000000018001e390 f   sfc_mex:sfc_sf.obj
 0001:0001d5f0       sf_get_subchart_simstruct  000000018001e5f0 f   sfc_mex:sfc_sf.obj
 0001:0001d640       sf_get_fixpt_data_type_id  000000018001e640 f   sfc_mex:sfc_sf.obj
 0001:0001d680       sf_get_enum_data_type_id   000000018001e680 f   sfc_mex:sfc_sf.obj
 0001:0001d6c0       sf_get_param_data_type_id  000000018001e6c0 f   sfc_mex:sfc_sf.obj
 0001:0001d6f0       sf_mex_listen_for_ctrl_c_force 000000018001e6f0 f   sfc_mex:sfc_sf.obj
 0001:0001d800       sf_mex_draw_now            000000018001e800 f   sfc_mex:sfc_sf.obj
 0001:0001d840       sf_mex_set_debugger_sim_status_listener_fcn 000000018001e840 f   sfc_mex:sfc_sf.obj
 0001:0001d850       sf_mex_listen_for_ctrl_c   000000018001e850 f   sfc_mex:sfc_sf.obj
 0001:0001d8e0       sf_mex_get_sfun_param      000000018001e8e0 f   sfc_mex:sfc_sf.obj
 0001:0001d930       sf_get_runtime_param_data  000000018001e930 f   sfc_mex:sfc_sf.obj
 0001:0001d970       sf_call_output_fcn_call    000000018001e970 f   sfc_mex:sfc_sf.obj
 0001:0001dab0       sf_call_output_fcn_enable  000000018001eab0 f   sfc_mex:sfc_sf.obj
 0001:0001db40       sf_call_output_fcn_disable 000000018001eb40 f   sfc_mex:sfc_sf.obj
 0001:0001dbd0       sf_clear_rtw_identifier    000000018001ebd0 f   sfc_mex:sfc_sf.obj
 0001:0001e3c0       sf_set_encoded_dwork_info  000000018001f3c0 f   sfc_mex:sfc_sf.obj
 0001:0001e410       sf_get_dwork_info_from_mat_file 000000018001f410 f   sfc_mex:sfc_sf.obj
 0001:0001e5d0       sf_set_rtw_dwork_info      000000018001f5d0 f   sfc_mex:sfc_sf.obj
 0001:0001e720       mdlOutputs                 000000018001f720 f   sfc_mex:sfc_sf.obj
 0001:0001e8c0       sf_debug_disp              000000018001f8c0 f   sfc_debug:sfcdebug.obj
 0001:0001eb20       sf_debug_data_runtime_size_mismatch_error_check 000000018001fb20 f   sfc_debug:sfcdebug.obj
 0001:0001ebc0       sf_debug_try_loading_machine 000000018001fbc0 f   sfc_debug:sfcdebug.obj
 0001:0001ecc0       sf_debug_reset_current_state_configuration 000000018001fcc0 f   sfc_debug:sfcdebug.obj
 0001:0001ed50       sf_debug_store_current_state_configuration 000000018001fd50 f   sfc_debug:sfcdebug.obj
 0001:0001ede0       sf_debug_restore_previous_state_configuration 000000018001fde0 f   sfc_debug:sfcdebug.obj
 0001:0001ee70       sf_debug_restore_previous_state_configuration2 000000018001fe70 f   sfc_debug:sfcdebug.obj
 0001:0001ef00       sf_debug_get_event_scope   000000018001ff00 f   sfc_debug:sfcdebug.obj
 0001:0001f070       use_debugger_step_animation 0000000180020070 f   sfc_debug:sfcdebug.obj
 0001:0001f090       sf_debug_get_script_id     0000000180020090 f   sfc_debug:sfcdebug.obj
 0001:0001f120       sf_debug_set_script_translation 0000000180020120 f   sfc_debug:sfcdebug.obj
 0001:0001f1e0       sf_debug_get_current_machine_id 00000001800201e0 f   sfc_debug:sfcdebug.obj
 0001:0001f200       sf_debug_get_current_optional_integer 0000000180020200 f   sfc_debug:sfcdebug.obj
 0001:0001f210       sf_debug_get_current_machine_number 0000000180020210 f   sfc_debug:sfcdebug.obj
 0001:0001f230       sf_debug_get_current_machine_name 0000000180020230 f   sfc_debug:sfcdebug.obj
 0001:0001f250       sf_debug_get_current_chart_id 0000000180020250 f   sfc_debug:sfcdebug.obj
 0001:0001f2a0       sf_debug_get_current_chart_number 00000001800202a0 f   sfc_debug:sfcdebug.obj
 0001:0001f2b0       sf_debug_get_current_instance_number 00000001800202b0 f   sfc_debug:sfcdebug.obj
 0001:0001f2c0       sf_debug_get_current_is_minor_time_step 00000001800202c0 f   sfc_debug:sfcdebug.obj
 0001:0001f340       sf_debug_get_current_object_type 0000000180020340 f   sfc_debug:sfcdebug.obj
 0001:0001f350       sf_debug_get_current_instance_handle 0000000180020350 f   sfc_debug:sfcdebug.obj
 0001:0001f3b0       sf_debug_get_current_event_type 00000001800203b0 f   sfc_debug:sfcdebug.obj
 0001:0001f3c0       sf_debug_get_current_object_id 00000001800203c0 f   sfc_debug:sfcdebug.obj
 0001:0001f400       sf_debug_get_current_active_event_type 0000000180020400 f   sfc_debug:sfcdebug.obj
 0001:0001f410       sf_debug_get_current_active_event_id 0000000180020410 f   sfc_debug:sfcdebug.obj
 0001:0001f450       sf_debug_get_current_tag_type 0000000180020450 f   sfc_debug:sfcdebug.obj
 0001:0001f460       sf_debug_get_current_simulation_time 0000000180020460 f   sfc_debug:sfcdebug.obj
 0001:0001f470       sf_debug_get_current_coverage_percentage 0000000180020470 f   sfc_debug:sfcdebug.obj
 0001:0001f480       sf_debug_current_statement_context 0000000180020480 f   sfc_debug:sfcdebug.obj
 0001:0001f510       sf_debug_get_current_statement_info 0000000180020510 f   sfc_debug:sfcdebug.obj
 0001:0001f690       sf_debug_terminate_instance 0000000180020690 f   sfc_debug:sfcdebug.obj
 0001:0001f9a0       sf_debug_assertion_failed  00000001800209a0 f   sfc_debug:sfcdebug.obj
 0001:0001fb50       sf_debug_set_number_of_data_with_change_event_for_machine 0000000180020b50 f   sfc_debug:sfcdebug.obj
 0001:0001fb90       sf_debug_set_machine_event_thresholds 0000000180020b90 f   sfc_debug:sfcdebug.obj
 0001:0001fbb0       sf_debug_set_machine_event_scope 0000000180020bb0 f   sfc_debug:sfcdebug.obj
 0001:0001fbf0       sf_debug_set_machine_data_thresholds 0000000180020bf0 f   sfc_debug:sfcdebug.obj
 0001:0001fc30       sf_debug_set_machine_data_scope 0000000180020c30 f   sfc_debug:sfcdebug.obj
 0001:0001fcc0       sf_debug_set_machine_data_name 0000000180020cc0 f   sfc_debug:sfcdebug.obj
 0001:0001fd60       sf_debug_set_machine_data_size 0000000180020d60 f   sfc_debug:sfcdebug.obj
 0001:0001fea0       sf_debug_set_machine_data_type 0000000180020ea0 f   sfc_debug:sfcdebug.obj
 0001:00020010       sf_debug_get_chart_data_number 0000000180021010 f   sfc_debug:sfcdebug.obj
 0001:00020030       sf_debug_get_chart_event_number 0000000180021030 f   sfc_debug:sfcdebug.obj
 0001:00020050       sf_debug_set_chart_state_info 0000000180021050 f   sfc_debug:sfcdebug.obj
 0001:000200d0       sf_debug_set_chart_decomposition 00000001800210d0 f   sfc_debug:sfcdebug.obj
 0001:00020140       sf_debug_set_chart_substate_count 0000000180021140 f   sfc_debug:sfcdebug.obj
 0001:00020220       sf_debug_set_chart_substate_index 0000000180021220 f   sfc_debug:sfcdebug.obj
 0001:00020290       sf_debug_set_chart_state_substate_count 0000000180021290 f   sfc_debug:sfcdebug.obj
 0001:000203a0       sf_debug_set_chart_state_substate_index 00000001800213a0 f   sfc_debug:sfcdebug.obj
 0001:00020420       sf_debug_set_number_of_data_with_change_event_for_chart 0000000180021420 f   sfc_debug:sfcdebug.obj
 0001:000204a0       sf_debug_set_number_of_states_with_entry_event_for_chart 00000001800214a0 f   sfc_debug:sfcdebug.obj
 0001:00020510       sf_debug_set_number_of_states_with_exit_event_for_chart 0000000180021510 f   sfc_debug:sfcdebug.obj
 0001:00020580       sf_debug_set_chart_disable_implicit_casting 0000000180021580 f   sfc_debug:sfcdebug.obj
 0001:000205f0       sf_debug_set_chart_event_thresholds 00000001800215f0 f   sfc_debug:sfcdebug.obj
 0001:00020660       sf_debug_set_chart_data_compiled_props 0000000180021660 f   sfc_debug:sfcdebug.obj
 0001:000209b0       sf_debug_set_chart_data_props 00000001800219b0 f   sfc_debug:sfcdebug.obj
 0001:00020cd0       sf_debug_check_fi_license  0000000180021cd0 f   sfc_debug:sfcdebug.obj
 0001:00020ec0       sf_debug_symbol_scope_push 0000000180021ec0 f   sfc_debug:sfcdebug.obj
 0001:00020f00       sf_debug_symbol_scope_push_eml 0000000180021f00 f   sfc_debug:sfcdebug.obj
 0001:00020f50       sf_debug_symbol_scope_pop  0000000180021f50 f   sfc_debug:sfcdebug.obj
 0001:00020f90       sf_debug_symbol_scope_add_importable 0000000180021f90 f   sfc_debug:sfcdebug.obj
 0001:00021010       sf_debug_symbol_scope_add  0000000180022010 f   sfc_debug:sfcdebug.obj
 0001:00021090       sf_debug_symbol_scope_add_dyn_importable 0000000180022090 f   sfc_debug:sfcdebug.obj
 0001:00021150       sf_debug_symbol_scope_add_dyn 0000000180022150 f   sfc_debug:sfcdebug.obj
 0001:00021180       sf_debug_symbol_scope_add_eml_importable 0000000180022180 f   sfc_debug:sfcdebug.obj
 0001:000211c0       sf_debug_symbol_scope_add_eml 00000001800221c0 f   sfc_debug:sfcdebug.obj
 0001:00021200       sf_debug_symbol_scope_add_eml_dyn_importable 0000000180022200 f   sfc_debug:sfcdebug.obj
 0001:00021270       sf_debug_symbol_scope_add_eml_dyn 0000000180022270 f   sfc_debug:sfcdebug.obj
 0001:000212d0       sf_debug_symbol_switch     00000001800222d0 f   sfc_debug:sfcdebug.obj
 0001:000212f0       sf_debug_symbol_scope_add_verbose 00000001800222f0 f   sfc_debug:sfcdebug.obj
 0001:000213c0       sf_debug_set_machine_data_value_ptr 00000001800223c0 f   sfc_debug:sfcdebug.obj
 0001:00021400       sf_debug_set_instance_data_value_ptr 0000000180022400 f   sfc_debug:sfcdebug.obj
 0001:000214c0       sf_debug_unset_instance_data_value_ptr 00000001800224c0 f   sfc_debug:sfcdebug.obj
 0001:00021570       sf_debug_set_chart_event_scope 0000000180022570 f   sfc_debug:sfcdebug.obj
 0001:000215f0       sf_debug_set_chart_transition_coverage_maps 00000001800225f0 f   sfc_debug:sfcdebug.obj
 0001:00021700       sf_debug_set_chart_state_coverage_maps 0000000180022700 f   sfc_debug:sfcdebug.obj
 0001:000217e0       sf_debug_set_instance_transition_coverage_weights 00000001800227e0 f   sfc_debug:sfcdebug.obj
 0001:00021880       sf_debug_set_instance_state_coverage_weights 0000000180022880 f   sfc_debug:sfcdebug.obj
 0001:00021ad0       sf_debug_unload_machine    0000000180022ad0 f   sfc_debug:sfcdebug.obj
 0001:00021b20       sf_debug_load_machine      0000000180022b20 f   sfc_debug:sfcdebug.obj
 0001:00021c20       sf_debug_set_active_instance_in_data_dictionary 0000000180022c20 f   sfc_debug:sfcdebug.obj
 0001:00021e00       sf_debug_set_active_instance 0000000180022e00 f   sfc_debug:sfcdebug.obj
 0001:00021f40       sf_debug_chart_visiblity_change 0000000180022f40 f   sfc_debug:sfcdebug.obj
 0001:00022020       sf_debug_select_chart      0000000180023020 f   sfc_debug:sfcdebug.obj
 0001:000220f0       sf_debug_set_instance_cv_ids 00000001800230f0 f   sfc_debug:sfcdebug.obj
 0001:00022400       sf_debug_select_charts     0000000180023400 f   sfc_debug:sfcdebug.obj
 0001:00022540       sf_debug_initialized       0000000180023540 f   sfc_debug:sfcdebug.obj
 0001:00022550       sf_debug_is_uninterruptible 0000000180023550 f   sfc_debug:sfcdebug.obj
 0001:00022580       sf_debug_initialize_debugger_gui 0000000180023580 f   sfc_debug:sfcdebug.obj
 0001:00022970       sf_debug_resume            0000000180023970 f   sfc_debug:sfcdebug.obj
 0001:00022990       sf_debug_go                0000000180023990 f   sfc_debug:sfcdebug.obj
 0001:000229a0       sf_debug_break             00000001800239a0 f   sfc_debug:sfcdebug.obj
 0001:000229b0       sf_debug_step_over         00000001800239b0 f   sfc_debug:sfcdebug.obj
 0001:000229c0       sf_debug_step_out          00000001800239c0 f   sfc_debug:sfcdebug.obj
 0001:000229d0       sf_debug_set_disable_all_breakpoints 00000001800239d0 f   sfc_debug:sfcdebug.obj
 0001:000229e0       sf_debug_disable_all_breakpoints_and_go 00000001800239e0 f   sfc_debug:sfcdebug.obj
 0001:000229f0       sf_debug_break_on_chart_entry 00000001800239f0 f   sfc_debug:sfcdebug.obj
 0001:00022a00       sf_debug_break_on_event_broadcast 0000000180023a00 f   sfc_debug:sfcdebug.obj
 0001:00022a10       sf_debug_break_on_state_entry 0000000180023a10 f   sfc_debug:sfcdebug.obj
 0001:00022a20       sf_debug_break_between_times 0000000180023a20 f   sfc_debug:sfcdebug.obj
 0001:00022a40       sf_debug_browse_data       0000000180023a40 f   sfc_debug:sfcdebug.obj
 0001:00022a60       sf_debug_watch_data        0000000180023a60 f   sfc_debug:sfcdebug.obj
 0001:00022a80       sf_debug_assign_data       0000000180023a80 f   sfc_debug:sfcdebug.obj
 0001:00022aa0       sf_debug_whos              0000000180023aa0 f   sfc_debug:sfcdebug.obj
 0001:00022ac0       sf_debug_get_consistency_info 0000000180023ac0 f   sfc_debug:sfcdebug.obj
 0001:00022ad0       sf_debug_browse_trace      0000000180023ad0 f   sfc_debug:sfcdebug.obj
 0001:00022ae0       sf_debug_set_breakpoints   0000000180023ae0 f   sfc_debug:sfcdebug.obj
 0001:00022c40       sf_debug_set_eml_breakpoints 0000000180023c40 f   sfc_debug:sfcdebug.obj
 0001:00022da0       sf_debug_set_script_breakpoints 0000000180023da0 f   sfc_debug:sfcdebug.obj
 0001:00022e20       sf_debug_add_script_breakpoints 0000000180023e20 f   sfc_debug:sfcdebug.obj
 0001:00022e90       sf_debug_clear_script_breakpoints 0000000180023e90 f   sfc_debug:sfcdebug.obj
 0001:00022f00       sf_debug_query_script_breakpoints 0000000180023f00 f   sfc_debug:sfcdebug.obj
 0001:00022fc0       sf_debug_get_eml_script_id 0000000180023fc0 f   sfc_debug:sfcdebug.obj
 0001:00023010       sf_debug_set_watch         0000000180024010 f   sfc_debug:sfcdebug.obj
 0001:00023240       sf_debug_get_instance_handle 0000000180024240 f   sfc_debug:sfcdebug.obj
 0001:000232d0       sf_debug_get_active_states 00000001800242d0 f   sfc_debug:sfcdebug.obj
 0001:000232e0       sf_debug_get_animation     00000001800242e0 f   sfc_debug:sfcdebug.obj
 0001:000232f0       sf_debug_set_animation     00000001800242f0 f   sfc_debug:sfcdebug.obj
 0001:00023300       sf_debug_animate           0000000180024300 f   sfc_debug:sfcdebug.obj
 0001:00023330       sf_debug_cycle_detection_check 0000000180024330 f   sfc_debug:sfcdebug.obj
 0001:00023340       sf_debug_data_range_check  0000000180024340 f   sfc_debug:sfcdebug.obj
 0001:00023350       sf_debug_transition_conflict_check 0000000180024350 f   sfc_debug:sfcdebug.obj
 0001:00023360       sf_debug_state_consistency_check 0000000180024360 f   sfc_debug:sfcdebug.obj
 0001:00023370       sf_debug_data_range_check_enabled 0000000180024370 f   sfc_debug:sfcdebug.obj
 0001:00023390       sf_debug_transition_conflict_check_enabled 0000000180024390 f   sfc_debug:sfcdebug.obj
 0001:000233b0       sf_debug_transition_conflict_check_begin 00000001800243b0 f   sfc_debug:sfcdebug.obj
 0001:000233d0       sf_debug_transition_conflict_check_end 00000001800243d0 f   sfc_debug:sfcdebug.obj
 0001:000233f0       sf_debug_stop_debugging    00000001800243f0 f   sfc_debug:sfcdebug.obj
 0001:00023420       sf_debug_is_cycle_detected 0000000180024420 f   sfc_debug:sfcdebug.obj
 0001:00023430       sf_debug_is_array_bounds_detected 0000000180024430 f   sfc_debug:sfcdebug.obj
 0001:00023440       sf_debug_get_state_vectors_data_size 0000000180024440 f   sfc_debug:sfcdebug.obj
 0001:00023480       sf_debug_get_state_vectors_data 0000000180024480 f   sfc_debug:sfcdebug.obj
 0001:00023580       sf_debug_set_state_vectors_data 0000000180024580 f   sfc_debug:sfcdebug.obj
 0001:00023840       sf_debug_get_script_index  0000000180024840 f   sfc_debug:sfcdebug.obj
 0001:000239d0       sf_debug_add_script        00000001800249d0 f   sfc_debug:sfcdebug.obj
 0001:00023b60       cv_eval_point              0000000180024b60 f   sfc_debug:sfcdebug.obj
 0001:00023cd0       sf_debug_cv_init_state     0000000180024cd0 f   sfc_debug:sfcdebug.obj
 0001:00023df0       sf_debug_cv_init_chart     0000000180024df0 f   sfc_debug:sfcdebug.obj
 0001:00023ed0       sf_debug_cv_init_trans     0000000180024ed0 f   sfc_debug:sfcdebug.obj
 0001:000240b0       cv_eml_init_script         00000001800250b0 f   sfc_debug:sfcdebug.obj
 0001:000241b0       cv_eml_init_fcn            00000001800251b0 f   sfc_debug:sfcdebug.obj
 0001:00024260       cv_eml_init_testobjective  0000000180025260 f   sfc_debug:sfcdebug.obj
 0001:00024330       cv_eml_init_if             0000000180025330 f   sfc_debug:sfcdebug.obj
 0001:00024400       cv_eml_init_for            0000000180025400 f   sfc_debug:sfcdebug.obj
 0001:000244c0       cv_eml_init_while          00000001800254c0 f   sfc_debug:sfcdebug.obj
 0001:00024580       cv_eml_init_mcdc           0000000180025580 f   sfc_debug:sfcdebug.obj
 0001:00024690       cv_eml_init_switch         0000000180025690 f   sfc_debug:sfcdebug.obj
 0001:00024780       cv_eml_eval                0000000180025780 f   sfc_debug:sfcdebug.obj
 0001:00024860       sf_debug_bm_is_a_eml_breakpoint 0000000180025860 f   sfc_debug:sfcdebug.obj
 0001:000249b0       sf_debug_temporal_threshold 00000001800259b0 f   sfc_debug:sfcdebug.obj
 0001:00024d10       sf_debug_transition_conflict_error 0000000180025d10 f   sfc_debug:sfcdebug.obj
 0001:00025090       sf_debug_state_inconsistency_error 0000000180026090 f   sfc_debug:sfcdebug.obj
 0001:000251b0       sf_debug_check_for_state_inconsistency 00000001800261b0 f   sfc_debug:sfcdebug.obj
 0001:000251e0       sf_debug_cycle_detecton_error 00000001800261e0 f   sfc_debug:sfcdebug.obj
 0001:000259d0       sf_debug_size_eq_check_1d  00000001800269d0 f   sfc_debug:sfcdebug.obj
 0001:000259f0       sf_debug_size_eq_check_nd  00000001800269f0 f   sfc_debug:sfcdebug.obj
 0001:00025bd0       sf_debug_dim_size_eq_check 0000000180026bd0 f   sfc_debug:sfcdebug.obj
 0001:00025c00       sf_debug_dim_size_geq_check 0000000180026c00 f   sfc_debug:sfcdebug.obj
 0001:00025c30       sf_debug_sub_assign_size_check_nd 0000000180026c30 f   sfc_debug:sfcdebug.obj
 0001:00025e70       sf_debug_matrix_matrix_index_check 0000000180026e70 f   sfc_debug:sfcdebug.obj
 0001:00025ea0       sf_debug_vector_vector_index_check 0000000180026ea0 f   sfc_debug:sfcdebug.obj
 0001:00025ed0       sf_debug_for_loop_vector_check 0000000180026ed0 f   sfc_debug:sfcdebug.obj
 0001:00025f50       sf_debug_runtime_error_msgid 0000000180026f50 f   sfc_debug:sfcdebug.obj
 0001:00025fe0       sf_debug_data_array_bounds_error_check 0000000180026fe0 f   sfc_debug:sfcdebug.obj
 0001:000260f0       sf_debug_eml_data_array_bounds_error_check 00000001800270f0 f   sfc_debug:sfcdebug.obj
 0001:000265d0       sf_debug_integer_check     00000001800275d0 f   sfc_debug:sfcdebug.obj
 0001:000266b0       sf_debug_not_nan_check     00000001800276b0 f   sfc_debug:sfcdebug.obj
 0001:00026770       sf_debug_non_negative_check 0000000180027770 f   sfc_debug:sfcdebug.obj
 0001:00026830       sf_debug_overflow_detection 0000000180027830 f   sfc_debug:sfcdebug.obj
 0001:00026f20       sf_debug_cast_to_real32_T  0000000180027f20 f   sfc_debug:sfcdebug.obj
 0001:00026fe0       sf_debug_cast_to_int8_T    0000000180027fe0 f   sfc_debug:sfcdebug.obj
 0001:000270a0       sf_debug_cast_to_uint8_T   00000001800280a0 f   sfc_debug:sfcdebug.obj
 0001:00027160       sf_debug_cast_to_int16_T   0000000180028160 f   sfc_debug:sfcdebug.obj
 0001:00027220       sf_debug_cast_to_uint16_T  0000000180028220 f   sfc_debug:sfcdebug.obj
 0001:000272e0       sf_debug_cast_to_int32_T   00000001800282e0 f   sfc_debug:sfcdebug.obj
 0001:000273a0       sf_debug_cast_to_uint32_T  00000001800283a0 f   sfc_debug:sfcdebug.obj
 0001:00027460       sf_debug_data_range_error  0000000180028460 f   sfc_debug:sfcdebug.obj
 0001:000277b0       sf_debug_read_before_write_check 00000001800287b0 f   sfc_debug:sfcdebug.obj
 0001:00027ba0       sf_debug_data_range_error_wrapper_min_max 0000000180028ba0 f   sfc_debug:sfcdebug.obj
 0001:00027c90       sf_debug_data_range_error_wrapper_min 0000000180028c90 f   sfc_debug:sfcdebug.obj
 0001:00027d70       sf_debug_data_range_error_wrapper_max 0000000180028d70 f   sfc_debug:sfcdebug.obj
 0001:00027e50       sf_debug_data_range_wrapper 0000000180028e50 f   sfc_debug:sfcdebug.obj
 0001:00027f00       sf_debug_set_current_status_info 0000000180028f00 f   sfc_debug:sfcdebug.obj
 0001:000282b0       sf_debug_call              00000001800292b0 f   sfc_debug:sfcdebug.obj
 0001:00029170       sf_debug_initialize_machine 000000018002a170 f   sfc_debug:sfcdebug.obj
 0001:00029480       sf_debug_initialize_chart  000000018002a480 f   sfc_debug:sfcdebug.obj
 0001:00029960       sf_debug_ensure_script     000000018002a960 f   sfc_debug:sfcdebug.obj
 0001:00029a20       cv_script_init_script      000000018002aa20 f   sfc_debug:sfcdebug.obj
 0001:00029b00       cv_script_init_fcn         000000018002ab00 f   sfc_debug:sfcdebug.obj
 0001:00029bb0       cv_script_init_testobjective 000000018002abb0 f   sfc_debug:sfcdebug.obj
 0001:00029c60       cv_script_init_if          000000018002ac60 f   sfc_debug:sfcdebug.obj
 0001:00029d10       cv_script_init_for         000000018002ad10 f   sfc_debug:sfcdebug.obj
 0001:00029dc0       cv_script_init_while       000000018002adc0 f   sfc_debug:sfcdebug.obj
 0001:00029e70       cv_script_init_mcdc        000000018002ae70 f   sfc_debug:sfcdebug.obj
 0001:00029f70       cv_script_init_switch      000000018002af70 f   sfc_debug:sfcdebug.obj
 0001:0002a050       cv_script_eval             000000018002b050 f   sfc_debug:sfcdebug.obj
 0001:0002a130       eml_debug_line_call        000000018002b130 f   sfc_debug:sfcdebug.obj
 0001:0002a2e0       sf_debug_terminate         000000018002b2e0 f   sfc_debug:sfcdebug.obj
 0001:0002a450       sf_debug_set_script_cv_ids 000000018002b450 f   sfc_debug:sfcdebug.obj
 0001:0002a620       sf_debug_api               000000018002b620 f   sfc_debug:sfc_api.obj
 0001:0002bdd0       sf_debug_sm_terminate      000000018002cdd0 f   sfc_debug:sfdb_animation.obj
 0001:0002bf90       sf_debug_reset_path_objects 000000018002cf90 f   sfc_debug:sfdb_animation.obj
 0001:0002c010       sf_debug_sm_reset_object_selection_status 000000018002d010 f   sfc_debug:sfdb_animation.obj
 0001:0002c0b0       sf_debug_sm_reset_state_buffer 000000018002d0b0 f   sfc_debug:sfdb_animation.obj
 0001:0002c180       sf_debug_sm_store_state_buffer 000000018002d180 f   sfc_debug:sfdb_animation.obj
 0001:0002c200       sf_debug_sm_restore_state_buffer1 000000018002d200 f   sfc_debug:sfdb_animation.obj
 0001:0002c270       sf_debug_sm_restore_state_buffer2 000000018002d270 f   sfc_debug:sfdb_animation.obj
 0001:0002c2e0       sf_debug_sm_chart_active   000000018002d2e0 f   sfc_debug:sfdb_animation.obj
 0001:0002c330       sf_debug_sm_select_active_objects 000000018002d330 f   sfc_debug:sfdb_animation.obj
 0001:0002c7e0       sf_debug_sm_is_chart_active 000000018002d7e0 f   sfc_debug:sfdb_animation.obj
 0001:0002c820       sf_debug_sm_is_state_active 000000018002d820 f   sfc_debug:sfdb_animation.obj
 0001:0002ca60       sf_debug_sm_get_active_states 000000018002da60 f   sfc_debug:sfdb_animation.obj
 0001:0002d020       sf_debug_sm_initialize_instance 000000018002e020 f   sfc_debug:sfdb_animation.obj
 0001:0002d270       sf_debug_sm_change_object_selection_status 000000018002e270 f   sfc_debug:sfdb_animation.obj
 0001:0002d560       cv_create_interface        000000018002e560 f   sfc_debug:cv_sfinterface.obj
 0001:0002d8c0       cv_init_trans              000000018002e8c0 f   sfc_debug:cv_sfinterface.obj
 0001:0002d910       cv_init_state              000000018002e910 f   sfc_debug:cv_sfinterface.obj
 0001:0002d980       cv_init_chart              000000018002e980 f   sfc_debug:cv_sfinterface.obj
 0001:0002d9d0       cv_dec_update_call         000000018002e9d0 f   sfc_debug:cv_sfinterface.obj
 0001:0002da10       cv_cond_update_call        000000018002ea10 f   sfc_debug:cv_sfinterface.obj
 0001:0002da50       cv_sigrange_update         000000018002ea50 f   sfc_debug:cv_sfinterface.obj
 0001:0002da90       cvsf_eml_eval              000000018002ea90 f   sfc_debug:cv_sfinterface.obj
 0001:0002db70       cvsf_eml_init_script       000000018002eb70 f   sfc_debug:cv_sfinterface.obj
 0001:0002dbf0       cvsf_eml_init_fcn          000000018002ebf0 f   sfc_debug:cv_sfinterface.obj
 0001:0002dc50       cvsf_eml_init_testobjective 000000018002ec50 f   sfc_debug:cv_sfinterface.obj
 0001:0002dcb0       cvsf_eml_init_if           000000018002ecb0 f   sfc_debug:cv_sfinterface.obj
 0001:0002dd10       cvsf_eml_init_for          000000018002ed10 f   sfc_debug:cv_sfinterface.obj
 0001:0002dd60       cvsf_eml_init_while        000000018002ed60 f   sfc_debug:cv_sfinterface.obj
 0001:0002ddb0       cvsf_eml_init_mcdc         000000018002edb0 f   sfc_debug:cv_sfinterface.obj
 0001:0002de40       cvsf_eml_init_switch       000000018002ee40 f   sfc_debug:cv_sfinterface.obj
 0001:0002deb0       cvsf_script_eval           000000018002eeb0 f   sfc_debug:cv_sfinterface.obj
 0001:0002df90       cvsf_script_init_script    000000018002ef90 f   sfc_debug:cv_sfinterface.obj
 0001:0002e010       cvsf_script_init_fcn       000000018002f010 f   sfc_debug:cv_sfinterface.obj
 0001:0002e070       cvsf_script_init_testobjective 000000018002f070 f   sfc_debug:cv_sfinterface.obj
 0001:0002e0d0       cvsf_script_init_if        000000018002f0d0 f   sfc_debug:cv_sfinterface.obj
 0001:0002e130       cvsf_script_init_for       000000018002f130 f   sfc_debug:cv_sfinterface.obj
 0001:0002e180       cvsf_script_init_while     000000018002f180 f   sfc_debug:cv_sfinterface.obj
 0001:0002e1d0       cvsf_script_init_mcdc      000000018002f1d0 f   sfc_debug:cv_sfinterface.obj
 0001:0002e260       cvsf_script_init_switch    000000018002f260 f   sfc_debug:cv_sfinterface.obj
 0001:0002e2d0       cv_destroy_interface       000000018002f2d0 f   sfc_debug:cv_sfinterface.obj
 0001:0002e2f0       cv_create_instance_objects 000000018002f2f0 f   sfc_debug:cv_sfinterface.obj
 0001:0002e7a0       cv_is_enabled              000000018002f7a0 f   sfc_debug:cv_sfinterface.obj
 0001:0002e7b0       sf_debug_cv_initialize_script 000000018002f7b0 f   sfc_debug:cv_sfinterface.obj
 0001:0002e960       sf_debug_cv_initialize_instance 000000018002f960 f   sfc_debug:cv_sfinterface.obj
 0001:0002ed00       sf_debug_cv_terminate_chart 000000018002fd00 f   sfc_debug:cv_sfinterface.obj
 0001:0002ee40       cv_call_trans_test         000000018002fe40 f   sfc_debug:cv_sfinterface.obj
 0001:0002ee50       cv_call_sub_cond_test      000000018002fe50 f   sfc_debug:cv_sfinterface.obj
 0001:0002ef80       sf_debug_hm_initialize_instance 000000018002ff80 f   sfc_debug:sfdb_handle_management.obj
 0001:0002f500       sf_debug_hm_get_object_id  0000000180030500 f   sfc_debug:sfdb_handle_management.obj
 0001:00031470       sf_debug_object_is_eml_function 0000000180032470 f   sfc_debug:sfdb_handle_management.obj
 0001:000314e0       sf_debug_hm_initialize_ids_in_machine 00000001800324e0 f   sfc_debug:sfdb_handle_management.obj
 0001:00031650       sf_debug_hm_initialize_ids_in_chart 0000000180032650 f   sfc_debug:sfdb_handle_management.obj
 0001:00031790       sf_debug_hm_initialize_chart 0000000180032790 f   sfc_debug:sfdb_handle_management.obj
 0001:00031f40       sf_debug_hm_terminate      0000000180032f40 f   sfc_debug:sfdb_handle_management.obj
 0001:00031fa0       sf_debug_hm_initialize_machine 0000000180032fa0 f   sfc_debug:sfdb_handle_management.obj
 0001:00032750       sf_debug_st_initialize_machine 0000000180033750 f   sfc_debug:sfdb_data_browse.obj
 0001:00032810       sf_debug_st_initialize_instance 0000000180033810 f   sfc_debug:sfdb_data_browse.obj
 0001:00032a40       sf_debug_st_terminate      0000000180033a40 f   sfc_debug:sfdb_data_browse.obj
 0001:00032de0       sf_debug_st_set_data_value_ptr_in_machine 0000000180033de0 f   sfc_debug:sfdb_data_browse.obj
 0001:00032e70       sf_debug_st_set_data_value_ptr_in_instance 0000000180033e70 f   sfc_debug:sfdb_data_browse.obj
 0001:00032f50       sf_debug_st_unset_data_value_ptr_in_machine 0000000180033f50 f   sfc_debug:sfdb_data_browse.obj
 0001:00032fc0       sf_debug_st_unset_data_value_ptr_in_instance 0000000180033fc0 f   sfc_debug:sfdb_data_browse.obj
 0001:000332d0       sf_debug_mx_value          00000001800342d0 f   sfc_debug:sfdb_data_browse.obj
 0001:00033330       sf_debug_mx_packed_vector  0000000180034330 f   sfc_debug:sfdb_data_browse.obj
 0001:00033410       sf_debug_mx_uint_vector    0000000180034410 f   sfc_debug:sfdb_data_browse.obj
 0001:000334d0       sf_debug_st_get_double_value_from_void_ptr_vector 00000001800344d0 f   sfc_debug:sfdb_data_browse.obj
 0001:00033fc0       sf_debug_st_browse_data    0000000180034fc0 f   sfc_debug:sfdb_data_browse.obj
 0001:00034760       sf_debug_ss_initialize     0000000180035760 f   sfc_debug:sfdb_symbol_scope.obj
 0001:00034780       sf_debug_ss_terminate      0000000180035780 f   sfc_debug:sfdb_symbol_scope.obj
 0001:00034810       sf_debug_ss_push_symbol_scope 0000000180035810 f   sfc_debug:sfdb_symbol_scope.obj
 0001:00034910       sf_debug_ss_push_symbol_scope_eml 0000000180035910 f   sfc_debug:sfdb_symbol_scope.obj
 0001:00034970       sf_debug_ss_pop_symbol_scope 0000000180035970 f   sfc_debug:sfdb_symbol_scope.obj
 0001:00034a20       sf_debug_ss_add_symbol     0000000180035a20 f   sfc_debug:sfdb_symbol_scope.obj
 0001:00034b80       sf_debug_ss_add_symbol_eml 0000000180035b80 f   sfc_debug:sfdb_symbol_scope.obj
 0001:00035860       sf_debug_ss_set_data_value 0000000180036860 f   sfc_debug:sfdb_symbol_scope.obj
 0001:00035d00       sf_debug_ss_watch_data     0000000180036d00 f   sfc_debug:sfdb_symbol_scope.obj
 0001:00035da0       sf_debug_ss_assign_data    0000000180036da0 f   sfc_debug:sfdb_symbol_scope.obj
 0001:000367a0       get_data_entry_name        00000001800377a0 f   sfc_debug:sfdb_symbol_scope.obj
 0001:000367f0       sf_debug_ss_whos           00000001800377f0 f   sfc_debug:sfdb_symbol_scope.obj
 0001:00036f00       sf_debug_cc_initialize_chart 0000000180037f00 f   sfc_debug:sfdb_coverage.obj
 0001:000378f0       sf_debug_cc_initialize_instance 00000001800388f0 f   sfc_debug:sfdb_coverage.obj
 0001:000386f0       sf_debug_cc_terminate      00000001800396f0 f   sfc_debug:sfdb_coverage.obj
 0001:000387e0       sf_debug_cc_set_transition_maps 00000001800397e0 f   sfc_debug:sfdb_coverage.obj
 0001:00038910       sf_debug_cc_set_state_maps 0000000180039910 f   sfc_debug:sfdb_coverage.obj
 0001:000389f0       sf_debug_cc_set_transition_weights 00000001800399f0 f   sfc_debug:sfdb_coverage.obj
 0001:00038cc0       sf_debug_cc_set_state_weights 0000000180039cc0 f   sfc_debug:sfdb_coverage.obj
 0001:00038f90       sf_debug_cc_mark_transition_guard 0000000180039f90 f   sfc_debug:sfdb_coverage.obj
 0001:00039020       sf_debug_cc_mark_transition_trigger 000000018003a020 f   sfc_debug:sfdb_coverage.obj
 0001:000390b0       sf_debug_cc_mark_transition_decision 000000018003a0b0 f   sfc_debug:sfdb_coverage.obj
 0001:00039120       sf_debug_cc_mark_transition_condition_action 000000018003a120 f   sfc_debug:sfdb_coverage.obj
 0001:00039170       sf_debug_cc_mark_transition_transition_action 000000018003a170 f   sfc_debug:sfdb_coverage.obj
 0001:000391c0       sf_debug_cc_mark_state_entry 000000018003a1c0 f   sfc_debug:sfdb_coverage.obj
 0001:00039210       sf_debug_cc_mark_state_during 000000018003a210 f   sfc_debug:sfdb_coverage.obj
 0001:00039260       sf_debug_cc_mark_state_exit 000000018003a260 f   sfc_debug:sfdb_coverage.obj
 0001:000392b0       sf_debug_bm_clear_script_breakpoints 000000018003a2b0 f   sfc_debug:sfdb_breakpoints.obj
 0001:000392e0       sf_debug_bm_set_script_breakpoint 000000018003a2e0 f   sfc_debug:sfdb_breakpoints.obj
 0001:00039360       sf_debug_bm_clear_single_script_breakpoint 000000018003a360 f   sfc_debug:sfdb_breakpoints.obj
 0001:000393e0       sf_debug_bm_query_script_breakpoint 000000018003a3e0 f   sfc_debug:sfdb_breakpoints.obj
 0001:00039430       sf_debug_bm_initialize_scripts 000000018003a430 f   sfc_debug:sfdb_breakpoints.obj
 0001:00039b50       sf_debug_bm_terminate      000000018003ab50 f   sfc_debug:sfdb_breakpoints.obj
 0001:00039e40       sf_debug_bm_remove_all_breakpoints_in_machine 000000018003ae40 f   sfc_debug:sfdb_breakpoints.obj
 0001:00039eb0       sf_debug_bm_remove_all_breakpoints_in_chart 000000018003aeb0 f   sfc_debug:sfdb_breakpoints.obj
 0001:0003a000       sf_debug_bm_initialize_global_breakpoints 000000018003b000 f   sfc_debug:sfdb_breakpoints.obj
 0001:0003a180       sf_debug_bm_set_breakpoint 000000018003b180 f   sfc_debug:sfdb_breakpoints.obj
 0001:0003a7b0       sf_debug_bm_set_eml_breakpoint 000000018003b7b0 f   sfc_debug:sfdb_breakpoints.obj
 0001:0003a850       sf_debug_bm_initialize_machine_breakpoint_map 000000018003b850 f   sfc_debug:sfdb_breakpoints.obj
 0001:0003ac70       sf_debug_bm_is_a_breakpoint 000000018003bc70 f   sfc_debug:sfdb_breakpoints.obj
 0001:0003b190       sf_debug_bm_get_all_breakpoints_in_machine 000000018003c190 f   sfc_debug:sfdb_breakpoints.obj
 0001:0003b490       sf_debug_bm_get_all_breakpoints_in_chart 000000018003c490 f   sfc_debug:sfdb_breakpoints.obj
 0001:0003c150       sf_debug_bm_initialize_machine 000000018003d150 f   sfc_debug:sfdb_breakpoints.obj
 0001:0003c220       sf_debug_bm_initialize_chart 000000018003d220 f   sfc_debug:sfdb_breakpoints.obj
 0001:0003c640       sf_debug_sc_terminate      000000018003d640 f   sfc_debug:sfdb_state_consistency.obj
 0001:0003c970       sf_debug_sc_is_chart_consistent 000000018003d970 f   sfc_debug:sfdb_state_consistency.obj
 0001:0003cc20       sf_debug_sc_get_consistency_error_info 000000018003dc20 f   sfc_debug:sfdb_state_consistency.obj
 0001:0003d070       sf_debug_tm_terminate      000000018003e070 f   sfc_debug:sfdb_call_stack.obj
 0001:0003d130       sf_debug_tm_push_chart_instance 000000018003e130 f   sfc_debug:sfdb_call_stack.obj
 0001:0003d280       sf_debug_tm_pop_chart_instance 000000018003e280 f   sfc_debug:sfdb_call_stack.obj
 0001:0003d2e0       sf_debug_tm_push_trace_node 000000018003e2e0 f   sfc_debug:sfdb_call_stack.obj
 0001:0003d470       sf_debug_tm_pop_trace_node 000000018003e470 f   sfc_debug:sfdb_call_stack.obj
 0001:0003d4f0       sf_debug_tm_get_current_global_trace_index 000000018003e4f0 f   sfc_debug:sfdb_call_stack.obj
 0001:0003d500       sf_debug_tm_get_current_local_trace_index 000000018003e500 f   sfc_debug:sfdb_call_stack.obj
 0001:0003d530       sf_debug_tm_set_cycle_detected_flag 000000018003e530 f   sfc_debug:sfdb_call_stack.obj
 0001:0003d570       sf_debug_tm_set_cycle_started_flag 000000018003e570 f   sfc_debug:sfdb_call_stack.obj
 0001:0003d5b0       sf_debug_tm_get_chart_number_from_stack 000000018003e5b0 f   sfc_debug:sfdb_call_stack.obj
 0001:0003d7b0       sf_debug_tm_browse_trace   000000018003e7b0 f   sfc_debug:sfdb_call_stack.obj
 0001:0003daf0       sf_debug_cd_initialize_instance 000000018003eaf0 f   sfc_debug:sfdb_cycle_detection.obj
 0001:0003dda0       sf_debug_cd_mark_processed_transition_in_instance 000000018003eda0 f   sfc_debug:sfdb_cycle_detection.obj
 0001:0003de40       sf_debug_cd_checksum_push  000000018003ee40 f   sfc_debug:sfdb_cycle_detection.obj
 0001:0003e100       sf_debug_cd_checksum_pop   000000018003f100 f   sfc_debug:sfdb_cycle_detection.obj
 0001:0003e170       sf_debug_cd_turn_off_cycle_detection 000000018003f170 f   sfc_debug:sfdb_cycle_detection.obj
 0001:0003e1c0       sf_debug_cd_terminate      000000018003f1c0 f   sfc_debug:sfdb_cycle_detection.obj
 0001:0003e400       md5_initialize_state       000000018003f400 f   sfc_debug:ckmd5.obj
 0001:0003ee70       md5_update_state           000000018003fe70 f   sfc_debug:ckmd5.obj
 0001:0003ee90       md5_get_hash               000000018003fe90 f   sfc_debug:ckmd5.obj
 0001:0003eec0       md5_get_hash_for_a_single_string 000000018003fec0 f   sfc_debug:ckmd5.obj
 0001:0003ef24       mxGetPr                    000000018003ff24 f   libmx:libmx.dll
 0001:0003ef2a       mxCreateDoubleScalar       000000018003ff2a f   libmx:libmx.dll
 0001:0003ef30       mxCreateDoubleMatrix_730   000000018003ff30 f   libmx:libmx.dll
 0001:0003ef36       mxSetField_730             000000018003ff36 f   libmx:libmx.dll
 0001:0003ef3c       mxCreateString             000000018003ff3c f   libmx:libmx.dll
 0001:0003ef42       mxCreateStructMatrix_730   000000018003ff42 f   libmx:libmx.dll
 0001:0003ef48       mxDestroyArray             000000018003ff48 f   libmx:libmx.dll
 0001:0003ef4e       mxDuplicateArray           000000018003ff4e f   libmx:libmx.dll
 0001:0003ef54       mxGetString_730            000000018003ff54 f   libmx:libmx.dll
 0001:0003ef5a       mxIsChar                   000000018003ff5a f   libmx:libmx.dll
 0001:0003ef60       mxGetClassID               000000018003ff60 f   libmx:libmx.dll
 0001:0003ef66       mxIsNumeric                000000018003ff66 f   libmx:libmx.dll
 0001:0003ef6c       mxIsComplex                000000018003ff6c f   libmx:libmx.dll
 0001:0003ef72       mxGetN                     000000018003ff72 f   libmx:libmx.dll
 0001:0003ef78       mxGetM                     000000018003ff78 f   libmx:libmx.dll
 0001:0003ef7e       mxCalloc                   000000018003ff7e f   libmx:libmx.dll
 0001:0003ef84       mxGetScalar                000000018003ff84 f   libmx:libmx.dll
 0001:0003ef8a       mxIsLogical                000000018003ff8a f   libmx:libmx.dll
 0001:0003ef90       mxCreateDoubleMatrix_700   000000018003ff90 f   libmx:libmx.dll
 0001:0003ef96       mxFree                     000000018003ff96 f   libmx:libmx.dll
 0001:0003ef9c       mxArrayToString            000000018003ff9c f   libmx:libmx.dll
 0001:0003efa2       mxCreateCellMatrix_700     000000018003ffa2 f   libmx:libmx.dll
 0001:0003efa8       mxSetCell_700              000000018003ffa8 f   libmx:libmx.dll
 0001:0003efae       mxGetCell_700              000000018003ffae f   libmx:libmx.dll
 0001:0003efb4       mxGetClassName             000000018003ffb4 f   libmx:libmx.dll
 0001:0003efba       mxSetField_700             000000018003ffba f   libmx:libmx.dll
 0001:0003efc0       mxAddField                 000000018003ffc0 f   libmx:libmx.dll
 0001:0003efc6       mxGetField_700             000000018003ffc6 f   libmx:libmx.dll
 0001:0003efcc       mxGetNumberOfElements      000000018003ffcc f   libmx:libmx.dll
 0001:0003efd2       mxIsStruct                 000000018003ffd2 f   libmx:libmx.dll
 0001:0003efd8       mxIsClass                  000000018003ffd8 f   libmx:libmx.dll
 0001:0003efde       mxGetLogicals              000000018003ffde f   libmx:libmx.dll
 0001:0003efe4       mxIsSparse                 000000018003ffe4 f   libmx:libmx.dll
 0001:0003efea       mxSetFieldByNumber_700     000000018003ffea f   libmx:libmx.dll
 0001:0003eff0       mxGetFieldByNumber_700     000000018003fff0 f   libmx:libmx.dll
 0001:0003eff6       mxGetFieldNameByNumber     000000018003fff6 f   libmx:libmx.dll
 0001:0003effc       mxGetNumberOfFields        000000018003fffc f   libmx:libmx.dll
 0001:0003f002       mxCreateStructMatrix_700   0000000180040002 f   libmx:libmx.dll
 0001:0003f008       mxGetFieldNumber           0000000180040008 f   libmx:libmx.dll
 0001:0003f00e       mxIsNaN                    000000018004000e f   libmx:libmx.dll
 0001:0003f014       mxIsEmpty                  0000000180040014 f   libmx:libmx.dll
 0001:0003f01a       mxGetData                  000000018004001a f   libmx:libmx.dll
 0001:0003f020       mxGetImagData              0000000180040020 f   libmx:libmx.dll
 0001:0003f026       mxArrayClassIDName         0000000180040026 f   libmx:libmx.dll
 0001:0003f02c       mxCreateNumericMatrix_700  000000018004002c f   libmx:libmx.dll
 0001:0003f032       mxCreateStructArray_700    0000000180040032 f   libmx:libmx.dll
 0001:0003f038       mxCalcSingleSubscript_700  0000000180040038 f   libmx:libmx.dll
 0001:0003f03e       mxGetDimensions_700        000000018004003e f   libmx:libmx.dll
 0001:0003f044       mxGetNumberOfDimensions_700 0000000180040044 f   libmx:libmx.dll
 0001:0003f04a       mxCreateNumericArray_700   000000018004004a f   libmx:libmx.dll
 0001:0003f050       mxGetElementSize           0000000180040050 f   libmx:libmx.dll
 0001:0003f056       mxCreateStringFromNChars_700 0000000180040056 f   libmx:libmx.dll
 0001:0003f05c       mxGetString_700            000000018004005c f   libmx:libmx.dll
 0001:0003f062       mxIsLogicalScalarTrue      0000000180040062 f   libmx:libmx.dll
 0001:0003f068       mxCreateLogicalScalar      0000000180040068 f   libmx:libmx.dll
 0001:0003f06e       mexUnlock                  000000018004006e f   libmex:libmex.dll
 0001:0003f074       mexIsLocked                0000000180040074 f   libmex:libmex.dll
 0001:0003f07a       mexWarnMsgTxt              000000018004007a f   libmex:libmex.dll
 0001:0003f080       mexCallMATLAB              0000000180040080 f   libmex:libmex.dll
 0001:0003f086       mexErrMsgTxt               0000000180040086 f   libmex:libmex.dll
 0001:0003f08c       mexMakeArrayPersistent     000000018004008c f   libmex:libmex.dll
 0001:0003f092       mexSetTrapFlag             0000000180040092 f   libmex:libmex.dll
 0001:0003f098       mexPutVariable             0000000180040098 f   libmex:libmex.dll
 0001:0003f09e       mexGetVariable             000000018004009e f   libmex:libmex.dll
 0001:0003f0a4       mexLock                    00000001800400a4 f   libmex:libmex.dll
 0001:0003f0aa       mexMakeMemoryPersistent    00000001800400aa f   libmex:libmex.dll
 0001:0003f0b0       mexFunctionName            00000001800400b0 f   libmex:libmex.dll
 0001:0003f0b6       ssRegisterDataTypeFxpFSlopeFixExpBias 00000001800400b6 f   libfixedpoint:libfixedpoint.dll
 0001:0003f0bc       utVSNprintf                00000001800400bc f   libut:libut.dll
 0001:0003f0c2       utCPUtime                  00000001800400c2 f   libut:libut.dll
 0001:0003f0c8       utFree                     00000001800400c8 f   libut:libut.dll
 0001:0003f0ce       utMalloc                   00000001800400ce f   libut:libut.dll
 0001:0003f0d4       emlrtCheckBuiltInCtxR2011a 00000001800400d4 f   libemlrt:libemlrt.dll
 0001:0003f0da       emlrtCheckVsBuiltInCtxR2011a 00000001800400da f   libemlrt:libemlrt.dll
 0001:0003f0e0       emlrtCheckEnumR2009a       00000001800400e0 f   libemlrt:libemlrt.dll
 0001:0003f0e6       emlrtCreateEnumR2010a      00000001800400e6 f   libemlrt:libemlrt.dll
 0001:0003f0ec       emlrtGetEnumElementR2009a  00000001800400ec f   libemlrt:libemlrt.dll
 0001:0003f0f2       emlrtCreateReference       00000001800400f2 f   libemlrt:libemlrt.dll
 0001:0003f0f8       emlrtImportVsFiArrayR2009b 00000001800400f8 f   libemlrt:libemlrt.dll
 0001:0003f0fe       emlrtExtractMessageId      00000001800400fe f   libemlrt:libemlrt.dll
 0001:0003f104       emlrtTranslateMessageIDtoLCPstring 0000000180040104 f   libemlrt:libemlrt.dll
 0001:0003f10a       emlrtForLoopVectorIsValidR2011b 000000018004010a f   libemlrt:libemlrt.dll
 0001:0003f110       emlrtTranslateUTF16MessagetoLCPstring 0000000180040110 f   libemlrt:libemlrt.dll
 0001:0003f116       emlrtGetEnumUnderlyingArrayR2009a 0000000180040116 f   libemlrt:libemlrt.dll
 0001:0003f11c       emlrtIsEnumR2009a          000000018004011c f   libemlrt:libemlrt.dll
 0001:0003f124       __GSHandlerCheckCommon     0000000180040124 f   MSVCRT:gshandler.obj
 0001:0003f188       __GSHandlerCheck           0000000180040188 f   MSVCRT:gshandler.obj
 0001:0003f1a6       strlen                     00000001800401a6 f   MSVCRT:MSVCR100.dll
 0001:0003f1c0       __security_check_cookie    00000001800401c0 f   MSVCRT:amdsecgs.obj
 0001:0003f1e0       memset                     00000001800401e0 f   MSVCRT:MSVCR100.dll
 0001:0003f1e6       malloc                     00000001800401e6 f   MSVCRT:MSVCR100.dll
 0001:0003f1ec       free                       00000001800401ec f   MSVCRT:MSVCR100.dll
 0001:0003f1f2       strcmp                     00000001800401f2 f   MSVCRT:MSVCR100.dll
 0001:0003f1f8       sprintf                    00000001800401f8 f   MSVCRT:MSVCR100.dll
 0001:0003f1fe       strcat                     00000001800401fe f   MSVCRT:MSVCR100.dll
 0001:0003f204       memcpy                     0000000180040204 f   MSVCRT:MSVCR100.dll
 0001:0003f20c       NtCurrentTeb               000000018004020c f i MSVCRT:crtdll.obj
 0001:0003f278       _CRT_INIT                  0000000180040278 f   MSVCRT:crtdll.obj
 0001:0003f610       _DllMainCRTStartup         0000000180040610 f   MSVCRT:crtdll.obj
 0001:0003f64e       strncpy                    000000018004064e f   MSVCRT:MSVCR100.dll
 0001:0003f670       __chkstk                   0000000180040670 f   MSVCRT:chkstk.obj
 0001:0003f670       _alloca_probe              0000000180040670     MSVCRT:chkstk.obj
 0001:0003f6be       longjmp                    00000001800406be f   MSVCRT:MSVCR100.dll
 0001:0003f6c4       strncmp                    00000001800406c4 f   MSVCRT:MSVCR100.dll
 0001:0003f6ca       ceil                       00000001800406ca f   MSVCRT:MSVCR100.dll
 0001:0003f6d0       strrchr                    00000001800406d0 f   MSVCRT:MSVCR100.dll
 0001:0003f6d6       _setjmp                    00000001800406d6 f   MSVCRT:MSVCR100.dll
 0001:0003f6dc       calloc                     00000001800406dc f   MSVCRT:MSVCR100.dll
 0001:0003f6e2       realloc                    00000001800406e2 f   MSVCRT:MSVCR100.dll
 0001:0003f6e8       ldexp                      00000001800406e8 f   MSVCRT:MSVCR100.dll
 0001:0003f6f0       __report_gsfailure         00000001800406f0 f   MSVCRT:gs_report.obj
 0001:0003f83c       __clean_type_info_names    000000018004083c f   MSVCRT:tncleanup.obj
 0001:0003f848       _onexit                    0000000180040848 f   MSVCRT:atonexit.obj
 0001:0003f8f8       atexit                     00000001800408f8 f   MSVCRT:atonexit.obj
 0001:0003f910       _RTC_Initialize            0000000180040910 f   MSVCRT:_initsect_.obj
 0001:0003f948       _RTC_Terminate             0000000180040948 f   MSVCRT:_initsect_.obj
 0001:0003f980       _malloc_crt                0000000180040980 f   MSVCRT:MSVCR100.dll
 0001:0003f990       _ValidateImageBase         0000000180040990 f   MSVCRT:pesect.obj
 0001:0003f9c0       _FindPESection             00000001800409c0 f   MSVCRT:pesect.obj
 0001:0003fa10       _IsNonwritableInCurrentImage 0000000180040a10 f   MSVCRT:pesect.obj
 0001:0003fa52       _initterm                  0000000180040a52 f   MSVCRT:MSVCR100.dll
 0001:0003fa58       _initterm_e                0000000180040a58 f   MSVCRT:MSVCR100.dll
 0001:0003fa5e       _encoded_null              0000000180040a5e f   MSVCRT:MSVCR100.dll
 0001:0003fa64       _amsg_exit                 0000000180040a64 f   MSVCRT:MSVCR100.dll
 0001:0003fa6a       __C_specific_handler       0000000180040a6a f   MSVCRT:MSVCR100.dll
 0001:0003fa70       __CppXcptFilter            0000000180040a70 f   MSVCRT:MSVCR100.dll
 0001:0003fa78       DllMain                    0000000180040a78 f   MSVCRT:dllmain.obj
 0001:0003fa9c       __security_init_cookie     0000000180040a9c f   MSVCRT:gs_support.obj
 0001:0003fb50       __crt_debugger_hook        0000000180040b50 f   MSVCRT:MSVCR100.dll
 0001:0003fb56       __clean_type_info_names_internal 0000000180040b56 f   MSVCRT:MSVCR100.dll
 0001:0003fb5c       _unlock                    0000000180040b5c f   MSVCRT:MSVCR100.dll
 0001:0003fb62       __dllonexit                0000000180040b62 f   MSVCRT:MSVCR100.dll
 0001:0003fb68       _lock                      0000000180040b68 f   MSVCRT:MSVCR100.dll
 0001:0003fb6e       EncodePointer              0000000180040b6e f   kernel32:KERNEL32.dll
 0001:0003fb74       DecodePointer              0000000180040b74 f   kernel32:KERNEL32.dll
 0001:0003fb7a       Sleep                      0000000180040b7a f   kernel32:KERNEL32.dll
 0001:0003fb80       TerminateProcess           0000000180040b80 f   kernel32:KERNEL32.dll
 0001:0003fb86       GetCurrentProcess          0000000180040b86 f   kernel32:KERNEL32.dll
 0001:0003fb8c       UnhandledExceptionFilter   0000000180040b8c f   kernel32:KERNEL32.dll
 0001:0003fb92       SetUnhandledExceptionFilter 0000000180040b92 f   kernel32:KERNEL32.dll
 0001:0003fb98       IsDebuggerPresent          0000000180040b98 f   kernel32:KERNEL32.dll
 0001:0003fb9e       RtlVirtualUnwind           0000000180040b9e f   kernel32:KERNEL32.dll
 0001:0003fba4       RtlLookupFunctionEntry     0000000180040ba4 f   kernel32:KERNEL32.dll
 0001:0003fbaa       RtlCaptureContext          0000000180040baa f   kernel32:KERNEL32.dll
 0001:0003fbb0       DisableThreadLibraryCalls  0000000180040bb0 f   kernel32:KERNEL32.dll
 0001:0003fbb6       QueryPerformanceCounter    0000000180040bb6 f   kernel32:KERNEL32.dll
 0001:0003fbbc       GetTickCount               0000000180040bbc f   kernel32:KERNEL32.dll
 0001:0003fbc2       GetCurrentThreadId         0000000180040bc2 f   kernel32:KERNEL32.dll
 0001:0003fbc8       GetCurrentProcessId        0000000180040bc8 f   kernel32:KERNEL32.dll
 0001:0003fbce       GetSystemTimeAsFileTime    0000000180040bce f   kernel32:KERNEL32.dll
 0002:00000000       __imp_GetSystemTimeAsFileTime 0000000180041000     kernel32:KERNEL32.dll
 0002:00000008       __imp_GetCurrentProcessId  0000000180041008     kernel32:KERNEL32.dll
 0002:00000010       __imp_GetCurrentThreadId   0000000180041010     kernel32:KERNEL32.dll
 0002:00000018       __imp_GetTickCount         0000000180041018     kernel32:KERNEL32.dll
 0002:00000020       __imp_QueryPerformanceCounter 0000000180041020     kernel32:KERNEL32.dll
 0002:00000028       __imp_DisableThreadLibraryCalls 0000000180041028     kernel32:KERNEL32.dll
 0002:00000030       __imp_RtlCaptureContext    0000000180041030     kernel32:KERNEL32.dll
 0002:00000038       __imp_RtlLookupFunctionEntry 0000000180041038     kernel32:KERNEL32.dll
 0002:00000040       __imp_RtlVirtualUnwind     0000000180041040     kernel32:KERNEL32.dll
 0002:00000048       __imp_IsDebuggerPresent    0000000180041048     kernel32:KERNEL32.dll
 0002:00000050       __imp_SetUnhandledExceptionFilter 0000000180041050     kernel32:KERNEL32.dll
 0002:00000058       __imp_UnhandledExceptionFilter 0000000180041058     kernel32:KERNEL32.dll
 0002:00000060       __imp_GetCurrentProcess    0000000180041060     kernel32:KERNEL32.dll
 0002:00000068       __imp_TerminateProcess     0000000180041068     kernel32:KERNEL32.dll
 0002:00000070       __imp_Sleep                0000000180041070     kernel32:KERNEL32.dll
 0002:00000078       __imp_DecodePointer        0000000180041078     kernel32:KERNEL32.dll
 0002:00000080       __imp_EncodePointer        0000000180041080     kernel32:KERNEL32.dll
 0002:00000088       \177KERNEL32_NULL_THUNK_DATA 0000000180041088     kernel32:KERNEL32.dll
 0002:00000090       __imp__onexit              0000000180041090     MSVCRT:MSVCR100.dll
 0002:00000098       __imp__lock                0000000180041098     MSVCRT:MSVCR100.dll
 0002:000000a0       __imp___dllonexit          00000001800410a0     MSVCRT:MSVCR100.dll
 0002:000000a8       __imp__unlock              00000001800410a8     MSVCRT:MSVCR100.dll
 0002:000000b0       __imp___clean_type_info_names_internal 00000001800410b0     MSVCRT:MSVCR100.dll
 0002:000000b8       __imp___crt_debugger_hook  00000001800410b8     MSVCRT:MSVCR100.dll
 0002:000000c0       __imp___CppXcptFilter      00000001800410c0     MSVCRT:MSVCR100.dll
 0002:000000c8       __imp___C_specific_handler 00000001800410c8     MSVCRT:MSVCR100.dll
 0002:000000d0       __imp__amsg_exit           00000001800410d0     MSVCRT:MSVCR100.dll
 0002:000000d8       __imp__encoded_null        00000001800410d8     MSVCRT:MSVCR100.dll
 0002:000000e0       __imp__initterm_e          00000001800410e0     MSVCRT:MSVCR100.dll
 0002:000000e8       __imp__initterm            00000001800410e8     MSVCRT:MSVCR100.dll
 0002:000000f0       __imp__malloc_crt          00000001800410f0     MSVCRT:MSVCR100.dll
 0002:000000f8       __imp_ldexp                00000001800410f8     MSVCRT:MSVCR100.dll
 0002:00000100       __imp_realloc              0000000180041100     MSVCRT:MSVCR100.dll
 0002:00000108       __imp_calloc               0000000180041108     MSVCRT:MSVCR100.dll
 0002:00000110       __imp__setjmp              0000000180041110     MSVCRT:MSVCR100.dll
 0002:00000118       __imp_strrchr              0000000180041118     MSVCRT:MSVCR100.dll
 0002:00000120       __imp_ceil                 0000000180041120     MSVCRT:MSVCR100.dll
 0002:00000128       __imp_strncmp              0000000180041128     MSVCRT:MSVCR100.dll
 0002:00000130       __imp_longjmp              0000000180041130     MSVCRT:MSVCR100.dll
 0002:00000138       __imp_strncpy              0000000180041138     MSVCRT:MSVCR100.dll
 0002:00000140       __imp_memcpy               0000000180041140     MSVCRT:MSVCR100.dll
 0002:00000148       __imp_strcat               0000000180041148     MSVCRT:MSVCR100.dll
 0002:00000150       __imp_sprintf              0000000180041150     MSVCRT:MSVCR100.dll
 0002:00000158       __imp_strcmp               0000000180041158     MSVCRT:MSVCR100.dll
 0002:00000160       __imp_free                 0000000180041160     MSVCRT:MSVCR100.dll
 0002:00000168       __imp_malloc               0000000180041168     MSVCRT:MSVCR100.dll
 0002:00000170       __imp_memset               0000000180041170     MSVCRT:MSVCR100.dll
 0002:00000178       __imp_strlen               0000000180041178     MSVCRT:MSVCR100.dll
 0002:00000180       \177MSVCR100_NULL_THUNK_DATA 0000000180041180     MSVCRT:MSVCR100.dll
 0002:00000188       __imp_emlrtIsEnumR2009a    0000000180041188     libemlrt:libemlrt.dll
 0002:00000190       __imp_emlrtGetEnumUnderlyingArrayR2009a 0000000180041190     libemlrt:libemlrt.dll
 0002:00000198       __imp_emlrtTranslateUTF16MessagetoLCPstring 0000000180041198     libemlrt:libemlrt.dll
 0002:000001a0       __imp_emlrtForLoopVectorIsValidR2011b 00000001800411a0     libemlrt:libemlrt.dll
 0002:000001a8       __imp_emlrtTranslateMessageIDtoLCPstring 00000001800411a8     libemlrt:libemlrt.dll
 0002:000001b0       __imp_emlrtExtractMessageId 00000001800411b0     libemlrt:libemlrt.dll
 0002:000001b8       __imp_emlrtImportVsFiArrayR2009b 00000001800411b8     libemlrt:libemlrt.dll
 0002:000001c0       __imp_emlrtCreateReference 00000001800411c0     libemlrt:libemlrt.dll
 0002:000001c8       __imp_emlrtGetEnumElementR2009a 00000001800411c8     libemlrt:libemlrt.dll
 0002:000001d0       __imp_emlrtCreateEnumR2010a 00000001800411d0     libemlrt:libemlrt.dll
 0002:000001d8       __imp_emlrtCheckEnumR2009a 00000001800411d8     libemlrt:libemlrt.dll
[...]
 0001:00017220       check_array_dimensions     0000000180018220 f   sfc_mex:sfc_mex.obj
 0001:00017290       check_input_mxarray        0000000180018290 f   sfc_mex:sfc_mex.obj
 0001:000179d0       sf_numeric_value_to_double 00000001800189d0 f   sfc_mex:sfc_mex.obj
 0001:00017a20       ml_generic_out_of_bounds_check 0000000180018a20 f   sfc_mex:sfc_mex.obj
 0001:00017bf0       ml_get_element_value_from_array 0000000180018bf0 f   sfc_mex:sfc_mex.obj
 0001:00017f90       _ml_generic_castability_check 0000000180018f90 f   sfc_mex:sfc_mex.obj
 0001:00018cf0       ml_generic_castability_check 0000000180019cf0 f   sfc_mex:sfc_mex.obj
 0001:00018d90       ml_check_mx_array_for_single_castability 0000000180019d90 f   sfc_mex:sfc_mex.obj
 0001:00018e30       ml_check_mx_array_for_logical_castability 0000000180019e30 f   sfc_mex:sfc_mex.obj
 0001:00018ed0       ml_check_mx_array_for_int8_castability 0000000180019ed0 f   sfc_mex:sfc_mex.obj
 0001:00018f80       ml_check_mx_array_for_uint8_castability 0000000180019f80 f   sfc_mex:sfc_mex.obj
 0001:00018fe0       ml_check_mx_array_for_int16_castability 0000000180019fe0 f   sfc_mex:sfc_mex.obj
 0001:00019040       ml_check_mx_array_for_uint16_castability 000000018001a040 f   sfc_mex:sfc_mex.obj
 0001:000190a0       ml_check_mx_array_for_int32_castability 000000018001a0a0 f   sfc_mex:sfc_mex.obj
 0001:00019100       ml_check_mx_array_for_uint32_castability 000000018001a100 f   sfc_mex:sfc_mex.obj
 0001:00019160       ml_check_mx_array_for_castability 000000018001a160 f   sfc_mex:sfc_mex.obj
 0001:00019a90       set_data_value             000000018001aa90 f   sfc_mex:sfc_mex.obj
 0001:00019e00       get_data_value             000000018001ae00 f   sfc_mex:sfc_mex.obj
 0001:00019f10       get_next_element_address   000000018001af10 f   sfc_mex:sfc_mex.obj
 0001:00019fe0       sf_normalize_index         000000018001afe0 f   sfc_mex:sfc_mex.obj
 0001:0001a370       ml_array_index_bound_check 000000018001b370 f   sfc_mex:sfc_mex.obj
 0001:0001ae90       mx_value                   000000018001be90 f   sfc_mex:sfc_mex.obj
 0001:0001aee0       sf_create_numeric_array    000000018001bee0 f   sfc_mex:sfc_mex.obj
 0001:0001af80       sf_mex_assign_to_mx_array  000000018001bf80 f   sfc_mex:sfc_mex.obj
 0001:0001b2d0       assign_from_mx_array       000000018001c2d0 f   sfc_mex:sfc_mex.obj
 0001:0001bb00       sf_mex_import_v            000000018001cb00 f   sfc_mex:sfc_mex.obj
 0001:0001c200       get_machine_and_chart_file_number 000000018001d200 f   sfc_mex:sfc_sf.obj
 0001:0001c2f0       get_sfun_block_specialization 000000018001d2f0 f   sfc_mex:sfc_sf.obj
 0001:0001c370       call_sf_machine_global_method_dispatcher 000000018001d370 f   sfc_mex:sfc_sf.obj
 0001:0001c5a0       mdl_zeroCrossings_processing 000000018001d5a0 f   sfc_mex:sfc_sf.obj
 0001:0001c670       mdl_derivatives_processing 000000018001d670 f   sfc_mex:sfc_sf.obj
 0001:0001c930       mdl_outputs_continuous_legacy 000000018001d930 f   sfc_mex:sfc_sf.obj
 0001:0001c9b0       mdl_outputs_processing     000000018001d9b0 f   sfc_mex:sfc_sf.obj
 0001:0001cbe0       mdl_enable_processing      000000018001dbe0 f   sfc_mex:sfc_sf.obj
 0001:0001ccb0       mdl_disable_processing     000000018001dcb0 f   sfc_mex:sfc_sf.obj
 0001:0001d9f0       sf_call_output_fcn_enable_disable 000000018001e9f0 f   sfc_mex:sfc_sf.obj
 0001:0001dc70       set_dwork_information_from_mx_array 000000018001ec70 f   sfc_mex:sfc_sf.obj
 0001:0001e530       ptr2mxStruct               000000018001f530 f   sfc_mex:sfc_sf.obj
 0001:0001e820       SNPRINTF_WRAPPER           000000018001f820 f   sfc_debug:sfcdebug.obj
 0001:0001e840       sf_debug_chart_instance_initialized_quick 000000018001f840 f   sfc_debug:sfcdebug.obj
 0001:0001e850       sf_debug_chart_instance_initialized 000000018001f850 f   sfc_debug:sfcdebug.obj
 0001:0001e9f0       sfrtAddSize                000000018001f9f0 f   sfc_debug:sfcdebug.obj
 0001:0001eab0       sfrtGenSizeString          000000018001fab0 f   sfc_debug:sfcdebug.obj
 0001:0001f1c0       sf_debug_sim_status_listener 00000001800201c0 f   sfc_debug:sfcdebug.obj
 0001:0001f730       sf_debug_form_mask_bits    0000000180020730 f   sfc_debug:sfcdebug.obj
 0001:0001f770       sf_debug_form_sf_data_type_offsets 0000000180020770 f   sfc_debug:sfcdebug.obj
 0001:0001f830       sf_debug_free_all          0000000180020830 f   sfc_debug:sfcdebug.obj
 0001:0001f9b0       sf_debug_append_debugger_context 00000001800209b0 f   sfc_debug:sfcdebug.obj
 0001:0001fc70       local_strdup               0000000180020c70 f   sfc_debug:sfcdebug.obj
 0001:00020b50       sf_debug_em_terminate      0000000180021b50 f   sfc_debug:sfcdebug.obj
 0001:00020b90       sf_debug_push_eml_function 0000000180021b90 f   sfc_debug:sfcdebug.obj
 0001:00020c30       sf_debug_pop_eml_function  0000000180021c30 f   sfc_debug:sfcdebug.obj
 0001:00021930       sf_debug_get_machine_number_from_id_or_name 0000000180022930 f   sfc_debug:sfcdebug.obj
 0001:00021a80       sf_debug_get_chart_number_from_id 0000000180022a80 f   sfc_debug:sfcdebug.obj
 0001:000226f0       sf_debug_transfer_control_to_debugger_GUI 00000001800236f0 f   sfc_debug:sfcdebug.obj
 0001:00023680       sf_debug_scripts_rehash    0000000180024680 f   sfc_debug:sfcdebug.obj
 0001:000238c0       sf_debug_get_script_line_count 00000001800248c0 f   sfc_debug:sfcdebug.obj
 0001:00023fd0       cv_eml_state_cvId          0000000180024fd0 f   sfc_debug:sfcdebug.obj
 0001:00024040       cv_eml_trans_cvId          0000000180025040 f   sfc_debug:sfcdebug.obj
 0001:00025300       sf_debug_data_array_bounds_error 0000000180026300 f   sfc_debug:sfcdebug.obj
 0001:00025730       eml_debug_runtime_error_doclink 0000000180026730 f   sfc_debug:sfcdebug.obj
 0001:000258b0       sf_debug_runtime_error     00000001800268b0 f   sfc_debug:sfcdebug.obj
 0001:00025920       sf_debug_matlab_error      0000000180026920 f   sfc_debug:sfcdebug.obj
 0001:00026250       sf_debug_data_value_error  0000000180027250 f   sfc_debug:sfcdebug.obj
 0001:00026b50       sf_debug_data_loss_error   0000000180027b50 f   sfc_debug:sfcdebug.obj
 0001:00027a70       call_cv_range_check        0000000180028a70 f   sfc_debug:sfcdebug.obj
 0001:00028240       sf_debug_invoke_cycle_detection_code 0000000180029240 f   sfc_debug:sfcdebug.obj
 0001:000290b0       sf_reset_debug_info_struct 000000018002a0b0 f   sfc_debug:sfcdebug.obj
 0001:000299a0       cv_script_cvId             000000018002a9a0 f   sfc_debug:sfcdebug.obj
 0001:0002a790       sfc_api_chart_visible      000000018002b790 f   sfc_debug:sfc_api.obj
 0001:0002a810       sfc_api_active_instance    000000018002b810 f   sfc_debug:sfc_api.obj
 0001:0002a890       sfc_api_machine_load       000000018002b890 f   sfc_debug:sfc_api.obj
 0001:0002a960       sfc_api_debugger_alive     000000018002b960 f   sfc_debug:sfc_api.obj
 0001:0002a970       sfc_api_go                 000000018002b970 f   sfc_debug:sfc_api.obj
 0001:0002a980       sfc_api_step_over          000000018002b980 f   sfc_debug:sfc_api.obj
 0001:0002a990       sfc_api_step_out           000000018002b990 f   sfc_debug:sfc_api.obj
 0001:0002a9a0       sfc_api_resume             000000018002b9a0 f   sfc_debug:sfc_api.obj
 0001:0002a9b0       sfc_api_break              000000018002b9b0 f   sfc_debug:sfc_api.obj
 0001:0002a9c0       sfc_api_stop_debugging     000000018002b9c0 f   sfc_debug:sfc_api.obj
 0001:0002aa10       sfc_api_is_cycle_detected  000000018002ba10 f   sfc_debug:sfc_api.obj
 0001:0002aa60       sfc_api_is_array_bounds_detected 000000018002ba60 f   sfc_debug:sfc_api.obj
 0001:0002aab0       sfc_api_set_disable_all_breakpoints 000000018002bab0 f   sfc_debug:sfc_api.obj
 0001:0002ab20       sfc_api_disable_all_breakpoints_and_go 000000018002bb20 f   sfc_debug:sfc_api.obj
 0001:0002ab30       sfc_api_close              000000018002bb30 f   sfc_debug:sfc_api.obj
 0001:0002ab40       sfc_api_browse_data        000000018002bb40 f   sfc_debug:sfc_api.obj
 0001:0002abb0       sfc_api_watch_data         000000018002bbb0 f   sfc_debug:sfc_api.obj
 0001:0002ac50       sfc_api_assign_data        000000018002bc50 f   sfc_debug:sfc_api.obj
 0001:0002acf0       sfc_api_whos               000000018002bcf0 f   sfc_debug:sfc_api.obj
 0001:0002ad80       sfc_api_get_consistency_info 000000018002bd80 f   sfc_debug:sfc_api.obj
 0001:0002ad90       sfc_api_browse_trace       000000018002bd90 f   sfc_debug:sfc_api.obj
 0001:0002ada0       sfc_api_break_on_chart_entry 000000018002bda0 f   sfc_debug:sfc_api.obj
 0001:0002adc0       sfc_api_break_on_event_broadcast 000000018002bdc0 f   sfc_debug:sfc_api.obj
 0001:0002ade0       sfc_api_break_on_state_entry 000000018002bde0 f   sfc_debug:sfc_api.obj
 0001:0002ae00       sfc_api_set_watch          000000018002be00 f   sfc_debug:sfc_api.obj
 0001:0002aea0       sfc_api_set_breakpoints    000000018002bea0 f   sfc_debug:sfc_api.obj
 0001:0002af40       sfc_api_set_eml_breakpoints 000000018002bf40 f   sfc_debug:sfc_api.obj
 0001:0002afc0       sfc_api_set_script_breakpoints 000000018002bfc0 f   sfc_debug:sfc_api.obj
 0001:0002b010       sfc_api_add_script_breakpoints 000000018002c010 f   sfc_debug:sfc_api.obj
 0001:0002b060       sfc_api_clear_script_breakpoints 000000018002c060 f   sfc_debug:sfc_api.obj
 0001:0002b0b0       sfc_api_query_script_breakpoints 000000018002c0b0 f   sfc_debug:sfc_api.obj
 0001:0002b110       sfc_api_get_script_id      000000018002c110 f   sfc_debug:sfc_api.obj
 0001:0002b1d0       sfc_api_get_active_states  000000018002c1d0 f   sfc_debug:sfc_api.obj
 0001:0002b250       sfc_api_break_between_times 000000018002c250 f   sfc_debug:sfc_api.obj
 0001:0002b2b0       sfc_api_get_instance_handle 000000018002c2b0 f   sfc_debug:sfc_api.obj
 0001:0002b360       sfc_api_set_animation      000000018002c360 f   sfc_debug:sfc_api.obj
 0001:0002b3b0       sfc_api_select_chart       000000018002c3b0 f   sfc_debug:sfc_api.obj
 0001:0002b410       sfc_api_select_charts      000000018002c410 f   sfc_debug:sfc_api.obj
 0001:0002b440       sfc_api_cycle_detection_check 000000018002c440 f   sfc_debug:sfc_api.obj
 0001:0002b490       sfc_api_data_range_check   000000018002c490 f   sfc_debug:sfc_api.obj
 0001:0002b4e0       sfc_api_transition_conflict_check 000000018002c4e0 f   sfc_debug:sfc_api.obj
 0001:0002b530       sfc_api_state_consistency_check 000000018002c530 f   sfc_debug:sfc_api.obj
 0001:0002b580       sfc_api_set_instance_cv_ids 000000018002c580 f   sfc_debug:sfc_api.obj
 0001:0002b690       sfc_api_set_script_cv_ids  000000018002c690 f   sfc_debug:sfc_api.obj
 0001:0002b730       sfc_api_get_current_machine_id 000000018002c730 f   sfc_debug:sfc_api.obj
 0001:0002b760       sfc_api_get_current_machine_number 000000018002c760 f   sfc_debug:sfc_api.obj
 0001:0002b790       sfc_api_get_current_chart_number 000000018002c790 f   sfc_debug:sfc_api.obj
 0001:0002b7c0       sfc_api_get_current_instance_number 000000018002c7c0 f   sfc_debug:sfc_api.obj
 0001:0002b7f0       sfc_api_get_current_instance_handle 000000018002c7f0 f   sfc_debug:sfc_api.obj
 0001:0002b810       sfc_api_get_current_is_minor_time_step 000000018002c810 f   sfc_debug:sfc_api.obj
 0001:0002b840       sfc_api_get_current_machine_name 000000018002c840 f   sfc_debug:sfc_api.obj
 0001:0002b860       sfc_api_get_current_chart_id 000000018002c860 f   sfc_debug:sfc_api.obj
 0001:0002b890       sfc_api_get_current_object_type 000000018002c890 f   sfc_debug:sfc_api.obj
 0001:0002b8c0       sfc_api_get_current_event_type 000000018002c8c0 f   sfc_debug:sfc_api.obj
 0001:0002b8f0       sfc_api_get_current_object_id 000000018002c8f0 f   sfc_debug:sfc_api.obj
 0001:0002b920       sfc_get_current_active_event_type 000000018002c920 f   sfc_debug:sfc_api.obj
 0001:0002b950       sfc_api_get_current_active_event_id 000000018002c950 f   sfc_debug:sfc_api.obj
 0001:0002b980       sfc_api_get_current_simulation_time 000000018002c980 f   sfc_debug:sfc_api.obj
 0001:0002b9a0       sfc_get_current_tag_type   000000018002c9a0 f   sfc_debug:sfc_api.obj
 0001:0002b9d0       sfc_get_current_coverage_percentage 000000018002c9d0 f   sfc_debug:sfc_api.obj
 0001:0002b9f0       sfc_get_current_statement_context 000000018002c9f0 f   sfc_debug:sfc_api.obj
 0001:0002ba10       sfc_get_current_optional_integer 000000018002ca10 f   sfc_debug:sfc_api.obj
 0001:0002ba40       sfc_get_current_statement_info 000000018002ca40 f   sfc_debug:sfc_api.obj
 0001:0002bae0       sfc_api_get                000000018002cae0 f   sfc_debug:sfc_api.obj
 0001:0002bc40       sf_debug_sm_is_using_unified_editors 000000018002cc40 f   sfc_debug:sfdb_animation.obj
 0001:0002bce0       sf_debug_sm_is_chart_visible_in_unified_editors 000000018002cce0 f   sfc_debug:sfdb_animation.obj
 0001:0002bda0       sf_debug_sm_check_if_chart_is_visible 000000018002cda0 f   sfc_debug:sfdb_animation.obj
 0001:0002c8a0       sf_debug_sm_fill_state_activity_data 000000018002d8a0 f   sfc_debug:sfdb_animation.obj
 0001:0002ee90       sf_debug_hm_get_simulink_handle 000000018002fe90 f   sfc_debug:sfdb_handle_management.obj
 0001:0002f9e0       sf_debug_hm_initialize_globals 00000001800309e0 f   sfc_debug:sfdb_handle_management.obj
 0001:0002fae0       sf_debug_hm_get_machine_debug_flag 0000000180030ae0 f   sfc_debug:sfdb_handle_management.obj
 0001:0002fc50       sf_debug_hm_get_machine_id 0000000180030c50 f   sfc_debug:sfdb_handle_management.obj
 0001:0002fd70       sf_debug_hm_get_chart_id   0000000180030d70 f   sfc_debug:sfdb_handle_management.obj
 0001:0002ff10       sf_debug_hm_register_executing_SFunction 0000000180030f10 f   sfc_debug:sfdb_handle_management.obj
 0001:000300b0       sf_debug_hm_get_chart_active_instance 00000001800310b0 f   sfc_debug:sfdb_handle_management.obj
 0001:00030220       sf_debug_hm_get_chart_visibility 0000000180031220 f   sfc_debug:sfdb_handle_management.obj
 0001:00030370       sf_debug_hm_form_object_boolean_properties 0000000180031370 f   sfc_debug:sfdb_handle_management.obj
 0001:00030640       sf_debug_hm_form_object_properties 0000000180031640 f   sfc_debug:sfdb_handle_management.obj
 0001:00030880       sf_debug_hm_terminate_charts 0000000180031880 f   sfc_debug:sfdb_handle_management.obj
 0001:00030ff0       sf_debug_hm_terminate_machines 0000000180031ff0 f   sfc_debug:sfdb_handle_management.obj
 0001:00032910       void_ptr_stack_vector_free_total 0000000180033910 f   sfc_debug:sfdb_data_browse.obj
 0001:000329a0       sf_debug_st_terminate_machine 00000001800339a0 f   sfc_debug:sfdb_data_browse.obj
 0001:000329e0       sf_debug_st_terminate_instance 00000001800339e0 f   sfc_debug:sfdb_data_browse.obj
 0001:00032d90       push_on_to_void_ptr_stack  0000000180033d90 f   sfc_debug:sfdb_data_browse.obj
 0001:00032f20       pop_from_void_ptr_stack    0000000180033f20 f   sfc_debug:sfdb_data_browse.obj
 0001:00033050       sf_debug_st_get_data_value 0000000180034050 f   sfc_debug:sfdb_data_browse.obj
 0001:000335e0       mx_value                   00000001800345e0 f   sfc_debug:sfdb_data_browse.obj
 0001:00033620       sf_debug_st_fill_data_struct 0000000180034620 f   sfc_debug:sfdb_data_browse.obj
 0001:00033960       data_type_format_strings   0000000180034960 f   sfc_debug:sfdb_data_browse.obj
 0001:00033a10       sf_debug_st_fill_data      0000000180034a10 f   sfc_debug:sfdb_data_browse.obj
 0001:00034c50       sf_debug_ss_copy_dimension 0000000180035c50 f   sfc_debug:sfdb_symbol_scope.obj
 0001:00034d10       sf_debug_ss_get_number_elements 0000000180035d10 f   sfc_debug:sfdb_symbol_scope.obj
 0001:00034d30       sf_debug_ss_fill_data_struct 0000000180035d30 f   sfc_debug:sfdb_symbol_scope.obj
 0001:00035080       sf_debug_ss_reset_data_info 0000000180036080 f   sfc_debug:sfdb_symbol_scope.obj
 0001:000350e0       sf_debug_fill_data_info_by_symbol_scope_entry 00000001800360e0 f   sfc_debug:sfdb_symbol_scope.obj
 0001:000351a0       sf_debug_fill_data_info_by_data_vector 00000001800361a0 f   sfc_debug:sfdb_symbol_scope.obj
 0001:000353f0       sf_debug_ss_get_data_info  00000001800363f0 f   sfc_debug:sfdb_symbol_scope.obj
 0001:000356e0       sf_debug_select_mex_function 00000001800366e0 f   sfc_debug:sfdb_symbol_scope.obj
 0001:00035710       sf_debug_is_dyn_matrix_initialized 0000000180036710 f   sfc_debug:sfdb_symbol_scope.obj
 0001:00035730       sf_debug_ss_set_data_value_try 0000000180036730 f   sfc_debug:sfdb_symbol_scope.obj
 0001:00035900       sf_debug_ss_get_data_value 0000000180036900 f   sfc_debug:sfdb_symbol_scope.obj
 0001:00035e50       sf_debug_ss_data_bytes_string 0000000180036e50 f   sfc_debug:sfdb_symbol_scope.obj
 0001:00035f00       sf_debug_ss_data_class_string 0000000180036f00 f   sfc_debug:sfdb_symbol_scope.obj
 0001:00036290       sf_debug_ss_data_size_string 0000000180037290 f   sfc_debug:sfdb_symbol_scope.obj
 0001:00036370       sf_debug_ss_data_create_data_info_struct 0000000180037370 f   sfc_debug:sfdb_symbol_scope.obj
 0001:00036640       sf_debug_ss_data_create_name_value_pair 0000000180037640 f   sfc_debug:sfdb_symbol_scope.obj
 0001:000366e0       sf_debug_ss_data_get_whos_info 00000001800376e0 f   sfc_debug:sfdb_symbol_scope.obj
 0001:000366f0       same_named_data_in_data_array 00000001800376f0 f   sfc_debug:sfdb_symbol_scope.obj
 0001:00037f60       sf_debug_cc_terminate_chart 0000000180038f60 f   sfc_debug:sfdb_coverage.obj
 0001:00038300       sf_debug_cc_terminate_instance 0000000180039300 f   sfc_debug:sfdb_coverage.obj
 0001:00038ef0       sf_debug_cc_mark_object_if_needed 0000000180039ef0 f   sfc_debug:sfdb_coverage.obj
 0001:000397f0       sf_debug_bm_initialize_eml 000000018003a7f0 f   sfc_debug:sfdb_breakpoints.obj
 0001:0003a960       sf_debug_bm_map_debug_tag_to_breakpoint_tag 000000018003b960 f   sfc_debug:sfdb_breakpoints.obj
 0001:0003aa40       sf_debug_bm_is_a_eml_breakpoint_impl 000000018003ba40 f   sfc_debug:sfdb_breakpoints.obj
 0001:0003c4c0       sf_debug_sc_push_on_error_stack 000000018003d4c0 f   sfc_debug:sfdb_state_consistency.obj
 0001:0003c5f0       sf_debug_sc_reset_error_stack 000000018003d5f0 f   sfc_debug:sfdb_state_consistency.obj
 0001:0003c780       sf_debug_sc_is_state_inconsistent 000000018003d780 f   sfc_debug:sfdb_state_consistency.obj
 0001:0003ca80       sf_debug_sc_fill_consistency_info 000000018003da80 f   sfc_debug:sfdb_state_consistency.obj
 0001:0003d060       void_assertion_fcn         000000018003e060 f   sfc_debug:sfdb_call_stack.obj
 0001:0003d5e0       sf_debug_tm_fill_local_trace 000000018003e5e0 f   sfc_debug:sfdb_call_stack.obj
 0001:0003dbb0       sf_debug_cd_terminate_instance 000000018003ebb0 f   sfc_debug:sfdb_cycle_detection.obj
 0001:0003dc10       sf_debug_cd_free_checksum_stack 000000018003ec10 f   sfc_debug:sfdb_cycle_detection.obj
 0001:0003dc60       sf_debug_cd_reset_pack_strings 000000018003ec60 f   sfc_debug:sfdb_cycle_detection.obj
 0001:0003e320       md5file_clear              000000018003f320 f   sfc_debug:ckmd5.obj
 0001:0003e350       Encode                     000000018003f350 f   sfc_debug:ckmd5.obj
 0001:0003e3a0       Decode                     000000018003f3a0 f   sfc_debug:ckmd5.obj
 0001:0003e440       MD5Transform               000000018003f440 f   sfc_debug:ckmd5.obj
 0001:0003ec90       md5file_addn               000000018003fc90 f   sfc_debug:ckmd5.obj
 0001:0003ed60       md5file_hash               000000018003fd60 f   sfc_debug:ckmd5.obj
 0001:0003f218       pre_c_init                 0000000180040218 f   MSVCRT:crtdll.obj
 0001:0003f4d4       __DllMainCRTStartup        00000001800404d4 f   MSVCRT:crtdll.obj
 0001:0003fbe0       __DllMainCRTStartup$filt$0 0000000180040be0 f   MSVCRT:crtdll.obj
 0001:0003fc10       __DllMainCRTStartup$fin$1  0000000180040c10 f   MSVCRT:crtdll.obj
 0001:0003fc2a       _onexit$fin$0              0000000180040c2a f   MSVCRT:atonexit.obj
 0001:0003fc50       _IsNonwritableInCurrentImage$filt$0 0000000180040c50 f   MSVCRT:pesect.obj
